
Discarded input sections

 .group         0x0000000000000000        0x8 controls.c.o
 .group         0x0000000000000000        0x8 controls.c.o
 .group         0x0000000000000000        0x8 controls.c.o
 .group         0x0000000000000000        0x8 controls.c.o
 .group         0x0000000000000000        0x8 controls.c.o
 .group         0x0000000000000000        0x8 controls.c.o
 .group         0x0000000000000000        0x8 controls.c.o
 .group         0x0000000000000000        0x8 controls.c.o
 .group         0x0000000000000000        0x8 controls.c.o
 .group         0x0000000000000000        0x8 controls.c.o
 .group         0x0000000000000000        0x8 controls.c.o
 .group         0x0000000000000000        0x8 controls.c.o
 .group         0x0000000000000000        0x8 controls.c.o
 .group         0x0000000000000000        0x8 controls.c.o
 .group         0x0000000000000000        0x8 controls.c.o
 .group         0x0000000000000000        0x8 controls.c.o
 .group         0x0000000000000000        0x8 controls.c.o
 .group         0x0000000000000000        0x8 controls.c.o
 .group         0x0000000000000000        0x8 controls.c.o
 .group         0x0000000000000000        0x8 controls.c.o
 .group         0x0000000000000000        0x8 controls.c.o
 .group         0x0000000000000000        0x8 controls.c.o
 .group         0x0000000000000000        0x8 controls.c.o
 .group         0x0000000000000000        0x8 controls.c.o
 .group         0x0000000000000000        0x8 controls.c.o
 .group         0x0000000000000000        0x8 controls.c.o
 .group         0x0000000000000000        0x8 controls.c.o
 .group         0x0000000000000000        0x8 controls.c.o
 .group         0x0000000000000000        0x8 controls.c.o
 .group         0x0000000000000000        0x8 controls.c.o
 .group         0x0000000000000000        0x8 controls.c.o
 .group         0x0000000000000000        0x8 controls.c.o
 .group         0x0000000000000000        0x8 controls.c.o
 .group         0x0000000000000000        0x8 controls.c.o
 .group         0x0000000000000000        0x8 controls.c.o
 .group         0x0000000000000000        0x8 controls.c.o
 .group         0x0000000000000000        0x8 controls.c.o
 .group         0x0000000000000000        0x8 controls.c.o
 .group         0x0000000000000000        0x8 controls.c.o
 .group         0x0000000000000000        0x8 controls.c.o
 .group         0x0000000000000000        0x8 controls.c.o
 .group         0x0000000000000000        0x8 controls.c.o
 .group         0x0000000000000000        0x8 controls.c.o
 .group         0x0000000000000000        0x8 controls.c.o
 .group         0x0000000000000000        0x8 controls.c.o
 .group         0x0000000000000000        0x8 controls.c.o
 .group         0x0000000000000000        0x8 controls.c.o
 .group         0x0000000000000000        0x8 controls.c.o
 .group         0x0000000000000000        0x8 controls.c.o
 .group         0x0000000000000000        0x8 controls.c.o
 .group         0x0000000000000000        0x8 controls.c.o
 .group         0x0000000000000000        0x8 controls.c.o
 .group         0x0000000000000000        0x8 controls.c.o
 .group         0x0000000000000000        0x8 controls.c.o
 .group         0x0000000000000000        0x8 controls.c.o
 .group         0x0000000000000000        0x8 controls.c.o
 .group         0x0000000000000000        0x8 controls.c.o
 .group         0x0000000000000000        0x8 controls.c.o
 .group         0x0000000000000000        0x8 controls.c.o
 .group         0x0000000000000000        0x8 controls.c.o
 .group         0x0000000000000000        0x8 controls.c.o
 .group         0x0000000000000000        0x8 controls.c.o
 .group         0x0000000000000000        0x8 controls.c.o
 .group         0x0000000000000000        0x8 controls.c.o
 .group         0x0000000000000000        0x8 controls.c.o
 .group         0x0000000000000000        0x8 controls.c.o
 .group         0x0000000000000000        0x8 controls.c.o
 .group         0x0000000000000000        0x8 controls.c.o
 .group         0x0000000000000000        0x8 controls.c.o
 .group         0x0000000000000000        0x8 controls.c.o
 .group         0x0000000000000000        0x8 controls.c.o
 .group         0x0000000000000000        0x8 controls.c.o
 .group         0x0000000000000000        0x8 controls.c.o
 .group         0x0000000000000000        0x8 controls.c.o
 .group         0x0000000000000000        0x8 controls.c.o
 .group         0x0000000000000000        0x8 controls.c.o
 .group         0x0000000000000000        0x8 controls.c.o
 .group         0x0000000000000000        0x8 controls.c.o
 .group         0x0000000000000000        0x8 controls.c.o
 .group         0x0000000000000000        0x8 controls.c.o
 .group         0x0000000000000000        0x8 controls.c.o
 .group         0x0000000000000000        0x8 controls.c.o
 .group         0x0000000000000000        0x8 controls.c.o
 .group         0x0000000000000000        0x8 controls.c.o
[...]
Memory Configuration

Name             Origin             Length             Attributes
*default*        0x0000000000000000 0xffffffffffffffff

Linker script and memory map

LOAD adc.c.o
LOAD controls.c.o
LOAD dsm.c.o
LOAD px4io.c.o
LOAD registers.c.o
LOAD safety.c.o
LOAD sbus.c.o
LOAD ../systemlib/up_cxxinitialize.c.o
LOAD ../systemlib/perf_counter.c.o
LOAD mixer.cpp.o
LOAD ../systemlib/mixer/mixer.cpp.o
LOAD ../systemlib/mixer/mixer_group.cpp.o
LOAD ../systemlib/mixer/mixer_multirotor.cpp.o
LOAD ../systemlib/mixer/mixer_simple.cpp.o
LOAD ../systemlib/pwm_limit/pwm_limit.c.o
LOAD ../../lib/rc/st24.c.o
LOAD ../../lib/rc/sumd.c.o
LOAD serial.c.o
LOAD ../systemlib/hx_stream.c.o

.interp
 *(.interp)

.note.gnu.build-id
 *(.note.gnu.build-id)

.hash
 *(.hash)

.gnu.hash
 *(.gnu.hash)

.dynsym
 *(.dynsym)

.dynstr
 *(.dynstr)

.gnu.version
 *(.gnu.version)

.gnu.version_d
 *(.gnu.version_d)

.gnu.version_r
 *(.gnu.version_r)

.rel.init
 *(.rel.init)

.rela.init
 *(.rela.init)

.rel.text
 *(.rel.text)

.rela.text
 *(.rela.text)

.rel.fini
 *(.rel.fini)

.rela.fini
 *(.rela.fini)

.rel.rodata
 *(.rel.rodata)

.rela.rodata
 *(.rela.rodata)

.rel.data.rel.ro
 *(.rel.data.rel.ro)

.rela.data.rel.ro
 *(.rela.data.rel.ro)

.rel.data
 *(.rel.data)

.rela.data
 *(.rela.data)

.rel.tdata
 *(.rel.tdata)

.rela.tdata
 *(.rela.tdata)

.rel.tbss
 *(.rel.tbss)

.rela.tbss
 *(.rela.tbss)

.rel.ctors
 *(.rel.ctors)

.rela.ctors
 *(.rela.ctors)

.rel.dtors
 *(.rel.dtors)

.rela.dtors
 *(.rela.dtors)

.rel.got
 *(.rel.got)

.rela.got
 *(.rela.got)

.rel.bss
 *(.rel.bss)

.rela.bss
 *(.rela.bss)

.rel.iplt
 *(.rel.iplt)

.rela.iplt
 *(.rela.iplt)

.rel.plt
 *(.rel.plt)

.rela.plt
 *(.rela.plt)

.init
 *(SORT(.init))

.plt
 *(.plt)

.iplt
 *(.iplt)

.text           0x0000000000000000        0x0
 *(.text .stub)
 .text          0x0000000000000000        0x0 adc.c.o
 .text          0x0000000000000000        0x0 controls.c.o
 .text          0x0000000000000000        0x0 dsm.c.o
 .text          0x0000000000000000        0x0 px4io.c.o
 .text          0x0000000000000000        0x0 registers.c.o
 .text          0x0000000000000000        0x0 safety.c.o
 .text          0x0000000000000000        0x0 sbus.c.o
 .text          0x0000000000000000        0x0 ../systemlib/up_cxxinitialize.c.o
 .text          0x0000000000000000        0x0 ../systemlib/perf_counter.c.o
 .text          0x0000000000000000        0x0 mixer.cpp.o
 .text          0x0000000000000000        0x0 ../systemlib/mixer/mixer.cpp.o
 .text          0x0000000000000000        0x0 ../systemlib/mixer/mixer_group.cpp.o
 .text          0x0000000000000000        0x0 ../systemlib/mixer/mixer_multirotor.cpp.o
 .text          0x0000000000000000        0x0 ../systemlib/mixer/mixer_simple.cpp.o
 .text          0x0000000000000000        0x0 ../systemlib/pwm_limit/pwm_limit.c.o
 .text          0x0000000000000000        0x0 ../../lib/rc/st24.c.o
 .text          0x0000000000000000        0x0 ../../lib/rc/sumd.c.o
 .text          0x0000000000000000        0x0 serial.c.o
 .text          0x0000000000000000        0x0 ../systemlib/hx_stream.c.o
 *(.gnu.warning)

.text.adc_init  0x0000000000000000       0xa4
 .text.adc_init
                0x0000000000000000       0xa4 adc.c.o
                0x0000000000000000                adc_init

.text.adc_measure
                0x0000000000000000       0x80
 .text.adc_measure
                0x0000000000000000       0x80 adc.c.o
                0x0000000000000000                adc_measure

.text.controls_init
                0x0000000000000000       0xa8
 .text.controls_init
                0x0000000000000000       0xa8 controls.c.o
                0x0000000000000000                controls_init

.text.controls_tick
                0x0000000000000000      0x6ec
 .text.controls_tick
                0x0000000000000000      0x6ec controls.c.o
                0x0000000000000000                controls_tick

.text.dsm_guess_format
                0x0000000000000000      0x1ec
 .text.dsm_guess_format
                0x0000000000000000      0x1ec dsm.c.o

.text.dsm_init  0x0000000000000000       0x78
 .text.dsm_init
                0x0000000000000000       0x78 dsm.c.o
                0x0000000000000000                dsm_init

.text.dsm_bind  0x0000000000000000       0x8c
 .text.dsm_bind
                0x0000000000000000       0x8c dsm.c.o
                0x0000000000000000                dsm_bind

.text.dsm_input
                0x0000000000000000      0x1ec
 .text.dsm_input
                0x0000000000000000      0x1ec dsm.c.o
                0x0000000000000000                dsm_input

.text.isr_debug.constprop.0
                0x0000000000000000       0x64
 .text.isr_debug.constprop.0
                0x0000000000000000       0x64 px4io.c.o

.text.isr_debug
                0x0000000000000000       0x64
 .text.isr_debug
                0x0000000000000000       0x64 px4io.c.o
                0x0000000000000000                isr_debug

.text.schedule_reboot
                0x0000000000000000       0x1c
 .text.schedule_reboot
                0x0000000000000000       0x1c px4io.c.o
                0x0000000000000000                schedule_reboot

.text.user_start
                0x0000000000000000      0x3cc
 .text.user_start
                0x0000000000000000      0x3cc px4io.c.o
                0x0000000000000000                user_start

.text.pwm_configure_rates
                0x0000000000000000       0xa4
 .text.pwm_configure_rates
                0x0000000000000000       0xa4 registers.c.o

.text.registers_set
                0x0000000000000000      0xa7c
 .text.registers_set
                0x0000000000000000      0xa7c registers.c.o
                0x0000000000000000                registers_set

.text.registers_get
                0x0000000000000000      0x288
 .text.registers_get
                0x0000000000000000      0x288 registers.c.o
                0x0000000000000000                registers_get

.text.safety_check_button
                0x0000000000000000       0xe8
 .text.safety_check_button
                0x0000000000000000       0xe8 safety.c.o

.text.failsafe_blink
                0x0000000000000000       0x4c
 .text.failsafe_blink
                0x0000000000000000       0x4c safety.c.o

.text.safety_init
                0x0000000000000000       0x34
 .text.safety_init
                0x0000000000000000       0x34 safety.c.o
                0x0000000000000000                safety_init

.text.failsafe_led_init
                0x0000000000000000       0x34
 .text.failsafe_led_init
                0x0000000000000000       0x34 safety.c.o
                0x0000000000000000                failsafe_led_init

.text.sbus_init
                0x0000000000000000       0x84
 .text.sbus_init
                0x0000000000000000       0x84 sbus.c.o
                0x0000000000000000                sbus_init

.text.sbus1_output
                0x0000000000000000      0x150
 .text.sbus1_output
                0x0000000000000000      0x150 sbus.c.o
                0x0000000000000000                sbus1_output

.text.sbus2_output
                0x0000000000000000       0x24
 .text.sbus2_output
                0x0000000000000000       0x24 sbus.c.o
                0x0000000000000000                sbus2_output

.text.sbus_input
                0x0000000000000000      0x1d0
 .text.sbus_input
                0x0000000000000000      0x1d0 sbus.c.o
                0x0000000000000000                sbus_input

.text.up_cxxinitialize
                0x0000000000000000       0x38
 .text.up_cxxinitialize
                0x0000000000000000       0x38 ../systemlib/up_cxxinitialize.c.o
                0x0000000000000000                up_cxxinitialize

.text.perf_alloc
                0x0000000000000000       0x50
 .text.perf_alloc
                0x0000000000000000       0x50 ../systemlib/perf_counter.c.o
                0x0000000000000000                perf_alloc

.text.perf_alloc_once
                0x0000000000000000       0x74
 .text.perf_alloc_once
                0x0000000000000000       0x74 ../systemlib/perf_counter.c.o
                0x0000000000000000                perf_alloc_once

.text.perf_free
                0x0000000000000000       0x1c
 .text.perf_free
                0x0000000000000000       0x1c ../systemlib/perf_counter.c.o
                0x0000000000000000                perf_free

.text.perf_count
                0x0000000000000000      0x100
 .text.perf_count
                0x0000000000000000      0x100 ../systemlib/perf_counter.c.o
                0x0000000000000000                perf_count

.text.perf_begin
                0x0000000000000000       0x18
 .text.perf_begin
                0x0000000000000000       0x18 ../systemlib/perf_counter.c.o
                0x0000000000000000                perf_begin

.text.perf_end  0x0000000000000000       0xec
 .text.perf_end
                0x0000000000000000       0xec ../systemlib/perf_counter.c.o
                0x0000000000000000                perf_end

.text.perf_set  0x0000000000000000       0xd4
 .text.perf_set
                0x0000000000000000       0xd4 ../systemlib/perf_counter.c.o
                0x0000000000000000                perf_set

.text.perf_cancel
                0x0000000000000000       0x14
 .text.perf_cancel
                0x0000000000000000       0x14 ../systemlib/perf_counter.c.o
                0x0000000000000000                perf_cancel

.text.perf_reset
                0x0000000000000000       0x54
 .text.perf_reset
                0x0000000000000000       0x54 ../systemlib/perf_counter.c.o
                0x0000000000000000                perf_reset

.text.perf_print_counter
                0x0000000000000000      0x138
 .text.perf_print_counter
                0x0000000000000000      0x138 ../systemlib/perf_counter.c.o
                0x0000000000000000                perf_print_counter

.text.perf_print_counter_fd
                0x0000000000000000      0x124
 .text.perf_print_counter_fd
                0x0000000000000000      0x124 ../systemlib/perf_counter.c.o
                0x0000000000000000                perf_print_counter_fd

.text.perf_event_count
                0x0000000000000000       0x20
 .text.perf_event_count
                0x0000000000000000       0x20 ../systemlib/perf_counter.c.o
                0x0000000000000000                perf_event_count

.text.perf_print_all
                0x0000000000000000      0x130
 .text.perf_print_all
                0x0000000000000000      0x130 ../systemlib/perf_counter.c.o
                0x0000000000000000                perf_print_all

.text.perf_print_latency
                0x0000000000000000       0x68
 .text.perf_print_latency
                0x0000000000000000       0x68 ../systemlib/perf_counter.c.o
                0x0000000000000000                perf_print_latency

.text.perf_reset_all
                0x0000000000000000       0x70
 .text.perf_reset_all
                0x0000000000000000       0x70 ../systemlib/perf_counter.c.o
                0x0000000000000000                perf_reset_all

.text._ZL14mixer_callbackjhhRf
                0x0000000000000000       0xa8
 .text._ZL14mixer_callbackjhhRf
                0x0000000000000000       0xa8 mixer.cpp.o

.text.startup._GLOBAL__sub_I_mixer_tick
                0x0000000000000000       0x2c
 .text.startup._GLOBAL__sub_I_mixer_tick
                0x0000000000000000       0x2c mixer.cpp.o

.text.mixer_tick
                0x0000000000000000      0x4c0
 .text.mixer_tick
                0x0000000000000000      0x4c0 mixer.cpp.o
                0x0000000000000000                mixer_tick

.text.mixer_handle_text
                0x0000000000000000      0x250
 .text.mixer_handle_text
                0x0000000000000000      0x250 mixer.cpp.o
                0x0000000000000000                mixer_handle_text

.text._ZN5MixerD2Ev
                0x0000000000000000        0xc
 .text._ZN5MixerD2Ev
                0x0000000000000000        0xc ../systemlib/mixer/mixer.cpp.o
                0x0000000000000000                Mixer::~Mixer()
                0x0000000000000000                Mixer::~Mixer()

.text._ZN9NullMixerD2Ev
                0x0000000000000000        0xc
 .text._ZN9NullMixerD2Ev
                0x0000000000000000        0xc ../systemlib/mixer/mixer.cpp.o
                0x0000000000000000                NullMixer::~NullMixer()
                0x0000000000000000                NullMixer::~NullMixer()

.text._ZN9NullMixer3mixEPfjPt
                0x0000000000000000       0x10
 .text._ZN9NullMixer3mixEPfjPt
                0x0000000000000000       0x10 ../systemlib/mixer/mixer.cpp.o
                0x0000000000000000                NullMixer::mix(float*, unsigned int, unsigned short*)

.text._ZN9NullMixer15groups_requiredERj
                0x0000000000000000        0x4
 .text._ZN9NullMixer15groups_requiredERj
                0x0000000000000000        0x4 ../systemlib/mixer/mixer.cpp.o
                0x0000000000000000                NullMixer::groups_required(unsigned int&)

.text._ZN5MixerD0Ev
                0x0000000000000000       0x14
 .text._ZN5MixerD0Ev
                0x0000000000000000       0x14 ../systemlib/mixer/mixer.cpp.o
                0x0000000000000000                Mixer::~Mixer()

.text._ZN9NullMixerD0Ev
                0x0000000000000000       0x14
 .text._ZN9NullMixerD0Ev
                0x0000000000000000       0x14 ../systemlib/mixer/mixer.cpp.o
                0x0000000000000000                NullMixer::~NullMixer()

.text._ZN5MixerC2EPFijhhRfEj
                0x0000000000000000       0x18
 .text._ZN5MixerC2EPFijhhRfEj
                0x0000000000000000       0x18 ../systemlib/mixer/mixer.cpp.o
                0x0000000000000000                Mixer::Mixer(int (*)(unsigned int, unsigned char, unsigned char, float&), unsigned int)
                0x0000000000000000                Mixer::Mixer(int (*)(unsigned int, unsigned char, unsigned char, float&), unsigned int)

.text._ZN5Mixer11get_controlEhh
                0x0000000000000000       0x14
 .text._ZN5Mixer11get_controlEhh
                0x0000000000000000       0x14 ../systemlib/mixer/mixer.cpp.o
                0x0000000000000000                Mixer::get_control(unsigned char, unsigned char)

.text._ZN5Mixer5scaleERK14mixer_scaler_sf
                0x0000000000000000       0x54
 .text._ZN5Mixer5scaleERK14mixer_scaler_sf
                0x0000000000000000       0x54 ../systemlib/mixer/mixer.cpp.o
                0x0000000000000000                Mixer::scale(mixer_scaler_s const&, float)

.text._ZN5Mixer11scale_checkER14mixer_scaler_s
                0x0000000000000000       0x5c
 .text._ZN5Mixer11scale_checkER14mixer_scaler_s
                0x0000000000000000       0x5c ../systemlib/mixer/mixer.cpp.o
                0x0000000000000000                Mixer::scale_check(mixer_scaler_s&)

.text._ZN5Mixer7findtagEPKcRjc
                0x0000000000000000       0x34
 .text._ZN5Mixer7findtagEPKcRjc
                0x0000000000000000       0x34 ../systemlib/mixer/mixer.cpp.o
                0x0000000000000000                Mixer::findtag(char const*, unsigned int&, char)

.text._ZN5Mixer8skiplineEPKcRj
                0x0000000000000000       0x30
 .text._ZN5Mixer8skiplineEPKcRj
                0x0000000000000000       0x30 ../systemlib/mixer/mixer.cpp.o
                0x0000000000000000                Mixer::skipline(char const*, unsigned int&)

.text._ZN9NullMixerC2Ev
                0x0000000000000000       0x14
 .text._ZN9NullMixerC2Ev
                0x0000000000000000       0x14 ../systemlib/mixer/mixer.cpp.o
                0x0000000000000000                NullMixer::NullMixer()
                0x0000000000000000                NullMixer::NullMixer()

.text._ZN9NullMixer9from_textEPKcRj
                0x0000000000000000       0x5c
 .text._ZN9NullMixer9from_textEPKcRj
                0x0000000000000000       0x5c ../systemlib/mixer/mixer.cpp.o
                0x0000000000000000                NullMixer::from_text(char const*, unsigned int&)

.text._ZN10MixerGroupD2Ev
                0x0000000000000000       0x30
 .text._ZN10MixerGroupD2Ev
                0x0000000000000000       0x30 ../systemlib/mixer/mixer_group.cpp.o
                0x0000000000000000                MixerGroup::~MixerGroup()
                0x0000000000000000                MixerGroup::~MixerGroup()

.text._ZN10MixerGroup3mixEPfjPt
                0x0000000000000000       0x40
 .text._ZN10MixerGroup3mixEPfjPt
                0x0000000000000000       0x40 ../systemlib/mixer/mixer_group.cpp.o
                0x0000000000000000                MixerGroup::mix(float*, unsigned int, unsigned short*)

.text._ZN10MixerGroup15groups_requiredERj
                0x0000000000000000       0x1c
 .text._ZN10MixerGroup15groups_requiredERj
                0x0000000000000000       0x1c ../systemlib/mixer/mixer_group.cpp.o
                0x0000000000000000                MixerGroup::groups_required(unsigned int&)

.text._ZN10MixerGroupD0Ev
                0x0000000000000000       0x34
 .text._ZN10MixerGroupD0Ev
                0x0000000000000000       0x34 ../systemlib/mixer/mixer_group.cpp.o
                0x0000000000000000                MixerGroup::~MixerGroup()

.text._ZN10MixerGroupC2EPFijhhRfEj
                0x0000000000000000       0x18
 .text._ZN10MixerGroupC2EPFijhhRfEj
                0x0000000000000000       0x18 ../systemlib/mixer/mixer_group.cpp.o
                0x0000000000000000                MixerGroup::MixerGroup(int (*)(unsigned int, unsigned char, unsigned char, float&), unsigned int)
                0x0000000000000000                MixerGroup::MixerGroup(int (*)(unsigned int, unsigned char, unsigned char, float&), unsigned int)

.text._ZN10MixerGroup9add_mixerEP5Mixer
                0x0000000000000000       0x20
 .text._ZN10MixerGroup9add_mixerEP5Mixer
                0x0000000000000000       0x20 ../systemlib/mixer/mixer_group.cpp.o
                0x0000000000000000                MixerGroup::add_mixer(Mixer*)

.text._ZN10MixerGroup5resetEv
                0x0000000000000000       0x1c
 .text._ZN10MixerGroup5resetEv
                0x0000000000000000       0x1c ../systemlib/mixer/mixer_group.cpp.o
                0x0000000000000000                MixerGroup::reset()

.text._ZN10MixerGroup5countEv
                0x0000000000000000       0x14
 .text._ZN10MixerGroup5countEv
                0x0000000000000000       0x14 ../systemlib/mixer/mixer_group.cpp.o
                0x0000000000000000                MixerGroup::count()

.text._ZN10MixerGroup13load_from_bufEPKcRj
                0x0000000000000000       0x8c
 .text._ZN10MixerGroup13load_from_bufEPKcRj
                0x0000000000000000       0x8c ../systemlib/mixer/mixer_group.cpp.o
                0x0000000000000000                MixerGroup::load_from_buf(char const*, unsigned int&)

.text._ZN15MultirotorMixerD2Ev
                0x0000000000000000        0xc
 .text._ZN15MultirotorMixerD2Ev
                0x0000000000000000        0xc ../systemlib/mixer/mixer_multirotor.cpp.o
                0x0000000000000000                MultirotorMixer::~MultirotorMixer()
                0x0000000000000000                MultirotorMixer::~MultirotorMixer()

.text._ZN15MultirotorMixer15groups_requiredERj
                0x0000000000000000        0xc
 .text._ZN15MultirotorMixer15groups_requiredERj
                0x0000000000000000        0xc ../systemlib/mixer/mixer_multirotor.cpp.o
                0x0000000000000000                MultirotorMixer::groups_required(unsigned int&)

.text._ZN15MultirotorMixerD0Ev
                0x0000000000000000       0x14
 .text._ZN15MultirotorMixerD0Ev
                0x0000000000000000       0x14 ../systemlib/mixer/mixer_multirotor.cpp.o
                0x0000000000000000                MultirotorMixer::~MultirotorMixer()

.text._ZN15MultirotorMixer3mixEPfjPt
                0x0000000000000000      0x744
 .text._ZN15MultirotorMixer3mixEPfjPt
                0x0000000000000000      0x744 ../systemlib/mixer/mixer_multirotor.cpp.o
                0x0000000000000000                MultirotorMixer::mix(float*, unsigned int, unsigned short*)

.text._ZN15MultirotorMixerC2EPFijhhRfEj18MultirotorGeometryffff
                0x0000000000000000       0x5c
 .text._ZN15MultirotorMixerC2EPFijhhRfEj18MultirotorGeometryffff
                0x0000000000000000       0x5c ../systemlib/mixer/mixer_multirotor.cpp.o
                0x0000000000000000                MultirotorMixer::MultirotorMixer(int (*)(unsigned int, unsigned char, unsigned char, float&), unsigned int, MultirotorGeometry, float, float, float, float)
                0x0000000000000000                MultirotorMixer::MultirotorMixer(int (*)(unsigned int, unsigned char, unsigned char, float&), unsigned int, MultirotorGeometry, float, float, float, float)

.text._ZN15MultirotorMixer9from_textEPFijhhRfEjPKcRj
                0x0000000000000000      0x208
 .text._ZN15MultirotorMixer9from_textEPFijhhRfEjPKcRj
                0x0000000000000000      0x208 ../systemlib/mixer/mixer_multirotor.cpp.o
                0x0000000000000000                MultirotorMixer::from_text(int (*)(unsigned int, unsigned char, unsigned char, float&), unsigned int, char const*, unsigned int&)

.text._ZN11SimpleMixer15groups_requiredERj
                0x0000000000000000       0x2c
 .text._ZN11SimpleMixer15groups_requiredERj
                0x0000000000000000       0x2c ../systemlib/mixer/mixer_simple.cpp.o
                0x0000000000000000                SimpleMixer::groups_required(unsigned int&)

.text._ZN11SimpleMixerD2Ev
                0x0000000000000000       0x20
 .text._ZN11SimpleMixerD2Ev
                0x0000000000000000       0x20 ../systemlib/mixer/mixer_simple.cpp.o
                0x0000000000000000                SimpleMixer::~SimpleMixer()
                0x0000000000000000                SimpleMixer::~SimpleMixer()

.text._ZN11SimpleMixerD0Ev
                0x0000000000000000       0x28
 .text._ZN11SimpleMixerD0Ev
                0x0000000000000000       0x28 ../systemlib/mixer/mixer_simple.cpp.o
                0x0000000000000000                SimpleMixer::~SimpleMixer()

.text._ZN11SimpleMixer3mixEPfjPt
                0x0000000000000000       0x74
 .text._ZN11SimpleMixer3mixEPfjPt
                0x0000000000000000       0x74 ../systemlib/mixer/mixer_simple.cpp.o
                0x0000000000000000                SimpleMixer::mix(float*, unsigned int, unsigned short*)

.text._ZN11SimpleMixerC2EPFijhhRfEjP14mixer_simple_s
                0x0000000000000000       0x18
 .text._ZN11SimpleMixerC2EPFijhhRfEjP14mixer_simple_s
                0x0000000000000000       0x18 ../systemlib/mixer/mixer_simple.cpp.o
                0x0000000000000000                SimpleMixer::SimpleMixer(int (*)(unsigned int, unsigned char, unsigned char, float&), unsigned int, mixer_simple_s*)
                0x0000000000000000                SimpleMixer::SimpleMixer(int (*)(unsigned int, unsigned char, unsigned char, float&), unsigned int, mixer_simple_s*)

.text._ZN11SimpleMixer19parse_output_scalerEPKcRjR14mixer_scaler_s
                0x0000000000000000       0xa8
 .text._ZN11SimpleMixer19parse_output_scalerEPKcRjR14mixer_scaler_s
                0x0000000000000000       0xa8 ../systemlib/mixer/mixer_simple.cpp.o
                0x0000000000000000                SimpleMixer::parse_output_scaler(char const*, unsigned int&, mixer_scaler_s&)

.text._ZN11SimpleMixer20parse_control_scalerEPKcRjR14mixer_scaler_sRhS5_
                0x0000000000000000       0xc0
 .text._ZN11SimpleMixer20parse_control_scalerEPKcRjR14mixer_scaler_sRhS5_
                0x0000000000000000       0xc0 ../systemlib/mixer/mixer_simple.cpp.o
                0x0000000000000000                SimpleMixer::parse_control_scaler(char const*, unsigned int&, mixer_scaler_s&, unsigned char&, unsigned char&)

.text._ZN11SimpleMixer9from_textEPFijhhRfEjPKcRj
                0x0000000000000000      0x158
 .text._ZN11SimpleMixer9from_textEPFijhhRfEjPKcRj
                0x0000000000000000      0x158 ../systemlib/mixer/mixer_simple.cpp.o
                0x0000000000000000                SimpleMixer::from_text(int (*)(unsigned int, unsigned char, unsigned char, float&), unsigned int, char const*, unsigned int&)

.text._ZN11SimpleMixer9pwm_inputEPFijhhRfEjjttt
                0x0000000000000000       0xa0
 .text._ZN11SimpleMixer9pwm_inputEPFijhhRfEjjttt
                0x0000000000000000       0xa0 ../systemlib/mixer/mixer_simple.cpp.o
                0x0000000000000000                SimpleMixer::pwm_input(int (*)(unsigned int, unsigned char, unsigned char, float&), unsigned int, unsigned int, unsigned short, unsigned short, unsigned short)

.text._ZN11SimpleMixer5checkEv
                0x0000000000000000       0x78
 .text._ZN11SimpleMixer5checkEv
                0x0000000000000000       0x78 ../systemlib/mixer/mixer_simple.cpp.o
                0x0000000000000000                SimpleMixer::check()

.text.pwm_limit_init
                0x0000000000000000       0x10
 .text.pwm_limit_init
                0x0000000000000000       0x10 ../systemlib/pwm_limit/pwm_limit.c.o
                0x0000000000000000                pwm_limit_init

.text.pwm_limit_calc
                0x0000000000000000      0x2d8
 .text.pwm_limit_calc
                0x0000000000000000      0x2d8 ../systemlib/pwm_limit/pwm_limit.c.o
                0x0000000000000000                pwm_limit_calc

.text.st24_common_crc8
                0x0000000000000000      0x118
 .text.st24_common_crc8
                0x0000000000000000      0x118 ../../lib/rc/st24.c.o
                0x0000000000000000                st24_common_crc8

.text.st24_decode
                0x0000000000000000      0x330
 .text.st24_decode
                0x0000000000000000      0x330 ../../lib/rc/st24.c.o
                0x0000000000000000                st24_decode

.text.sumd_crc16
                0x0000000000000000       0x98
 .text.sumd_crc16
                0x0000000000000000       0x98 ../../lib/rc/sumd.c.o
                0x0000000000000000                sumd_crc16

.text.sumd_crc8
                0x0000000000000000        0x8
 .text.sumd_crc8
                0x0000000000000000        0x8 ../../lib/rc/sumd.c.o
                0x0000000000000000                sumd_crc8

.text.sumd_decode
                0x0000000000000000      0x6dc
 .text.sumd_decode
                0x0000000000000000      0x6dc ../../lib/rc/sumd.c.o
                0x0000000000000000                sumd_decode

.text.rx_dma_callback
                0x0000000000000000      0x1bc
 .text.rx_dma_callback
                0x0000000000000000      0x1bc serial.c.o

.text.serial_interrupt
                0x0000000000000000      0x184
 .text.serial_interrupt
                0x0000000000000000      0x184 serial.c.o

.text.interface_init
                0x0000000000000000      0x198
 .text.interface_init
                0x0000000000000000      0x198 serial.c.o
                0x0000000000000000                interface_init

.text.hx_stream_init
                0x0000000000000000       0x24
 .text.hx_stream_init
                0x0000000000000000       0x24 ../systemlib/hx_stream.c.o
                0x0000000000000000                hx_stream_init

.text.hx_stream_free
                0x0000000000000000       0x20
 .text.hx_stream_free
                0x0000000000000000       0x20 ../systemlib/hx_stream.c.o
                0x0000000000000000                hx_stream_free

.text.hx_stream_set_counters
                0x0000000000000000        0x8
 .text.hx_stream_set_counters
                0x0000000000000000        0x8 ../systemlib/hx_stream.c.o
                0x0000000000000000                hx_stream_set_counters

.text.hx_stream_reset
                0x0000000000000000       0x14
 .text.hx_stream_reset
                0x0000000000000000       0x14 ../systemlib/hx_stream.c.o
                0x0000000000000000                hx_stream_reset

.text.hx_stream_start
                0x0000000000000000       0x28
 .text.hx_stream_start
                0x0000000000000000       0x28 ../systemlib/hx_stream.c.o
                0x0000000000000000                hx_stream_start

.text.hx_stream_send_next
                0x0000000000000000       0x8c
 .text.hx_stream_send_next
                0x0000000000000000       0x8c ../systemlib/hx_stream.c.o
                0x0000000000000000                hx_stream_send_next

.text.hx_stream_send
                0x0000000000000000       0xd0
 .text.hx_stream_send
                0x0000000000000000       0xd0 ../systemlib/hx_stream.c.o
                0x0000000000000000                hx_stream_send

.text.hx_stream_rx
                0x0000000000000000       0x98
 .text.hx_stream_rx
                0x0000000000000000       0x98 ../systemlib/hx_stream.c.o
                0x0000000000000000                hx_stream_rx

.fini
 *(SORT(.fini))

.rodata
 *(.rodata)

.rodata.str1.4  0x0000000000000000      0x5c8
 .rodata.str1.4
                0x0000000000000000        0x4 adc.c.o
 .rodata.str1.4
                0x0000000000000004       0x48 controls.c.o
 .rodata.str1.4
                0x000000000000004c       0x80 px4io.c.o
 .rodata.str1.4
                0x00000000000000cc       0x38 registers.c.o
 .rodata.str1.4
                0x0000000000000104       0x24 sbus.c.o
 .rodata.str1.4
                0x0000000000000128       0xe4 ../systemlib/perf_counter.c.o
 .rodata.str1.4
                0x000000000000020c       0x64 mixer.cpp.o
 .rodata.str1.4
                0x0000000000000270       0x48 ../systemlib/mixer/mixer_multirotor.cpp.o
 .rodata.str1.4
                0x00000000000002b8       0x38 ../systemlib/mixer/mixer_simple.cpp.o
 .rodata.str1.4
                0x00000000000002f0       0x44 ../../lib/rc/st24.c.o
 .rodata.str1.4
                0x0000000000000334      0x24c ../../lib/rc/sumd.c.o
 .rodata.str1.4
                0x0000000000000580       0x48 serial.c.o

.rodata.r_page_config
                0x0000000000000000       0x14
 .rodata.r_page_config
                0x0000000000000000       0x14 registers.c.o

.rodata.sbus_decoder
                0x0000000000000000       0xc0
 .rodata.sbus_decoder
                0x0000000000000000       0xc0 sbus.c.o

.rodata._ZTV5Mixer
                0x0000000000000000       0x18
 .rodata._ZTV5Mixer
                0x0000000000000000       0x18 ../systemlib/mixer/mixer.cpp.o
                0x0000000000000000                vtable for Mixer

.rodata._ZTV9NullMixer
                0x0000000000000000       0x18
 .rodata._ZTV9NullMixer
                0x0000000000000000       0x18 ../systemlib/mixer/mixer.cpp.o
                0x0000000000000000                vtable for NullMixer

.rodata._ZTV10MixerGroup
                0x0000000000000000       0x18
 .rodata._ZTV10MixerGroup
                0x0000000000000000       0x18 ../systemlib/mixer/mixer_group.cpp.o
                0x0000000000000000                vtable for MixerGroup

.rodata._ZN12_GLOBAL__N_1L13_config_tri_yE
                0x0000000000000000       0x30
 .rodata._ZN12_GLOBAL__N_1L13_config_tri_yE
                0x0000000000000000       0x30 ../systemlib/mixer/mixer_multirotor.cpp.o

.rodata._ZN12_GLOBAL__N_1L19_config_twin_engineE
                0x0000000000000000       0x20
 .rodata._ZN12_GLOBAL__N_1L19_config_twin_engineE
                0x0000000000000000       0x20 ../systemlib/mixer/mixer_multirotor.cpp.o

.rodata._ZN12_GLOBAL__N_1L13_config_hex_xE
                0x0000000000000000       0x60
 .rodata._ZN12_GLOBAL__N_1L13_config_hex_xE
                0x0000000000000000       0x60 ../systemlib/mixer/mixer_multirotor.cpp.o

.rodata._ZN12_GLOBAL__N_1L15_config_hex_coxE
                0x0000000000000000       0x60
 .rodata._ZN12_GLOBAL__N_1L15_config_hex_coxE
                0x0000000000000000       0x60 ../systemlib/mixer/mixer_multirotor.cpp.o

.rodata._ZN12_GLOBAL__N_1L14_config_octa_xE
                0x0000000000000000       0x80
 .rodata._ZN12_GLOBAL__N_1L14_config_octa_xE
                0x0000000000000000       0x80 ../systemlib/mixer/mixer_multirotor.cpp.o

.rodata._ZN12_GLOBAL__N_1L19_config_rotor_countE
                0x0000000000000000       0x34
 .rodata._ZN12_GLOBAL__N_1L19_config_rotor_countE
                0x0000000000000000       0x34 ../systemlib/mixer/mixer_multirotor.cpp.o

.rodata._ZN12_GLOBAL__N_1L20_config_quad_deadcatE
                0x0000000000000000       0x40
 .rodata._ZN12_GLOBAL__N_1L20_config_quad_deadcatE
                0x0000000000000000       0x40 ../systemlib/mixer/mixer_multirotor.cpp.o

.rodata._ZN12_GLOBAL__N_1L16_config_hex_plusE
                0x0000000000000000       0x60
 .rodata._ZN12_GLOBAL__N_1L16_config_hex_plusE
                0x0000000000000000       0x60 ../systemlib/mixer/mixer_multirotor.cpp.o

.rodata._ZN12_GLOBAL__N_1L17_config_octa_plusE
                0x0000000000000000       0x80
 .rodata._ZN12_GLOBAL__N_1L17_config_octa_plusE
                0x0000000000000000       0x80 ../systemlib/mixer/mixer_multirotor.cpp.o

.rodata._ZN12_GLOBAL__N_1L17_config_quad_plusE
                0x0000000000000000       0x40
 .rodata._ZN12_GLOBAL__N_1L17_config_quad_plusE
                0x0000000000000000       0x40 ../systemlib/mixer/mixer_multirotor.cpp.o

.rodata._ZN12_GLOBAL__N_113_config_indexE
                0x0000000000000000       0x34
 .rodata._ZN12_GLOBAL__N_113_config_indexE
                0x0000000000000000       0x34 ../systemlib/mixer/mixer_multirotor.cpp.o

.rodata._ZN12_GLOBAL__N_1L17_config_quad_wideE
                0x0000000000000000       0x40
 .rodata._ZN12_GLOBAL__N_1L17_config_quad_wideE
                0x0000000000000000       0x40 ../systemlib/mixer/mixer_multirotor.cpp.o

.rodata._ZN12_GLOBAL__N_1L16_config_octa_coxE
                0x0000000000000000       0x80
 .rodata._ZN12_GLOBAL__N_1L16_config_octa_coxE
                0x0000000000000000       0x80 ../systemlib/mixer/mixer_multirotor.cpp.o

.rodata._ZN12_GLOBAL__N_1L14_config_quad_vE
                0x0000000000000000       0x40
 .rodata._ZN12_GLOBAL__N_1L14_config_quad_vE
                0x0000000000000000       0x40 ../systemlib/mixer/mixer_multirotor.cpp.o

.rodata._ZN12_GLOBAL__N_1L14_config_quad_xE
                0x0000000000000000       0x40
 .rodata._ZN12_GLOBAL__N_1L14_config_quad_xE
                0x0000000000000000       0x40 ../systemlib/mixer/mixer_multirotor.cpp.o

.rodata._ZTV15MultirotorMixer
                0x0000000000000000       0x18
 .rodata._ZTV15MultirotorMixer
                0x0000000000000000       0x18 ../systemlib/mixer/mixer_multirotor.cpp.o
                0x0000000000000000                vtable for MultirotorMixer

.rodata._ZTV11SimpleMixer
                0x0000000000000000       0x18
 .rodata._ZTV11SimpleMixer
                0x0000000000000000       0x18 ../systemlib/mixer/mixer_simple.cpp.o
                0x0000000000000000                vtable for SimpleMixer

.rodata.crc8_tab
                0x0000000000000000      0x100
 .rodata.crc8_tab
                0x0000000000000000      0x100 serial.c.o

.rodata1
 *(.rodata1)

.ARM.extab
 *(.ARM.extab)

.ARM.exidx
 *(.ARM.exidx)

.eh_frame_hdr
 *(.eh_frame_hdr)

.eh_frame
 *(.eh_frame)

.gcc_except_table
 *(.gcc_except_table .gcc_except_table.*)

.exception_ranges
 *(.exception_ranges .exception_ranges*)

.eh_frame
 *(.eh_frame)

.gcc_except_table
 *(.gcc_except_table .gcc_except_table.*)

.exception_ranges
 *(.exception_ranges .exception_ranges*)

.tdata
 *(.tdata)

.tbss
 *(.tbss)

.preinit_array
 *(.preinit_array)

.jcr
 *(.jcr)

.dynamic
 *(.dynamic)

.got
 *(.got.plt)
 *(.igot.plt)
 *(.got)
 *(.igot)

.data           0x0000000000000000        0x0
 *(.data)
 .data          0x0000000000000000        0x0 adc.c.o
 .data          0x0000000000000000        0x0 controls.c.o
 .data          0x0000000000000000        0x0 dsm.c.o
 .data          0x0000000000000000        0x0 px4io.c.o
 .data          0x0000000000000000        0x0 registers.c.o
 .data          0x0000000000000000        0x0 safety.c.o
 .data          0x0000000000000000        0x0 sbus.c.o
 .data          0x0000000000000000        0x0 ../systemlib/up_cxxinitialize.c.o
 .data          0x0000000000000000        0x0 ../systemlib/perf_counter.c.o
 .data          0x0000000000000000        0x0 mixer.cpp.o
 .data          0x0000000000000000        0x0 ../systemlib/mixer/mixer.cpp.o
 .data          0x0000000000000000        0x0 ../systemlib/mixer/mixer_group.cpp.o
 .data          0x0000000000000000        0x0 ../systemlib/mixer/mixer_multirotor.cpp.o
 .data          0x0000000000000000        0x0 ../systemlib/mixer/mixer_simple.cpp.o
 .data          0x0000000000000000        0x0 ../systemlib/pwm_limit/pwm_limit.c.o
 .data          0x0000000000000000        0x0 ../../lib/rc/st24.c.o
 .data          0x0000000000000000        0x0 ../../lib/rc/sumd.c.o
 .data          0x0000000000000000        0x0 serial.c.o
 .data          0x0000000000000000        0x0 ../systemlib/hx_stream.c.o

.data.dsm_fd    0x0000000000000000        0x4
 .data.dsm_fd   0x0000000000000000        0x4 dsm.c.o

.data.brightness.6652
                0x0000000000000000        0x4
 .data.brightness.6652
                0x0000000000000000        0x4 px4io.c.o

.data.r_page_servo_control_min
                0x0000000000000000       0x10
 .data.r_page_servo_control_min
                0x0000000000000000       0x10 registers.c.o
                0x0000000000000000                r_page_servo_control_min

.data.r_page_servo_control_max
                0x0000000000000000       0x10
 .data.r_page_servo_control_max
                0x0000000000000000       0x10 registers.c.o
                0x0000000000000000                r_page_servo_control_max

.data.r_page_setup
                0x0000000000000000       0x20
 .data.r_page_setup
                0x0000000000000000       0x20 registers.c.o
                0x0000000000000000                r_page_setup

.data.sbus_fd   0x0000000000000000        0x4
 .data.sbus_fd  0x0000000000000000        0x4 sbus.c.o

.init_array     0x0000000000000000        0x4
 .init_array    0x0000000000000000        0x4 mixer.cpp.o

.data.decode_states
                0x0000000000000000       0x18
 .data.decode_states
                0x0000000000000000       0x18 ../../lib/rc/st24.c.o
                0x0000000000000000                decode_states

.data._sumd     0x0000000000000000        0x1
 .data._sumd    0x0000000000000000        0x1 ../../lib/rc/sumd.c.o
                0x0000000000000000                _sumd

.data1
 *(.data1)

.bss            0x0000000000000000        0x0
 *(.dynbss)
 *(.bss)
 .bss           0x0000000000000000        0x0 adc.c.o
 .bss           0x0000000000000000        0x0 controls.c.o
 .bss           0x0000000000000000        0x0 dsm.c.o
 .bss           0x0000000000000000        0x0 px4io.c.o
 .bss           0x0000000000000000        0x0 registers.c.o
 .bss           0x0000000000000000        0x0 safety.c.o
 .bss           0x0000000000000000        0x0 sbus.c.o
 .bss           0x0000000000000000        0x0 ../systemlib/up_cxxinitialize.c.o
 .bss           0x0000000000000000        0x0 ../systemlib/perf_counter.c.o
 .bss           0x0000000000000000        0x0 mixer.cpp.o
 .bss           0x0000000000000000        0x0 ../systemlib/mixer/mixer.cpp.o
 .bss           0x0000000000000000        0x0 ../systemlib/mixer/mixer_group.cpp.o
 .bss           0x0000000000000000        0x0 ../systemlib/mixer/mixer_multirotor.cpp.o
 .bss           0x0000000000000000        0x0 ../systemlib/mixer/mixer_simple.cpp.o
 .bss           0x0000000000000000        0x0 ../systemlib/pwm_limit/pwm_limit.c.o
 .bss           0x0000000000000000        0x0 ../../lib/rc/st24.c.o
 .bss           0x0000000000000000        0x0 ../../lib/rc/sumd.c.o
 .bss           0x0000000000000000        0x0 serial.c.o
 .bss           0x0000000000000000        0x0 ../systemlib/hx_stream.c.o
 *(COMMON)

.bss.adc_perf   0x0000000000000000        0x4
 .bss.adc_perf  0x0000000000000000        0x4 adc.c.o
                0x0000000000000000                adc_perf

.bss.c_gather_dsm
                0x0000000000000000        0x4
 .bss.c_gather_dsm
                0x0000000000000000        0x4 controls.c.o

.bss.c_gather_ppm
                0x0000000000000000        0x4
 .bss.c_gather_ppm
                0x0000000000000000        0x4 controls.c.o

.bss.rc_value_override
                0x0000000000000000        0x2
 .bss.rc_value_override
                0x0000000000000000        0x2 controls.c.o

.bss._dsm_fd    0x0000000000000000        0x4
 .bss._dsm_fd   0x0000000000000000        0x4 controls.c.o

.bss.c_gather_sbus
                0x0000000000000000        0x4
 .bss.c_gather_sbus
                0x0000000000000000        0x4 controls.c.o

.bss.cs10.6274  0x0000000000000000        0x4
 .bss.cs10.6274
                0x0000000000000000        0x4 dsm.c.o

.bss.dsm_partial_frame_count
                0x0000000000000000        0x4
 .bss.dsm_partial_frame_count
                0x0000000000000000        0x4 dsm.c.o

.bss.dsm_last_rx_time
                0x0000000000000000        0x8
 .bss.dsm_last_rx_time
                0x0000000000000000        0x8 dsm.c.o

.bss.dsm_last_frame_time
                0x0000000000000000        0x8
 .bss.dsm_last_frame_time
                0x0000000000000000        0x8 dsm.c.o

.bss.dsm_frame  0x0000000000000000       0x10
 .bss.dsm_frame
                0x0000000000000000       0x10 dsm.c.o

.bss.dsm_frame_drops
                0x0000000000000000        0x4
 .bss.dsm_frame_drops
                0x0000000000000000        0x4 dsm.c.o

.bss.cs11.6275  0x0000000000000000        0x4
 .bss.cs11.6275
                0x0000000000000000        0x4 dsm.c.o

.bss.dsm_channel_shift
                0x0000000000000000        0x4
 .bss.dsm_channel_shift
                0x0000000000000000        0x4 dsm.c.o

.bss.samples.6276
                0x0000000000000000        0x4
 .bss.samples.6276
                0x0000000000000000        0x4 dsm.c.o

.bss.last_msg_counter
                0x0000000000000000        0x4
 .bss.last_msg_counter
                0x0000000000000000        0x4 px4io.c.o

.bss.system_state
                0x0000000000000000       0x18
 .bss.system_state
                0x0000000000000000       0x18 px4io.c.o
                0x0000000000000000                system_state

.bss.msg_next_out
                0x0000000000000000        0x1
 .bss.msg_next_out
                0x0000000000000000        0x1 px4io.c.o

.bss.serial_dma_call
                0x0000000000000000       0x20
 .bss.serial_dma_call
                0x0000000000000000       0x20 px4io.c.o

.bss.msg_counter
                0x0000000000000000        0x4
 .bss.msg_counter
                0x0000000000000000        0x4 px4io.c.o

.bss.msg        0x0000000000000000       0x50
 .bss.msg       0x0000000000000000       0x50 px4io.c.o

.bss.msg_next_in
                0x0000000000000000        0x1
 .bss.msg_next_in
                0x0000000000000000        0x1 px4io.c.o

.bss.counter.6651
                0x0000000000000000        0x4
 .bss.counter.6651
                0x0000000000000000        0x4 px4io.c.o

.bss.pwm_limit  0x0000000000000000       0x10
 .bss.pwm_limit
                0x0000000000000000       0x10 px4io.c.o
                0x0000000000000000                pwm_limit

.bss.heartbeat.6646
                0x0000000000000000        0x1
 .bss.heartbeat.6646
                0x0000000000000000        0x1 px4io.c.o

.bss.on_counter.6654
                0x0000000000000000        0x4
 .bss.on_counter.6654
                0x0000000000000000        0x4 px4io.c.o

.bss.brightness_counter.6653
                0x0000000000000000        0x4
 .bss.brightness_counter.6653
                0x0000000000000000        0x4 px4io.c.o

.bss.reboot_time
                0x0000000000000000        0x8
 .bss.reboot_time
                0x0000000000000000        0x8 px4io.c.o

.bss.r_page_rc_input
                0x0000000000000000       0x14
 .bss.r_page_rc_input
                0x0000000000000000       0x14 registers.c.o
                0x0000000000000000                r_page_rc_input

.bss.r_page_scratch
                0x0000000000000000       0x40
 .bss.r_page_scratch
                0x0000000000000000       0x40 registers.c.o
                0x0000000000000000                r_page_scratch

.bss.r_page_servos
                0x0000000000000000       0x10
 .bss.r_page_servos
                0x0000000000000000       0x10 registers.c.o
                0x0000000000000000                r_page_servos

.bss.last_offset
                0x0000000000000000        0x1
 .bss.last_offset
                0x0000000000000000        0x1 registers.c.o
                0x0000000000000000                last_offset

.bss.r_page_status
                0x0000000000000000       0x14
 .bss.r_page_status
                0x0000000000000000       0x14 registers.c.o
                0x0000000000000000                r_page_status

.bss.r_page_rc_input_config
                0x0000000000000000       0xd8
 .bss.r_page_rc_input_config
                0x0000000000000000       0xd8 registers.c.o
                0x0000000000000000                r_page_rc_input_config

.bss.r_page_servo_disarmed
                0x0000000000000000       0x10
 .bss.r_page_servo_disarmed
                0x0000000000000000       0x10 registers.c.o
                0x0000000000000000                r_page_servo_disarmed

.bss.r_page_controls
                0x0000000000000000       0x40
 .bss.r_page_controls
                0x0000000000000000       0x40 registers.c.o
                0x0000000000000000                r_page_controls

.bss.r_page_servo_failsafe
                0x0000000000000000       0x10
 .bss.r_page_servo_failsafe
                0x0000000000000000       0x10 registers.c.o
                0x0000000000000000                r_page_servo_failsafe

.bss.r_page_raw_rc_input
                0x0000000000000000       0x34
 .bss.r_page_raw_rc_input
                0x0000000000000000       0x34 registers.c.o
                0x0000000000000000                r_page_raw_rc_input

.bss.last_page  0x0000000000000000        0x1
 .bss.last_page
                0x0000000000000000        0x1 registers.c.o
                0x0000000000000000                last_page

.bss.r_page_actuators
                0x0000000000000000       0x10
 .bss.r_page_actuators
                0x0000000000000000       0x10 registers.c.o
                0x0000000000000000                r_page_actuators

.bss.arming_call
                0x0000000000000000       0x20
 .bss.arming_call
                0x0000000000000000       0x20 safety.c.o

.bss.blink_counter
                0x0000000000000000        0x4
 .bss.blink_counter
                0x0000000000000000        0x4 safety.c.o

.bss.safety_button_pressed
                0x0000000000000000        0x1
 .bss.safety_button_pressed
                0x0000000000000000        0x1 safety.c.o

.bss.failsafe.6193
                0x0000000000000000        0x1
 .bss.failsafe.6193
                0x0000000000000000        0x1 safety.c.o

.bss.failsafe_call
                0x0000000000000000       0x20
 .bss.failsafe_call
                0x0000000000000000       0x20 safety.c.o

.bss.counter    0x0000000000000000        0x4
 .bss.counter   0x0000000000000000        0x4 safety.c.o

.bss.frame      0x0000000000000000       0x1c
 .bss.frame     0x0000000000000000       0x1c sbus.c.o

.bss.last_frame_time
                0x0000000000000000        0x8
 .bss.last_frame_time
                0x0000000000000000        0x8 sbus.c.o

.bss.partial_frame_count
                0x0000000000000000        0x4
 .bss.partial_frame_count
                0x0000000000000000        0x4 sbus.c.o

.bss.last_txframe_time
                0x0000000000000000        0x8
 .bss.last_txframe_time
                0x0000000000000000        0x8 sbus.c.o

.bss.last_rx_time
                0x0000000000000000        0x8
 .bss.last_rx_time
                0x0000000000000000        0x8 sbus.c.o

.bss.sbus_frame_drops
                0x0000000000000000        0x4
 .bss.sbus_frame_drops
                0x0000000000000000        0x4 sbus.c.o
                0x0000000000000000                sbus_frame_drops

.bss.perf_counters
                0x0000000000000000        0x8
 .bss.perf_counters
                0x0000000000000000        0x8 ../systemlib/perf_counter.c.o

.bss._ZL11mixer_group
                0x0000000000000000       0x14
 .bss._ZL11mixer_group
                0x0000000000000000       0x14 mixer.cpp.o

.bss._ZL17mixer_text_length
                0x0000000000000000        0x4
 .bss._ZL17mixer_text_length
                0x0000000000000000        0x4 mixer.cpp.o

.bss._ZL10should_arm
                0x0000000000000000        0x1
 .bss._ZL10should_arm
                0x0000000000000000        0x1 mixer.cpp.o

.bss._ZL18mixer_servos_armed
                0x0000000000000000        0x1
 .bss._ZL18mixer_servos_armed
                0x0000000000000000        0x1 mixer.cpp.o

.bss._ZL24should_always_enable_pwm
                0x0000000000000000        0x1
 .bss._ZL24should_always_enable_pwm
                0x0000000000000000        0x1 mixer.cpp.o

.bss._ZL10mixer_text
                0x0000000000000000      0x100
 .bss._ZL10mixer_text
                0x0000000000000000      0x100 mixer.cpp.o

.bss._ZL8in_mixer
                0x0000000000000000        0x1
 .bss._ZL8in_mixer
                0x0000000000000000        0x1 mixer.cpp.o

.bss._ZL6source
                0x0000000000000000        0x1
 .bss._ZL6source
                0x0000000000000000        0x1 mixer.cpp.o

.bss._rxpacket  0x0000000000000000       0x90
 .bss._rxpacket
                0x0000000000000000       0x48 ../../lib/rc/st24.c.o
 .bss._rxpacket
                0x0000000000000048       0x48 ../../lib/rc/sumd.c.o

.bss._decode_state
                0x0000000000000000        0x2
 .bss._decode_state
                0x0000000000000000        0x1 ../../lib/rc/st24.c.o
 .bss._decode_state
                0x0000000000000001        0x1 ../../lib/rc/sumd.c.o

.bss._rxlen     0x0000000000000000        0x2
 .bss._rxlen    0x0000000000000000        0x1 ../../lib/rc/st24.c.o
 .bss._rxlen    0x0000000000000001        0x1 ../../lib/rc/sumd.c.o

.bss._crc16     0x0000000000000000        0x2
 .bss._crc16    0x0000000000000000        0x2 ../../lib/rc/sumd.c.o
                0x0000000000000000                _crc16

.bss._crc8      0x0000000000000000        0x1
 .bss._crc8     0x0000000000000000        0x1 ../../lib/rc/sumd.c.o
                0x0000000000000000                _crc8

.bss._debug     0x0000000000000000        0x1
 .bss._debug    0x0000000000000000        0x1 ../../lib/rc/sumd.c.o
                0x0000000000000000                _debug

.bss._crcOK     0x0000000000000000        0x1
 .bss._crcOK    0x0000000000000000        0x1 ../../lib/rc/sumd.c.o
                0x0000000000000000                _crcOK

.bss.pc_badidle
                0x0000000000000000        0x4
 .bss.pc_badidle
                0x0000000000000000        0x4 serial.c.o

.bss.rx_dma     0x0000000000000000        0x4
 .bss.rx_dma    0x0000000000000000        0x4 serial.c.o

.bss.pc_idle    0x0000000000000000        0x4
 .bss.pc_idle   0x0000000000000000        0x4 serial.c.o

.bss.pc_txns    0x0000000000000000        0x4
 .bss.pc_txns   0x0000000000000000        0x4 serial.c.o

.bss.pc_crcerr  0x0000000000000000        0x4
 .bss.pc_crcerr
                0x0000000000000000        0x4 serial.c.o

.bss.pc_errors  0x0000000000000000        0x4
 .bss.pc_errors
                0x0000000000000000        0x4 serial.c.o

.bss.pc_fe      0x0000000000000000        0x4
 .bss.pc_fe     0x0000000000000000        0x4 serial.c.o

.bss.dma_packet
                0x0000000000000000       0x44
 .bss.dma_packet
                0x0000000000000000       0x44 serial.c.o

.bss.tx_dma     0x0000000000000000        0x4
 .bss.tx_dma    0x0000000000000000        0x4 serial.c.o

.bss.pc_ne      0x0000000000000000        0x4
 .bss.pc_ne     0x0000000000000000        0x4 serial.c.o

.bss.pc_regerr  0x0000000000000000        0x4
 .bss.pc_regerr
                0x0000000000000000        0x4 serial.c.o

.bss.pc_ore     0x0000000000000000        0x4
 .bss.pc_ore    0x0000000000000000        0x4 serial.c.o

.bss.abort_on_idle.6363
                0x0000000000000000        0x1
 .bss.abort_on_idle.6363
                0x0000000000000000        0x1 serial.c.o

.stab
 *(.stab)

.stabstr
 *(.stabstr)

.stab.excl
 *(.stab.excl)

.stab.exclstr
 *(.stab.exclstr)

.stab.index
 *(.stab.index)

.stab.indexstr
 *(.stab.indexstr)

.comment        0x0000000000000000      0x863
 *(.comment)
 .comment       0x0000000000000000       0x71 adc.c.o
 .comment       0x0000000000000071       0x71 controls.c.o
 .comment       0x00000000000000e2       0x71 dsm.c.o
 .comment       0x0000000000000153       0x71 px4io.c.o
 .comment       0x00000000000001c4       0x71 registers.c.o
 .comment       0x0000000000000235       0x71 safety.c.o
 .comment       0x00000000000002a6       0x71 sbus.c.o
 .comment       0x0000000000000317       0x71 ../systemlib/up_cxxinitialize.c.o
 .comment       0x0000000000000388       0x71 ../systemlib/perf_counter.c.o
 .comment       0x00000000000003f9       0x71 mixer.cpp.o
 .comment       0x000000000000046a       0x71 ../systemlib/mixer/mixer.cpp.o
 .comment       0x00000000000004db       0x71 ../systemlib/mixer/mixer_group.cpp.o
 .comment       0x000000000000054c       0x71 ../systemlib/mixer/mixer_multirotor.cpp.o
 .comment       0x00000000000005bd       0x71 ../systemlib/mixer/mixer_simple.cpp.o
 .comment       0x000000000000062e       0x71 ../systemlib/pwm_limit/pwm_limit.c.o
 .comment       0x000000000000069f       0x71 ../../lib/rc/st24.c.o
 .comment       0x0000000000000710       0x71 ../../lib/rc/sumd.c.o
 .comment       0x0000000000000781       0x71 serial.c.o
 .comment       0x00000000000007f2       0x71 ../systemlib/hx_stream.c.o

.group          0x0000000000000000        0x8
 .group         0x0000000000000000        0x8 adc.c.o

.group          0x0000000000000000        0x8
 .group         0x0000000000000000        0x8 adc.c.o

.group          0x0000000000000000        0x8
 .group         0x0000000000000000        0x8 adc.c.o

.group          0x0000000000000000        0x8
 .group         0x0000000000000000        0x8 adc.c.o

.group          0x0000000000000000        0x8
 .group         0x0000000000000000        0x8 adc.c.o

.group          0x0000000000000000        0x8
 .group         0x0000000000000000        0x8 adc.c.o

.group          0x0000000000000000        0x8
 .group         0x0000000000000000        0x8 adc.c.o

.group          0x0000000000000000        0x8
 .group         0x0000000000000000        0x8 adc.c.o

.group          0x0000000000000000        0x8
 .group         0x0000000000000000        0x8 adc.c.o

.group          0x0000000000000000        0x8
 .group         0x0000000000000000        0x8 adc.c.o

.group          0x0000000000000000        0x8
 .group         0x0000000000000000        0x8 adc.c.o

.group          0x0000000000000000        0x8
 .group         0x0000000000000000        0x8 adc.c.o

.group          0x0000000000000000        0x8
 .group         0x0000000000000000        0x8 adc.c.o

.group          0x0000000000000000        0x8
 .group         0x0000000000000000        0x8 adc.c.o

.group          0x0000000000000000        0x8
 .group         0x0000000000000000        0x8 adc.c.o

.group          0x0000000000000000        0x8
 .group         0x0000000000000000        0x8 adc.c.o

.group          0x0000000000000000        0x8
 .group         0x0000000000000000        0x8 adc.c.o

.group          0x0000000000000000        0x8
 .group         0x0000000000000000        0x8 adc.c.o

.group          0x0000000000000000        0x8
 .group         0x0000000000000000        0x8 adc.c.o

.group          0x0000000000000000        0x8
 .group         0x0000000000000000        0x8 adc.c.o

.group          0x0000000000000000        0x8
 .group         0x0000000000000000        0x8 adc.c.o

.group          0x0000000000000000        0x8
 .group         0x0000000000000000        0x8 adc.c.o

.group          0x0000000000000000        0x8
 .group         0x0000000000000000        0x8 adc.c.o

.group          0x0000000000000000        0x8
 .group         0x0000000000000000        0x8 adc.c.o

.group          0x0000000000000000        0x8
 .group         0x0000000000000000        0x8 adc.c.o

.group          0x0000000000000000        0x8
 .group         0x0000000000000000        0x8 adc.c.o

.group          0x0000000000000000        0x8
 .group         0x0000000000000000        0x8 adc.c.o

.group          0x0000000000000000        0x8
 .group         0x0000000000000000        0x8 adc.c.o

.group          0x0000000000000000        0x8
 .group         0x0000000000000000        0x8 adc.c.o

.group          0x0000000000000000        0x8
 .group         0x0000000000000000        0x8 adc.c.o

.group          0x0000000000000000        0x8
 .group         0x0000000000000000        0x8 adc.c.o

.group          0x0000000000000000        0x8
 .group         0x0000000000000000        0x8 adc.c.o

.group          0x0000000000000000        0x8
 .group         0x0000000000000000        0x8 adc.c.o

.group          0x0000000000000000        0x8
 .group         0x0000000000000000        0x8 adc.c.o

.group          0x0000000000000000        0x8
 .group         0x0000000000000000        0x8 adc.c.o

.group          0x0000000000000000        0x8
 .group         0x0000000000000000        0x8 adc.c.o

.group          0x0000000000000000        0x8
 .group         0x0000000000000000        0x8 adc.c.o

.group          0x0000000000000000        0x8
 .group         0x0000000000000000        0x8 adc.c.o

.group          0x0000000000000000        0x8
 .group         0x0000000000000000        0x8 adc.c.o

.group          0x0000000000000000        0x8
 .group         0x0000000000000000        0x8 adc.c.o

.group          0x0000000000000000        0x8
 .group         0x0000000000000000        0x8 adc.c.o

.group          0x0000000000000000        0x8
 .group         0x0000000000000000        0x8 adc.c.o

.group          0x0000000000000000        0x8
 .group         0x0000000000000000        0x8 adc.c.o

.group          0x0000000000000000        0x8
 .group         0x0000000000000000        0x8 adc.c.o

.group          0x0000000000000000        0x8
 .group         0x0000000000000000        0x8 adc.c.o

.group          0x0000000000000000        0x8
 .group         0x0000000000000000        0x8 adc.c.o

.group          0x0000000000000000        0x8
 .group         0x0000000000000000        0x8 adc.c.o

.group          0x0000000000000000        0x8
 .group         0x0000000000000000        0x8 adc.c.o

.group          0x0000000000000000        0x8
 .group         0x0000000000000000        0x8 adc.c.o

.group          0x0000000000000000        0x8
 .group         0x0000000000000000        0x8 adc.c.o

.group          0x0000000000000000        0x8
 .group         0x0000000000000000        0x8 adc.c.o

.group          0x0000000000000000        0x8
 .group         0x0000000000000000        0x8 adc.c.o

.group          0x0000000000000000        0x8
 .group         0x0000000000000000        0x8 adc.c.o

.group          0x0000000000000000        0x8
 .group         0x0000000000000000        0x8 adc.c.o

.group          0x0000000000000000        0x8
 .group         0x0000000000000000        0x8 adc.c.o

.group          0x0000000000000000        0x8
 .group         0x0000000000000000        0x8 adc.c.o

.group          0x0000000000000000        0x8
 .group         0x0000000000000000        0x8 adc.c.o

.group          0x0000000000000000        0x8
 .group         0x0000000000000000        0x8 adc.c.o

.group          0x0000000000000000        0x8
 .group         0x0000000000000000        0x8 adc.c.o

.group          0x0000000000000000        0x8
 .group         0x0000000000000000        0x8 adc.c.o

.group          0x0000000000000000        0x8
 .group         0x0000000000000000        0x8 adc.c.o

.group          0x0000000000000000        0x8
 .group         0x0000000000000000        0x8 adc.c.o

.group          0x0000000000000000        0x8
 .group         0x0000000000000000        0x8 adc.c.o

.group          0x0000000000000000        0x8
 .group         0x0000000000000000        0x8 adc.c.o

.group          0x0000000000000000        0x8
 .group         0x0000000000000000        0x8 adc.c.o

.group          0x0000000000000000        0x8
 .group         0x0000000000000000        0x8 adc.c.o

.group          0x0000000000000000        0x8
 .group         0x0000000000000000        0x8 adc.c.o

.group          0x0000000000000000        0x8
 .group         0x0000000000000000        0x8 adc.c.o

.group          0x0000000000000000        0x8
 .group         0x0000000000000000        0x8 adc.c.o

.group          0x0000000000000000        0x8
 .group         0x0000000000000000        0x8 adc.c.o

.group          0x0000000000000000        0x8
 .group         0x0000000000000000        0x8 adc.c.o

.group          0x0000000000000000        0x8
 .group         0x0000000000000000        0x8 adc.c.o

.group          0x0000000000000000        0x8
 .group         0x0000000000000000        0x8 adc.c.o

.group          0x0000000000000000        0x8
 .group         0x0000000000000000        0x8 adc.c.o

.group          0x0000000000000000        0x8
 .group         0x0000000000000000        0x8 adc.c.o

.group          0x0000000000000000        0x8
 .group         0x0000000000000000        0x8 adc.c.o

.group          0x0000000000000000        0x8
 .group         0x0000000000000000        0x8 adc.c.o

.group          0x0000000000000000        0x8
 .group         0x0000000000000000        0x8 adc.c.o

.group          0x0000000000000000        0x8
 .group         0x0000000000000000        0x8 adc.c.o

.group          0x0000000000000000        0x8
 .group         0x0000000000000000        0x8 adc.c.o

.group          0x0000000000000000        0x8
 .group         0x0000000000000000        0x8 adc.c.o

.group          0x0000000000000000        0x8
 .group         0x0000000000000000        0x8 adc.c.o

.group          0x0000000000000000        0x8
 .group         0x0000000000000000        0x8 adc.c.o

.group          0x0000000000000000        0x8
 .group         0x0000000000000000        0x8 adc.c.o

.group          0x0000000000000000        0x8
 .group         0x0000000000000000        0x8 adc.c.o

.group          0x0000000000000000        0x8
 .group         0x0000000000000000        0x8 adc.c.o

.group          0x0000000000000000        0x8
 .group         0x0000000000000000        0x8 adc.c.o

.group          0x0000000000000000        0x8
 .group         0x0000000000000000        0x8 adc.c.o

.group          0x0000000000000000        0x8
 .group         0x0000000000000000        0x8 adc.c.o

.group          0x0000000000000000        0x8
 .group         0x0000000000000000        0x8 adc.c.o

.group          0x0000000000000000        0x8
 .group         0x0000000000000000        0x8 adc.c.o

.group          0x0000000000000000        0x8
 .group         0x0000000000000000        0x8 adc.c.o

.group          0x0000000000000000        0x8
 .group         0x0000000000000000        0x8 adc.c.o

.group          0x0000000000000000        0x8
 .group         0x0000000000000000        0x8 adc.c.o

.group          0x0000000000000000        0x8
 .group         0x0000000000000000        0x8 adc.c.o

.group          0x0000000000000000        0x8
 .group         0x0000000000000000        0x8 adc.c.o

.group          0x0000000000000000        0x8
 .group         0x0000000000000000        0x8 adc.c.o

.group          0x0000000000000000        0x8
 .group         0x0000000000000000        0x8 adc.c.o

.group          0x0000000000000000        0x8
 .group         0x0000000000000000        0x8 adc.c.o

.group          0x0000000000000000        0x8
 .group         0x0000000000000000        0x8 adc.c.o

.group          0x0000000000000000        0x8
 .group         0x0000000000000000        0x8 adc.c.o

.group          0x0000000000000000        0x8
 .group         0x0000000000000000        0x8 controls.c.o

.group          0x0000000000000000        0x8
 .group         0x0000000000000000        0x8 controls.c.o

.group          0x0000000000000000        0x8
 .group         0x0000000000000000        0x8 controls.c.o

.group          0x0000000000000000        0x8
 .group         0x0000000000000000        0x8 controls.c.o

.group          0x0000000000000000        0x8
 .group         0x0000000000000000        0x8 controls.c.o

.group          0x0000000000000000        0x8
 .group         0x0000000000000000        0x8 controls.c.o

.group          0x0000000000000000        0x8
 .group         0x0000000000000000        0x8 controls.c.o

.group          0x0000000000000000        0x8
 .group         0x0000000000000000        0x8 controls.c.o

.group          0x0000000000000000        0x8
 .group         0x0000000000000000        0x8 dsm.c.o

.group          0x0000000000000000        0x8
 .group         0x0000000000000000        0x8 dsm.c.o

.group          0x0000000000000000        0x8
 .group         0x0000000000000000        0x8 px4io.c.o

.group          0x0000000000000000        0x8
 .group         0x0000000000000000        0x8 px4io.c.o

.group          0x0000000000000000        0x8
 .group         0x0000000000000000        0x8 px4io.c.o

.group          0x0000000000000000        0x8
 .group         0x0000000000000000        0x8 px4io.c.o

.group          0x0000000000000000        0x8
 .group         0x0000000000000000        0x8 px4io.c.o

.group          0x0000000000000000        0x8
 .group         0x0000000000000000        0x8 px4io.c.o

.group          0x0000000000000000        0x8
 .group         0x0000000000000000        0x8 px4io.c.o

.group          0x0000000000000000        0x8
 .group         0x0000000000000000        0x8 registers.c.o

.group          0x0000000000000000        0x8
 .group         0x0000000000000000        0x8 sbus.c.o

.group          0x0000000000000000        0x8
 .group         0x0000000000000000        0x8 ../systemlib/perf_counter.c.o

.group          0x0000000000000000        0x8
 .group         0x0000000000000000        0x8 ../systemlib/perf_counter.c.o

.group          0x0000000000000000        0x8
 .group         0x0000000000000000        0x8 ../systemlib/perf_counter.c.o

.group          0x0000000000000000        0x8
 .group         0x0000000000000000        0x8 ../systemlib/perf_counter.c.o

.group          0x0000000000000000        0x8
 .group         0x0000000000000000        0x8 ../systemlib/perf_counter.c.o

.group          0x0000000000000000        0x8
 .group         0x0000000000000000        0x8 ../systemlib/perf_counter.c.o

.group          0x0000000000000000        0x8
 .group         0x0000000000000000        0x8 ../systemlib/perf_counter.c.o

.group          0x0000000000000000        0x8
 .group         0x0000000000000000        0x8 ../systemlib/perf_counter.c.o

.group          0x0000000000000000        0x8
 .group         0x0000000000000000        0x8 mixer.cpp.o

.group          0x0000000000000000        0x8
 .group         0x0000000000000000        0x8 mixer.cpp.o

.group          0x0000000000000000        0x8
 .group         0x0000000000000000        0x8 mixer.cpp.o

.group          0x0000000000000000        0x8
 .group         0x0000000000000000        0x8 mixer.cpp.o

.group          0x0000000000000000        0x8
 .group         0x0000000000000000        0x8 mixer.cpp.o

.group          0x0000000000000000        0x8
 .group         0x0000000000000000        0x8 mixer.cpp.o

.group          0x0000000000000000        0x8
 .group         0x0000000000000000        0x8 mixer.cpp.o

.group          0x0000000000000000        0x8
 .group         0x0000000000000000        0x8 mixer.cpp.o

.group          0x0000000000000000        0x8
 .group         0x0000000000000000        0x8 mixer.cpp.o

.group          0x0000000000000000        0x8
 .group         0x0000000000000000        0x8 mixer.cpp.o

.group          0x0000000000000000        0x8
 .group         0x0000000000000000        0x8 mixer.cpp.o

.group          0x0000000000000000        0x8
 .group         0x0000000000000000        0x8 mixer.cpp.o

.group          0x0000000000000000        0x8
 .group         0x0000000000000000        0x8 mixer.cpp.o

.group          0x0000000000000000        0x8
 .group         0x0000000000000000        0x8 mixer.cpp.o

.group          0x0000000000000000        0x8
 .group         0x0000000000000000        0x8 mixer.cpp.o

.group          0x0000000000000000        0x8
 .group         0x0000000000000000        0x8 mixer.cpp.o

.group          0x0000000000000000        0x8
 .group         0x0000000000000000        0x8 mixer.cpp.o

.group          0x0000000000000000        0x8
 .group         0x0000000000000000        0x8 mixer.cpp.o

.group          0x0000000000000000        0x8
 .group         0x0000000000000000        0x8 mixer.cpp.o

.group          0x0000000000000000        0x8
 .group         0x0000000000000000        0x8 mixer.cpp.o

.group          0x0000000000000000        0x8
 .group         0x0000000000000000        0x8 mixer.cpp.o

.group          0x0000000000000000        0x8
 .group         0x0000000000000000        0x8 mixer.cpp.o

.group          0x0000000000000000        0x8
 .group         0x0000000000000000        0x8 mixer.cpp.o

.group          0x0000000000000000        0x8
 .group         0x0000000000000000        0x8 mixer.cpp.o

.group          0x0000000000000000        0x8
 .group         0x0000000000000000        0x8 mixer.cpp.o

.group          0x0000000000000000        0x8
 .group         0x0000000000000000        0x8 mixer.cpp.o

.group          0x0000000000000000        0x8
 .group         0x0000000000000000        0x8 mixer.cpp.o

.group          0x0000000000000000        0x8
 .group         0x0000000000000000        0x8 mixer.cpp.o

.group          0x0000000000000000        0x8
 .group         0x0000000000000000        0x8 mixer.cpp.o

.group          0x0000000000000000        0x8
 .group         0x0000000000000000        0x8 mixer.cpp.o

.group          0x0000000000000000        0x8
 .group         0x0000000000000000        0x8 mixer.cpp.o

.group          0x0000000000000000        0x8
 .group         0x0000000000000000        0x8 mixer.cpp.o

.group          0x0000000000000000        0x8
 .group         0x0000000000000000        0x8 mixer.cpp.o

.group          0x0000000000000000        0x8
 .group         0x0000000000000000        0x8 mixer.cpp.o

.group          0x0000000000000000        0x8
 .group         0x0000000000000000        0x8 mixer.cpp.o

.group          0x0000000000000000        0x8
 .group         0x0000000000000000        0x8 mixer.cpp.o

.group          0x0000000000000000        0x8
 .group         0x0000000000000000        0x8 mixer.cpp.o

.group          0x0000000000000000        0x8
 .group         0x0000000000000000        0x8 mixer.cpp.o

.group          0x0000000000000000        0x8
 .group         0x0000000000000000        0x8 mixer.cpp.o

.group          0x0000000000000000        0x8
 .group         0x0000000000000000        0x8 mixer.cpp.o

.group          0x0000000000000000        0x8
 .group         0x0000000000000000        0x8 mixer.cpp.o

.group          0x0000000000000000        0x8
 .group         0x0000000000000000        0x8 mixer.cpp.o

.group          0x0000000000000000        0x8
 .group         0x0000000000000000        0x8 mixer.cpp.o

.group          0x0000000000000000        0x8
 .group         0x0000000000000000        0x8 mixer.cpp.o

.group          0x0000000000000000        0x8
 .group         0x0000000000000000        0x8 mixer.cpp.o

.group          0x0000000000000000        0x8
 .group         0x0000000000000000        0x8 mixer.cpp.o

.group          0x0000000000000000        0x8
 .group         0x0000000000000000        0x8 mixer.cpp.o

.group          0x0000000000000000        0x8
 .group         0x0000000000000000        0x8 mixer.cpp.o

.group          0x0000000000000000        0x8
 .group         0x0000000000000000        0x8 mixer.cpp.o

.group          0x0000000000000000        0x8
 .group         0x0000000000000000        0x8 mixer.cpp.o

.group          0x0000000000000000        0x8
 .group         0x0000000000000000        0x8 mixer.cpp.o

.group          0x0000000000000000        0x8
 .group         0x0000000000000000        0x8 mixer.cpp.o

.group          0x0000000000000000        0x8
 .group         0x0000000000000000        0x8 mixer.cpp.o

.group          0x0000000000000000        0x8
 .group         0x0000000000000000        0x8 ../systemlib/mixer/mixer.cpp.o

.group          0x0000000000000000        0x8
 .group         0x0000000000000000        0x8 ../systemlib/mixer/mixer.cpp.o

.group          0x0000000000000000        0x8
 .group         0x0000000000000000        0x8 ../systemlib/mixer/mixer.cpp.o

.group          0x0000000000000000        0x8
 .group         0x0000000000000000        0x8 ../systemlib/mixer/mixer.cpp.o

.group          0x0000000000000000        0x8
 .group         0x0000000000000000        0x8 ../systemlib/mixer/mixer.cpp.o

.group          0x0000000000000000        0x8
 .group         0x0000000000000000        0x8 ../systemlib/mixer/mixer.cpp.o

.group          0x0000000000000000        0x8
 .group         0x0000000000000000        0x8 ../systemlib/mixer/mixer.cpp.o

.group          0x0000000000000000        0x8
 .group         0x0000000000000000        0x8 ../systemlib/mixer/mixer.cpp.o

.group          0x0000000000000000        0x8
 .group         0x0000000000000000        0x8 ../systemlib/mixer/mixer.cpp.o

.group          0x0000000000000000        0x8
 .group         0x0000000000000000        0x8 ../systemlib/mixer/mixer.cpp.o

.group          0x0000000000000000        0x8
 .group         0x0000000000000000        0x8 ../systemlib/mixer/mixer.cpp.o

.group          0x0000000000000000        0x8
 .group         0x0000000000000000        0x8 ../systemlib/mixer/mixer.cpp.o

.group          0x0000000000000000        0x8
 .group         0x0000000000000000        0x8 ../systemlib/mixer/mixer.cpp.o

.group          0x0000000000000000        0x8
 .group         0x0000000000000000        0x8 ../systemlib/mixer/mixer.cpp.o

.group          0x0000000000000000        0x8
 .group         0x0000000000000000        0x8 ../systemlib/pwm_limit/pwm_limit.c.o

.group          0x0000000000000000        0x8
 .group         0x0000000000000000        0x8 ../systemlib/pwm_limit/pwm_limit.c.o

.group          0x0000000000000000        0x8
 .group         0x0000000000000000        0x8 ../systemlib/pwm_limit/pwm_limit.c.o

.group          0x0000000000000000        0x8
 .group         0x0000000000000000        0x8 serial.c.o

.group          0x0000000000000000        0x8
 .group         0x0000000000000000        0x8 serial.c.o

.group          0x0000000000000000        0x8
 .group         0x0000000000000000        0x8 ../systemlib/hx_stream.c.o

.debug
 *(.debug)

.line
 *(.line)

.debug_srcinfo
 *(.debug_srcinfo)

.debug_sfnames
 *(.debug_sfnames)

.debug_aranges  0x0000000000000000      0x518
 *(.debug_aranges)
 .debug_aranges
                0x0000000000000000       0x28 adc.c.o
 .debug_aranges
                0x0000000000000028       0x28 controls.c.o
 .debug_aranges
                0x0000000000000050       0x38 dsm.c.o
 .debug_aranges
                0x0000000000000088       0x38 px4io.c.o
 .debug_aranges
                0x00000000000000c0       0x30 registers.c.o
 .debug_aranges
                0x00000000000000f0       0x38 safety.c.o
 .debug_aranges
                0x0000000000000128       0x38 sbus.c.o
 .debug_aranges
                0x0000000000000160       0x20 ../systemlib/up_cxxinitialize.c.o
 .debug_aranges
                0x0000000000000180       0x90 ../systemlib/perf_counter.c.o
 .debug_aranges
                0x0000000000000210       0x38 mixer.cpp.o
 .debug_aranges
                0x0000000000000248       0x88 ../systemlib/mixer/mixer.cpp.o
 .debug_aranges
                0x00000000000002d0       0x70 ../systemlib/mixer/mixer_group.cpp.o
 .debug_aranges
                0x0000000000000340       0x58 ../systemlib/mixer/mixer_multirotor.cpp.o
 .debug_aranges
                0x0000000000000398       0x78 ../systemlib/mixer/mixer_simple.cpp.o
 .debug_aranges
                0x0000000000000410       0x28 ../systemlib/pwm_limit/pwm_limit.c.o
 .debug_aranges
                0x0000000000000438       0x28 ../../lib/rc/st24.c.o
 .debug_aranges
                0x0000000000000460       0x30 ../../lib/rc/sumd.c.o
 .debug_aranges
                0x0000000000000490       0x30 serial.c.o
 .debug_aranges
                0x00000000000004c0       0x58 ../systemlib/hx_stream.c.o

.debug_pubnames
 *(.debug_pubnames)

.debug_info     0x0000000000000000    0x1d866
 *(.debug_info)
 .debug_info    0x0000000000000000      0x2d8 adc.c.o
 .debug_info    0x00000000000002d8      0xa03 controls.c.o
 .debug_info    0x0000000000000cdb      0x93a dsm.c.o
 .debug_info    0x0000000000001615      0xcc8 px4io.c.o
 .debug_info    0x00000000000022dd      0x961 registers.c.o
 .debug_info    0x0000000000002c3e      0x3ef safety.c.o
 .debug_info    0x000000000000302d      0x78e sbus.c.o
 .debug_info    0x00000000000037bb       0xf2 ../systemlib/up_cxxinitialize.c.o
 .debug_info    0x00000000000038ad      0xd75 ../systemlib/perf_counter.c.o
 .debug_info    0x0000000000004622     0x48be mixer.cpp.o
 .debug_info    0x0000000000008ee0     0x4496 ../systemlib/mixer/mixer.cpp.o
 .debug_info    0x000000000000d376     0x4638 ../systemlib/mixer/mixer_group.cpp.o
 .debug_info    0x00000000000119ae     0x5254 ../systemlib/mixer/mixer_multirotor.cpp.o
 .debug_info    0x0000000000016c02     0x4b7d ../systemlib/mixer/mixer_simple.cpp.o
 .debug_info    0x000000000001b77f      0x371 ../systemlib/pwm_limit/pwm_limit.c.o
 .debug_info    0x000000000001baf0      0x45e ../../lib/rc/st24.c.o
 .debug_info    0x000000000001bf4e      0x668 ../../lib/rc/sumd.c.o
 .debug_info    0x000000000001c5b6      0xb45 serial.c.o
 .debug_info    0x000000000001d0fb      0x76b ../systemlib/hx_stream.c.o

.debug_abbrev   0x0000000000000000     0x3da1
 *(.debug_abbrev)
 .debug_abbrev  0x0000000000000000      0x180 adc.c.o
 .debug_abbrev  0x0000000000000180      0x2ec controls.c.o
 .debug_abbrev  0x000000000000046c      0x33a dsm.c.o
 .debug_abbrev  0x00000000000007a6      0x34a px4io.c.o
 .debug_abbrev  0x0000000000000af0      0x27b registers.c.o
 .debug_abbrev  0x0000000000000d6b      0x207 safety.c.o
 .debug_abbrev  0x0000000000000f72      0x249 sbus.c.o
 .debug_abbrev  0x00000000000011bb       0x89 ../systemlib/up_cxxinitialize.c.o
 .debug_abbrev  0x0000000000001244      0x3b7 ../systemlib/perf_counter.c.o
 .debug_abbrev  0x00000000000015fb      0x5e7 mixer.cpp.o
 .debug_abbrev  0x0000000000001be2      0x506 ../systemlib/mixer/mixer.cpp.o
 .debug_abbrev  0x00000000000020e8      0x4d6 ../systemlib/mixer/mixer_group.cpp.o
 .debug_abbrev  0x00000000000025be      0x658 ../systemlib/mixer/mixer_multirotor.cpp.o
 .debug_abbrev  0x0000000000002c16      0x651 ../systemlib/mixer/mixer_simple.cpp.o
 .debug_abbrev  0x0000000000003267      0x184 ../systemlib/pwm_limit/pwm_limit.c.o
 .debug_abbrev  0x00000000000033eb      0x196 ../../lib/rc/st24.c.o
 .debug_abbrev  0x0000000000003581      0x1d5 ../../lib/rc/sumd.c.o
 .debug_abbrev  0x0000000000003756      0x304 serial.c.o
 .debug_abbrev  0x0000000000003a5a      0x347 ../systemlib/hx_stream.c.o

.debug_line     0x0000000000000000    0x135cc
 *(.debug_line)
 .debug_line    0x0000000000000000     0x11a4 adc.c.o
 .debug_line    0x00000000000011a4     0x1481 controls.c.o
 .debug_line    0x0000000000002625     0x136d dsm.c.o
 .debug_line    0x0000000000003992     0x1327 px4io.c.o
 .debug_line    0x0000000000004cb9     0x156a registers.c.o
 .debug_line    0x0000000000006223     0x117c safety.c.o
 .debug_line    0x000000000000739f     0x1253 sbus.c.o
 .debug_line    0x00000000000085f2      0x2ff ../systemlib/up_cxxinitialize.c.o
 .debug_line    0x00000000000088f1      0xd8a ../systemlib/perf_counter.c.o
 .debug_line    0x000000000000967b     0x1a76 mixer.cpp.o
 .debug_line    0x000000000000b0f1     0x1270 ../systemlib/mixer/mixer.cpp.o
 .debug_line    0x000000000000c361     0x1266 ../systemlib/mixer/mixer_group.cpp.o
 .debug_line    0x000000000000d5c7     0x146d ../systemlib/mixer/mixer_multirotor.cpp.o
 .debug_line    0x000000000000ea34     0x1326 ../systemlib/mixer/mixer_simple.cpp.o
 .debug_line    0x000000000000fd5a      0xafa ../systemlib/pwm_limit/pwm_limit.c.o
 .debug_line    0x0000000000010854      0x890 ../../lib/rc/st24.c.o
 .debug_line    0x00000000000110e4      0x841 ../../lib/rc/sumd.c.o
 .debug_line    0x0000000000011925     0x125f serial.c.o
 .debug_line    0x0000000000012b84      0xa48 ../systemlib/hx_stream.c.o

.debug_frame    0x0000000000000000      0xcd8
 *(.debug_frame)
 .debug_frame   0x0000000000000000       0x4c adc.c.o
 .debug_frame   0x000000000000004c       0x58 controls.c.o
 .debug_frame   0x00000000000000a4       0x8c dsm.c.o
 .debug_frame   0x0000000000000130       0xa8 px4io.c.o
 .debug_frame   0x00000000000001d8       0x80 registers.c.o
 .debug_frame   0x0000000000000258       0x68 safety.c.o
 .debug_frame   0x00000000000002c0       0x94 sbus.c.o
 .debug_frame   0x0000000000000354       0x30 ../systemlib/up_cxxinitialize.c.o
 .debug_frame   0x0000000000000384      0x1c0 ../systemlib/perf_counter.c.o
 .debug_frame   0x0000000000000544       0x90 mixer.cpp.o
 .debug_frame   0x00000000000005d4      0x14c ../systemlib/mixer/mixer.cpp.o
 .debug_frame   0x0000000000000720      0x11c ../systemlib/mixer/mixer_group.cpp.o
 .debug_frame   0x000000000000083c       0xe4 ../systemlib/mixer/mixer_multirotor.cpp.o
 .debug_frame   0x0000000000000920      0x178 ../systemlib/mixer/mixer_simple.cpp.o
 .debug_frame   0x0000000000000a98       0x48 ../systemlib/pwm_limit/pwm_limit.c.o
 .debug_frame   0x0000000000000ae0       0x50 ../../lib/rc/st24.c.o
 .debug_frame   0x0000000000000b30       0x58 ../../lib/rc/sumd.c.o
 .debug_frame   0x0000000000000b88       0x7c serial.c.o
 .debug_frame   0x0000000000000c04       0xd4 ../systemlib/hx_stream.c.o

.debug_str      0x0000000000000000   0x20c48e
 *(.debug_str)
 .debug_str     0x0000000000000000    0x2d5ca adc.c.o
 .debug_str     0x000000000002d5ca    0x2d3d7 controls.c.o
 .debug_str     0x000000000005a9a1    0x2d602 dsm.c.o
 .debug_str     0x0000000000087fa3    0x2fbf2 px4io.c.o
 .debug_str     0x00000000000b7b95    0x2de7f registers.c.o
 .debug_str     0x00000000000e5a14    0x2cda2 safety.c.o
 .debug_str     0x00000000001127b6    0x2dca5 sbus.c.o
 .debug_str     0x000000000014045b     0x473f ../systemlib/up_cxxinitialize.c.o
 .debug_str     0x0000000000144b9a     0xd078 ../systemlib/perf_counter.c.o
 .debug_str     0x0000000000151c12    0x30bb0 mixer.cpp.o
 .debug_str     0x00000000001827c2     0xeb61 ../systemlib/mixer/mixer.cpp.o
 .debug_str     0x0000000000191323     0xe9f9 ../systemlib/mixer/mixer_group.cpp.o
 .debug_str     0x000000000019fd1c    0x101a4 ../systemlib/mixer/mixer_multirotor.cpp.o
 .debug_str     0x00000000001afec0     0xed49 ../systemlib/mixer/mixer_simple.cpp.o
 .debug_str     0x00000000001bec09     0x90ea ../systemlib/pwm_limit/pwm_limit.c.o
 .debug_str     0x00000000001c7cf3     0x6e62 ../../lib/rc/st24.c.o
 .debug_str     0x00000000001ceb55     0x6e8a ../../lib/rc/sumd.c.o
 .debug_str     0x00000000001d59df    0x2d60b serial.c.o
 .debug_str     0x0000000000202fea     0x94a4 ../systemlib/hx_stream.c.o

.debug_loc      0x0000000000000000     0x832b
 *(.debug_loc)
 .debug_loc     0x0000000000000000       0x4e adc.c.o
 .debug_loc     0x000000000000004e      0x6f5 controls.c.o
 .debug_loc     0x0000000000000743     0x1136 dsm.c.o
 .debug_loc     0x0000000000001879      0x358 px4io.c.o
 .debug_loc     0x0000000000001bd1     0x1b01 registers.c.o
 .debug_loc     0x00000000000036d2       0xd5 safety.c.o
 .debug_loc     0x00000000000037a7      0x549 sbus.c.o
 .debug_loc     0x0000000000003cf0       0x49 ../systemlib/up_cxxinitialize.c.o
 .debug_loc     0x0000000000003d39      0x91d ../systemlib/perf_counter.c.o
 .debug_loc     0x0000000000004656      0x441 mixer.cpp.o
 .debug_loc     0x0000000000004a97      0x3d5 ../systemlib/mixer/mixer.cpp.o
 .debug_loc     0x0000000000004e6c      0x577 ../systemlib/mixer/mixer_group.cpp.o
 .debug_loc     0x00000000000053e3      0xca9 ../systemlib/mixer/mixer_multirotor.cpp.o
 .debug_loc     0x000000000000608c      0x939 ../systemlib/mixer/mixer_simple.cpp.o
 .debug_loc     0x00000000000069c5      0x4a6 ../systemlib/pwm_limit/pwm_limit.c.o
 .debug_loc     0x0000000000006e6b      0x69a ../../lib/rc/st24.c.o
 .debug_loc     0x0000000000007505      0x58c ../../lib/rc/sumd.c.o
 .debug_loc     0x0000000000007a91      0x366 serial.c.o
 .debug_loc     0x0000000000007df7      0x534 ../systemlib/hx_stream.c.o

.debug_macinfo
 *(.debug_macinfo)

.debug_weaknames
 *(.debug_weaknames)

.debug_funcnames
 *(.debug_funcnames)

.debug_typenames
 *(.debug_typenames)

.debug_varnames
 *(.debug_varnames)

.debug_pubtypes
 *(.debug_pubtypes)

.debug_ranges   0x0000000000000000     0x1468
 *(.debug_ranges)
 .debug_ranges  0x0000000000000000       0x18 adc.c.o
 .debug_ranges  0x0000000000000018      0x1b0 controls.c.o
 .debug_ranges  0x00000000000001c8      0x180 dsm.c.o
 .debug_ranges  0x0000000000000348       0xf0 px4io.c.o
 .debug_ranges  0x0000000000000438      0x198 registers.c.o
 .debug_ranges  0x00000000000005d0       0x28 safety.c.o
 .debug_ranges  0x00000000000005f8       0xf8 sbus.c.o
 .debug_ranges  0x00000000000006f0       0x28 ../systemlib/up_cxxinitialize.c.o
 .debug_ranges  0x0000000000000718      0x138 ../systemlib/perf_counter.c.o
 .debug_ranges  0x0000000000000850       0xf8 mixer.cpp.o
 .debug_ranges  0x0000000000000948      0x148 ../systemlib/mixer/mixer.cpp.o
 .debug_ranges  0x0000000000000a90      0x1b0 ../systemlib/mixer/mixer_group.cpp.o
 .debug_ranges  0x0000000000000c40      0x338 ../systemlib/mixer/mixer_multirotor.cpp.o
 .debug_ranges  0x0000000000000f78      0x220 ../systemlib/mixer/mixer_simple.cpp.o
 .debug_ranges  0x0000000000001198       0x60 ../systemlib/pwm_limit/pwm_limit.c.o
 .debug_ranges  0x00000000000011f8       0x48 ../../lib/rc/st24.c.o
 .debug_ranges  0x0000000000001240       0x40 ../../lib/rc/sumd.c.o
 .debug_ranges  0x0000000000001280      0x110 serial.c.o
 .debug_ranges  0x0000000000001390       0xd8 ../systemlib/hx_stream.c.o

.debug_macro    0x0000000000000000     0x4a6d
 *(.debug_macro)
 .debug_macro   0x0000000000000000      0x597 adc.c.o
 .debug_macro   0x0000000000000597      0x541 controls.c.o
 .debug_macro   0x0000000000000ad8      0x506 dsm.c.o
 .debug_macro   0x0000000000000fde      0x595 px4io.c.o
 .debug_macro   0x0000000000001573      0x558 registers.c.o
 .debug_macro   0x0000000000001acb      0x4fd safety.c.o
 .debug_macro   0x0000000000001fc8      0x55d sbus.c.o
 .debug_macro   0x0000000000002525       0x7e ../systemlib/up_cxxinitialize.c.o
 .debug_macro   0x00000000000025a3      0x2ce ../systemlib/perf_counter.c.o
 .debug_macro   0x0000000000002871      0x614 mixer.cpp.o
 .debug_macro   0x0000000000002e85      0x39e ../systemlib/mixer/mixer.cpp.o
 .debug_macro   0x0000000000003223      0x397 ../systemlib/mixer/mixer_group.cpp.o
 .debug_macro   0x00000000000035ba      0x3b3 ../systemlib/mixer/mixer_multirotor.cpp.o
 .debug_macro   0x000000000000396d      0x3a0 ../systemlib/mixer/mixer_simple.cpp.o
 .debug_macro   0x0000000000003d0d      0x282 ../systemlib/pwm_limit/pwm_limit.c.o
 .debug_macro   0x0000000000003f8f      0x1b7 ../../lib/rc/st24.c.o
 .debug_macro   0x0000000000004146      0x1b7 ../../lib/rc/sumd.c.o
 .debug_macro   0x00000000000042fd      0x52d serial.c.o
 .debug_macro   0x000000000000482a      0x243 ../systemlib/hx_stream.c.o

.stack
 *(.stack)

.ARM.attributes
                0x0000000000000000       0x2f
 *(.ARM.attributes)
 .ARM.attributes
                0x0000000000000000       0x2f adc.c.o
 .ARM.attributes
                0x000000000000002f       0x2f controls.c.o
 .ARM.attributes
                0x000000000000005e       0x2f dsm.c.o
 .ARM.attributes
                0x000000000000008d       0x2f px4io.c.o
 .ARM.attributes
                0x00000000000000bc       0x2f registers.c.o
 .ARM.attributes
                0x00000000000000eb       0x2f safety.c.o
 .ARM.attributes
                0x000000000000011a       0x2f sbus.c.o
 .ARM.attributes
                0x0000000000000149       0x2f ../systemlib/up_cxxinitialize.c.o
 .ARM.attributes
                0x0000000000000178       0x2f ../systemlib/perf_counter.c.o
 .ARM.attributes
                0x00000000000001a7       0x2f mixer.cpp.o
 .ARM.attributes
                0x00000000000001d6       0x2f ../systemlib/mixer/mixer.cpp.o
 .ARM.attributes
                0x0000000000000205       0x2f ../systemlib/mixer/mixer_group.cpp.o
 .ARM.attributes
                0x0000000000000234       0x2f ../systemlib/mixer/mixer_multirotor.cpp.o
 .ARM.attributes
                0x0000000000000263       0x2f ../systemlib/mixer/mixer_simple.cpp.o
 .ARM.attributes
                0x0000000000000292       0x2f ../systemlib/pwm_limit/pwm_limit.c.o
 .ARM.attributes
                0x00000000000002c1       0x2f ../../lib/rc/st24.c.o
 .ARM.attributes
                0x00000000000002f0       0x2f ../../lib/rc/sumd.c.o
 .ARM.attributes
                0x000000000000031f       0x2f serial.c.o
 .ARM.attributes
                0x000000000000034e       0x2f ../systemlib/hx_stream.c.o
 *(.gnu.attributes)

.note.gnu.arm.ident
 *(.note.gnu.arm.ident)
OUTPUT(/Users/Oskar/CARTUM/Codigo_px4/ardupilot/modules/PX4Firmware/Build/px4io-v2_default.build//Users/Oskar/CARTUM/Codigo_px4/ardupilot/modules/PX4Firmware/src/modules/px4iofirmware/module.pre.o elf32-littlearm)

.debug_macro    0x0000000000000000      0x856
 .debug_macro   0x0000000000000000      0x856 adc.c.o

.debug_macro    0x0000000000000000       0x22
 .debug_macro   0x0000000000000000       0x22 adc.c.o

.debug_macro    0x0000000000000000      0x55e
 .debug_macro   0x0000000000000000      0x55e adc.c.o

.debug_macro    0x0000000000000000       0xc9
 .debug_macro   0x0000000000000000       0xc9 adc.c.o

.debug_macro    0x0000000000000000       0x10
 .debug_macro   0x0000000000000000       0x10 adc.c.o

.debug_macro    0x0000000000000000       0x88
 .debug_macro   0x0000000000000000       0x88 adc.c.o

.debug_macro    0x0000000000000000      0x14e
 .debug_macro   0x0000000000000000      0x14e adc.c.o

.debug_macro    0x0000000000000000      0x125
 .debug_macro   0x0000000000000000      0x125 adc.c.o

.debug_macro    0x0000000000000000       0x6f
 .debug_macro   0x0000000000000000       0x6f adc.c.o

.debug_macro    0x0000000000000000       0x22
 .debug_macro   0x0000000000000000       0x22 adc.c.o

.debug_macro    0x0000000000000000       0x4c
 .debug_macro   0x0000000000000000       0x4c adc.c.o

.debug_macro    0x0000000000000000       0x49
 .debug_macro   0x0000000000000000       0x49 adc.c.o

.debug_macro    0x0000000000000000       0xfa
 .debug_macro   0x0000000000000000       0xfa adc.c.o

.debug_macro    0x0000000000000000       0x1d
 .debug_macro   0x0000000000000000       0x1d adc.c.o

.debug_macro    0x0000000000000000       0x28
 .debug_macro   0x0000000000000000       0x28 adc.c.o

.debug_macro    0x0000000000000000       0xd1
 .debug_macro   0x0000000000000000       0xd1 adc.c.o

.debug_macro    0x0000000000000000       0x98
 .debug_macro   0x0000000000000000       0x98 adc.c.o

.debug_macro    0x0000000000000000       0x16
 .debug_macro   0x0000000000000000       0x16 adc.c.o

.debug_macro    0x0000000000000000       0x59
 .debug_macro   0x0000000000000000       0x59 adc.c.o

.debug_macro    0x0000000000000000      0x114
 .debug_macro   0x0000000000000000      0x114 adc.c.o

.debug_macro    0x0000000000000000       0x46
 .debug_macro   0x0000000000000000       0x46 adc.c.o

.debug_macro    0x0000000000000000      0x1a2
 .debug_macro   0x0000000000000000      0x1a2 adc.c.o

.debug_macro    0x0000000000000000       0x10
 .debug_macro   0x0000000000000000       0x10 adc.c.o

.debug_macro    0x0000000000000000       0xbd
 .debug_macro   0x0000000000000000       0xbd adc.c.o

.debug_macro    0x0000000000000000       0x8a
 .debug_macro   0x0000000000000000       0x8a adc.c.o

.debug_macro    0x0000000000000000       0x10
 .debug_macro   0x0000000000000000       0x10 adc.c.o

.debug_macro    0x0000000000000000       0x10
 .debug_macro   0x0000000000000000       0x10 adc.c.o

.debug_macro    0x0000000000000000       0x39
 .debug_macro   0x0000000000000000       0x39 adc.c.o

.debug_macro    0x0000000000000000       0xba
 .debug_macro   0x0000000000000000       0xba adc.c.o

.debug_macro    0x0000000000000000       0x56
 .debug_macro   0x0000000000000000       0x56 adc.c.o

.debug_macro    0x0000000000000000       0x16
 .debug_macro   0x0000000000000000       0x16 adc.c.o

.debug_macro    0x0000000000000000       0x19
 .debug_macro   0x0000000000000000       0x19 adc.c.o

.debug_macro    0x0000000000000000       0xa1
 .debug_macro   0x0000000000000000       0xa1 adc.c.o

.debug_macro    0x0000000000000000       0x28
 .debug_macro   0x0000000000000000       0x28 adc.c.o

.debug_macro    0x0000000000000000      0x339
 .debug_macro   0x0000000000000000      0x339 adc.c.o

.debug_macro    0x0000000000000000      0x1d0
 .debug_macro   0x0000000000000000      0x1d0 adc.c.o

.debug_macro    0x0000000000000000      0x57d
 .debug_macro   0x0000000000000000      0x57d adc.c.o

.debug_macro    0x0000000000000000       0x71
 .debug_macro   0x0000000000000000       0x71 adc.c.o

.debug_macro    0x0000000000000000      0x1a4
 .debug_macro   0x0000000000000000      0x1a4 adc.c.o

.debug_macro    0x0000000000000000      0x570
 .debug_macro   0x0000000000000000      0x570 adc.c.o

.debug_macro    0x0000000000000000       0x10
 .debug_macro   0x0000000000000000       0x10 adc.c.o

.debug_macro    0x0000000000000000       0xbe
 .debug_macro   0x0000000000000000       0xbe adc.c.o

.debug_macro    0x0000000000000000      0x6f0
 .debug_macro   0x0000000000000000      0x6f0 adc.c.o

.debug_macro    0x0000000000000000       0x58
 .debug_macro   0x0000000000000000       0x58 adc.c.o

.debug_macro    0x0000000000000000       0xf4
 .debug_macro   0x0000000000000000       0xf4 adc.c.o

.debug_macro    0x0000000000000000       0x16
 .debug_macro   0x0000000000000000       0x16 adc.c.o

.debug_macro    0x0000000000000000       0x1d
 .debug_macro   0x0000000000000000       0x1d adc.c.o

.debug_macro    0x0000000000000000      0x139