
Discarded input sections

 .group         0x0000000000000000        0x8 conversions.c.o
 .group         0x0000000000000000        0x8 conversions.c.o
 .group         0x0000000000000000        0x8 conversions.c.o
 .group         0x0000000000000000        0x8 conversions.c.o
 .group         0x0000000000000000        0x8 conversions.c.o
 .group         0x0000000000000000        0x8 conversions.c.o
 .group         0x0000000000000000        0x8 conversions.c.o
 .group         0x0000000000000000        0x8 conversions.c.o
 .group         0x0000000000000000        0x8 conversions.c.o
 .debug_macro   0x0000000000000000      0x8aa conversions.c.o
 .debug_macro   0x0000000000000000       0x22 conversions.c.o
 .debug_macro   0x0000000000000000      0x8a6 conversions.c.o
 .debug_macro   0x0000000000000000      0x183 conversions.c.o
 .debug_macro   0x0000000000000000       0xc9 conversions.c.o
 .debug_macro   0x0000000000000000       0x10 conversions.c.o
 .debug_macro   0x0000000000000000       0x88 conversions.c.o
 .debug_macro   0x0000000000000000      0x14e conversions.c.o
 .debug_macro   0x0000000000000000      0x125 conversions.c.o
 .group         0x0000000000000000        0x8 cpuload.c.o
 .group         0x0000000000000000        0x8 cpuload.c.o
 .group         0x0000000000000000        0x8 cpuload.c.o
 .group         0x0000000000000000        0x8 cpuload.c.o
 .group         0x0000000000000000        0x8 cpuload.c.o
 .group         0x0000000000000000        0x8 cpuload.c.o
 .group         0x0000000000000000        0x8 cpuload.c.o
 .group         0x0000000000000000        0x8 cpuload.c.o
 .group         0x0000000000000000        0x8 cpuload.c.o
 .group         0x0000000000000000        0x8 cpuload.c.o
 .group         0x0000000000000000        0x8 cpuload.c.o
 .group         0x0000000000000000        0x8 cpuload.c.o
 .group         0x0000000000000000        0x8 cpuload.c.o
 .group         0x0000000000000000        0x8 cpuload.c.o
 .group         0x0000000000000000        0x8 cpuload.c.o
 .group         0x0000000000000000        0x8 cpuload.c.o
 .group         0x0000000000000000        0x8 cpuload.c.o
 .group         0x0000000000000000        0x8 cpuload.c.o
 .group         0x0000000000000000        0x8 cpuload.c.o
 .group         0x0000000000000000        0x8 cpuload.c.o
 .group         0x0000000000000000        0x8 cpuload.c.o
 .group         0x0000000000000000        0x8 cpuload.c.o
 .group         0x0000000000000000        0x8 cpuload.c.o
 .group         0x0000000000000000        0x8 cpuload.c.o
 .group         0x0000000000000000        0x8 cpuload.c.o
 .group         0x0000000000000000        0x8 cpuload.c.o
 .group         0x0000000000000000        0x8 cpuload.c.o
 .group         0x0000000000000000        0x8 cpuload.c.o
 .group         0x0000000000000000        0x8 cpuload.c.o
 .group         0x0000000000000000        0x8 cpuload.c.o
 .group         0x0000000000000000        0x8 cpuload.c.o
 .group         0x0000000000000000        0x8 cpuload.c.o
 .group         0x0000000000000000        0x8 cpuload.c.o
 .group         0x0000000000000000        0x8 cpuload.c.o
 .group         0x0000000000000000        0x8 cpuload.c.o
 .group         0x0000000000000000        0x8 cpuload.c.o
 .group         0x0000000000000000        0x8 cpuload.c.o
 .group         0x0000000000000000        0x8 cpuload.c.o
 .group         0x0000000000000000        0x8 cpuload.c.o
 .group         0x0000000000000000        0x8 cpuload.c.o
 .debug_macro   0x0000000000000000      0x8aa cpuload.c.o
 .debug_macro   0x0000000000000000       0x22 cpuload.c.o
 .debug_macro   0x0000000000000000      0x8a6 cpuload.c.o
 .debug_macro   0x0000000000000000       0xc9 cpuload.c.o
 .debug_macro   0x0000000000000000       0x10 cpuload.c.o
 .debug_macro   0x0000000000000000       0x88 cpuload.c.o
 .debug_macro   0x0000000000000000      0x14e cpuload.c.o
 .debug_macro   0x0000000000000000      0x125 cpuload.c.o
 .debug_macro   0x0000000000000000       0x69 cpuload.c.o
 .debug_macro   0x0000000000000000       0x22 cpuload.c.o
 .debug_macro   0x0000000000000000       0x49 cpuload.c.o
 .debug_macro   0x0000000000000000      0x11b cpuload.c.o
 .debug_macro   0x0000000000000000       0x59 cpuload.c.o
 .debug_macro   0x0000000000000000      0x27f cpuload.c.o
 .debug_macro   0x0000000000000000       0x10 cpuload.c.o
 .debug_macro   0x0000000000000000      0x195 cpuload.c.o
 .debug_macro   0x0000000000000000       0x8a cpuload.c.o
 .debug_macro   0x0000000000000000       0x10 cpuload.c.o
 .debug_macro   0x0000000000000000       0x10 cpuload.c.o
 .debug_macro   0x0000000000000000       0x23 cpuload.c.o
 .debug_macro   0x0000000000000000       0x39 cpuload.c.o
 .debug_macro   0x0000000000000000       0x16 cpuload.c.o
 .debug_macro   0x0000000000000000       0x58 cpuload.c.o
 .debug_macro   0x0000000000000000       0x1c cpuload.c.o
 .debug_macro   0x0000000000000000       0x22 cpuload.c.o
 .debug_macro   0x0000000000000000       0x29 cpuload.c.o
[...]
Memory Configuration

Name             Origin             Length             Attributes
*default*        0x0000000000000000 0xffffffffffffffff

Linker script and memory map

LOAD perf_counter.c.o
LOAD conversions.c.o
LOAD cpuload.c.o
LOAD getopt_long.c.o
LOAD pid/pid.c.o
LOAD airspeed.c.o
LOAD mavlink_log.c.o
LOAD rc_check.c.o
LOAD otp.c.o
LOAD board_serial.c.o
LOAD pwm_limit/pwm_limit.c.o
LOAD mcu_version.c.o
LOAD bson/tinybson.c.o
LOAD circuit_breaker.cpp.o
LOAD /Users/Oskar/CARTUM/Codigo_px4/ardupilot/modules/PX4Firmware/Build/git_version.c.o
LOAD err.c.o
LOAD up_cxxinitialize.c.o
LOAD hx_stream.c.o

.interp
 *(.interp)

.note.gnu.build-id
 *(.note.gnu.build-id)

.hash
 *(.hash)

.gnu.hash
 *(.gnu.hash)

.dynsym
 *(.dynsym)

.dynstr
 *(.dynstr)

.gnu.version
 *(.gnu.version)

.gnu.version_d
 *(.gnu.version_d)

.gnu.version_r
 *(.gnu.version_r)

.rel.init
 *(.rel.init)

.rela.init
 *(.rela.init)

.rel.text
 *(.rel.text)

.rela.text
 *(.rela.text)

.rel.fini
 *(.rel.fini)

.rela.fini
 *(.rela.fini)

.rel.rodata
 *(.rel.rodata)

.rela.rodata
 *(.rela.rodata)

.rel.data.rel.ro
 *(.rel.data.rel.ro)

.rela.data.rel.ro
 *(.rela.data.rel.ro)

.rel.data
 *(.rel.data)

.rela.data
 *(.rela.data)

.rel.tdata
 *(.rel.tdata)

.rela.tdata
 *(.rela.tdata)

.rel.tbss
 *(.rel.tbss)

.rela.tbss
 *(.rela.tbss)

.rel.ctors
 *(.rel.ctors)

.rela.ctors
 *(.rela.ctors)

.rel.dtors
 *(.rel.dtors)

.rela.dtors
 *(.rela.dtors)

.rel.got
 *(.rel.got)

.rela.got
 *(.rela.got)

.rel.bss
 *(.rel.bss)

.rela.bss
 *(.rela.bss)

.rel.iplt
 *(.rel.iplt)

.rela.iplt
 *(.rela.iplt)

.rel.plt
 *(.rel.plt)

.rela.plt
 *(.rela.plt)

.init
 *(SORT(.init))

.plt
 *(.plt)

.iplt
 *(.iplt)

.text           0x0000000000000000        0x0
 *(.text .stub)
 .text          0x0000000000000000        0x0 perf_counter.c.o
 .text          0x0000000000000000        0x0 conversions.c.o
 .text          0x0000000000000000        0x0 cpuload.c.o
 .text          0x0000000000000000        0x0 getopt_long.c.o
 .text          0x0000000000000000        0x0 pid/pid.c.o
 .text          0x0000000000000000        0x0 airspeed.c.o
 .text          0x0000000000000000        0x0 mavlink_log.c.o
 .text          0x0000000000000000        0x0 rc_check.c.o
 .text          0x0000000000000000        0x0 otp.c.o
 .text          0x0000000000000000        0x0 board_serial.c.o
 .text          0x0000000000000000        0x0 pwm_limit/pwm_limit.c.o
 .text          0x0000000000000000        0x0 mcu_version.c.o
 .text          0x0000000000000000        0x0 bson/tinybson.c.o
 .text          0x0000000000000000        0x0 circuit_breaker.cpp.o
 .text          0x0000000000000000        0x0 /Users/Oskar/CARTUM/Codigo_px4/ardupilot/modules/PX4Firmware/Build/git_version.c.o
 .text          0x0000000000000000        0x0 err.c.o
 .text          0x0000000000000000        0x0 up_cxxinitialize.c.o
 .text          0x0000000000000000        0x0 hx_stream.c.o
 *(.gnu.warning)

.text.perf_alloc
                0x0000000000000000       0x40
 .text.perf_alloc
                0x0000000000000000       0x40 perf_counter.c.o
                0x0000000000000000                perf_alloc

.text.perf_alloc_once
                0x0000000000000000       0x38
 .text.perf_alloc_once
                0x0000000000000000       0x38 perf_counter.c.o
                0x0000000000000000                perf_alloc_once

.text.perf_free
                0x0000000000000000       0x1c
 .text.perf_free
                0x0000000000000000       0x1c perf_counter.c.o
                0x0000000000000000                perf_free

.text.perf_count
                0x0000000000000000       0xf4
 .text.perf_count
                0x0000000000000000       0xf4 perf_counter.c.o
                0x0000000000000000                perf_count

.text.perf_begin
                0x0000000000000000       0x16
 .text.perf_begin
                0x0000000000000000       0x16 perf_counter.c.o
                0x0000000000000000                perf_begin

.text.perf_end  0x0000000000000000       0xdc
 .text.perf_end
                0x0000000000000000       0xdc perf_counter.c.o
                0x0000000000000000                perf_end

.text.perf_set  0x0000000000000000       0xc8
 .text.perf_set
                0x0000000000000000       0xc8 perf_counter.c.o
                0x0000000000000000                perf_set

.text.perf_cancel
                0x0000000000000000       0x12
 .text.perf_cancel
                0x0000000000000000       0x12 perf_counter.c.o
                0x0000000000000000                perf_cancel

.text.perf_reset
                0x0000000000000000       0x42
 .text.perf_reset
                0x0000000000000000       0x42 perf_counter.c.o
                0x0000000000000000                perf_reset

.text.perf_print_counter_fd
                0x0000000000000000      0x130
 .text.perf_print_counter_fd
                0x0000000000000000      0x130 perf_counter.c.o
                0x0000000000000000                perf_print_counter_fd

.text.perf_print_counter
                0x0000000000000000        0x8
 .text.perf_print_counter
                0x0000000000000000        0x8 perf_counter.c.o
                0x0000000000000000                perf_print_counter

.text.perf_event_count
                0x0000000000000000       0x1a
 .text.perf_event_count
                0x0000000000000000       0x1a perf_counter.c.o
                0x0000000000000000                perf_event_count

.text.perf_print_all
                0x0000000000000000       0x1c
 .text.perf_print_all
                0x0000000000000000       0x1c perf_counter.c.o
                0x0000000000000000                perf_print_all

.text.perf_print_latency
                0x0000000000000000       0x58
 .text.perf_print_latency
                0x0000000000000000       0x58 perf_counter.c.o
                0x0000000000000000                perf_print_latency

.text.perf_reset_all
                0x0000000000000000       0x34
 .text.perf_reset_all
                0x0000000000000000       0x34 perf_counter.c.o
                0x0000000000000000                perf_reset_all

.text.int16_t_from_bytes
                0x0000000000000000       0x14
 .text.int16_t_from_bytes
                0x0000000000000000       0x14 conversions.c.o
                0x0000000000000000                int16_t_from_bytes

.text.cpuload_initialize_once
                0x0000000000000000       0x78
 .text.cpuload_initialize_once
                0x0000000000000000       0x78 cpuload.c.o
                0x0000000000000000                cpuload_initialize_once

.text.sched_note_start
                0x0000000000000000       0x4c
 .text.sched_note_start
                0x0000000000000000       0x4c cpuload.c.o
                0x0000000000000000                sched_note_start

.text.sched_note_stop
                0x0000000000000000       0x44
 .text.sched_note_stop
                0x0000000000000000       0x44 cpuload.c.o
                0x0000000000000000                sched_note_stop

.text.sched_note_switch
                0x0000000000000000       0x68
 .text.sched_note_switch
                0x0000000000000000       0x68 cpuload.c.o
                0x0000000000000000                sched_note_switch

.text.reverse_argv_elements
                0x0000000000000000       0x28
 .text.reverse_argv_elements
                0x0000000000000000       0x28 getopt_long.c.o

.text.is_option
                0x0000000000000000       0x1c
 .text.is_option
                0x0000000000000000       0x1c getopt_long.c.o

.text.getopt_internal
                0x0000000000000000      0x458
 .text.getopt_internal
                0x0000000000000000      0x458 getopt_long.c.o

.text.getopt_long
                0x0000000000000000       0x12
 .text.getopt_long
                0x0000000000000000       0x12 getopt_long.c.o
                0x0000000000000000                getopt_long

.text.getopt_long_only
                0x0000000000000000       0x12
 .text.getopt_long_only
                0x0000000000000000       0x12 getopt_long.c.o
                0x0000000000000000                getopt_long_only

.text.pid_init  0x0000000000000000       0x1a
 .text.pid_init
                0x0000000000000000       0x1a pid/pid.c.o
                0x0000000000000000                pid_init

.text.pid_set_parameters
                0x0000000000000000       0x86
 .text.pid_set_parameters
                0x0000000000000000       0x86 pid/pid.c.o
                0x0000000000000000                pid_set_parameters

.text.pid_calculate
                0x0000000000000000      0x188
 .text.pid_calculate
                0x0000000000000000      0x188 pid/pid.c.o
                0x0000000000000000                pid_calculate

.text.pid_reset_integral
                0x0000000000000000        0x6
 .text.pid_reset_integral
                0x0000000000000000        0x6 pid/pid.c.o
                0x0000000000000000                pid_reset_integral

.text.calc_indicated_airspeed
                0x0000000000000000       0x34
 .text.calc_indicated_airspeed
                0x0000000000000000       0x34 airspeed.c.o
                0x0000000000000000                calc_indicated_airspeed

.text.calc_true_airspeed_from_indicated
                0x0000000000000000       0x40
 .text.calc_true_airspeed_from_indicated
                0x0000000000000000       0x40 airspeed.c.o
                0x0000000000000000                calc_true_airspeed_from_indicated

.text.calc_true_airspeed
                0x0000000000000000       0x98
 .text.calc_true_airspeed
                0x0000000000000000       0x98 airspeed.c.o
                0x0000000000000000                calc_true_airspeed

.text.get_air_density
                0x0000000000000000       0x20
 .text.get_air_density
                0x0000000000000000       0x20 airspeed.c.o
                0x0000000000000000                get_air_density

.text.mavlink_logbuffer_init
                0x0000000000000000       0x18
 .text.mavlink_logbuffer_init
                0x0000000000000000       0x18 mavlink_log.c.o
                0x0000000000000000                mavlink_logbuffer_init

.text.mavlink_logbuffer_destroy
                0x0000000000000000        0xe
 .text.mavlink_logbuffer_destroy
                0x0000000000000000        0xe mavlink_log.c.o
                0x0000000000000000                mavlink_logbuffer_destroy

.text.mavlink_logbuffer_is_full
                0x0000000000000000        0xc
 .text.mavlink_logbuffer_is_full
                0x0000000000000000        0xc mavlink_log.c.o
                0x0000000000000000                mavlink_logbuffer_is_full

.text.mavlink_logbuffer_is_empty
                0x0000000000000000        0xc
 .text.mavlink_logbuffer_is_empty
                0x0000000000000000        0xc mavlink_log.c.o
                0x0000000000000000                mavlink_logbuffer_is_empty

.text.mavlink_logbuffer_write
                0x0000000000000000       0x46
 .text.mavlink_logbuffer_write
                0x0000000000000000       0x46 mavlink_log.c.o
                0x0000000000000000                mavlink_logbuffer_write

.text.mavlink_logbuffer_read
                0x0000000000000000       0x3c
 .text.mavlink_logbuffer_read
                0x0000000000000000       0x3c mavlink_log.c.o
                0x0000000000000000                mavlink_logbuffer_read

.text.mavlink_logbuffer_vasprintf
                0x0000000000000000       0x5a
 .text.mavlink_logbuffer_vasprintf
                0x0000000000000000       0x5a mavlink_log.c.o
                0x0000000000000000                mavlink_logbuffer_vasprintf

.text.mavlink_vasprintf
                0x0000000000000000       0x2e
 .text.mavlink_vasprintf
                0x0000000000000000       0x2e mavlink_log.c.o
                0x0000000000000000                mavlink_vasprintf

.text.rc_calibration_check
                0x0000000000000000      0x2e0
 .text.rc_calibration_check
                0x0000000000000000      0x2e0 rc_check.c.o
                0x0000000000000000                rc_calibration_check

.text.F_GetStatus
                0x0000000000000000       0x34
 .text.F_GetStatus
                0x0000000000000000       0x34 otp.c.o

.text.val_read  0x0000000000000000       0x22
 .text.val_read
                0x0000000000000000       0x22 otp.c.o
                0x0000000000000000                val_read

.text.F_unlock  0x0000000000000000       0x1c
 .text.F_unlock
                0x0000000000000000       0x1c otp.c.o
                0x0000000000000000                F_unlock

.text.F_lock    0x0000000000000000       0x10
 .text.F_lock   0x0000000000000000       0x10 otp.c.o
                0x0000000000000000                F_lock

.text.F_write_byte
                0x0000000000000000       0x84
 .text.F_write_byte
                0x0000000000000000       0x84 otp.c.o
                0x0000000000000000                F_write_byte

.text.lock_otp  0x0000000000000000       0x28
 .text.lock_otp
                0x0000000000000000       0x28 otp.c.o
                0x0000000000000000                lock_otp

.text.F_write_word
                0x0000000000000000       0x1e
 .text.F_write_word
                0x0000000000000000       0x1e otp.c.o
                0x0000000000000000                F_write_word

.text.write_otp
                0x0000000000000000       0xb0
 .text.write_otp
                0x0000000000000000       0xb0 otp.c.o
                0x0000000000000000                write_otp

.text.get_board_serial
                0x0000000000000000       0x60
 .text.get_board_serial
                0x0000000000000000       0x60 board_serial.c.o
                0x0000000000000000                get_board_serial

.text.pwm_limit_init
                0x0000000000000000        0xe
 .text.pwm_limit_init
                0x0000000000000000        0xe pwm_limit/pwm_limit.c.o
                0x0000000000000000                pwm_limit_init

.text.pwm_limit_calc
                0x0000000000000000      0x1c0
 .text.pwm_limit_calc
                0x0000000000000000      0x1c0 pwm_limit/pwm_limit.c.o
                0x0000000000000000                pwm_limit_calc

.text.mcu_unique_id
                0x0000000000000000       0x20
 .text.mcu_unique_id
                0x0000000000000000       0x20 mcu_version.c.o
                0x0000000000000000                mcu_unique_id

.text.mcu_version
                0x0000000000000000       0x84
 .text.mcu_version
                0x0000000000000000       0x84 mcu_version.c.o
                0x0000000000000000                mcu_version

.text.read_x    0x0000000000000000       0x50
 .text.read_x   0x0000000000000000       0x50 bson/tinybson.c.o

.text.write_x   0x0000000000000000       0x66
 .text.write_x  0x0000000000000000       0x66 bson/tinybson.c.o

.text.write_int8
                0x0000000000000000       0x16
 .text.write_int8
                0x0000000000000000       0x16 bson/tinybson.c.o

.text.write_name
                0x0000000000000000       0x2a
 .text.write_name
                0x0000000000000000       0x2a bson/tinybson.c.o

.text.bson_decoder_init_file
                0x0000000000000000       0x30
 .text.bson_decoder_init_file
                0x0000000000000000       0x30 bson/tinybson.c.o
                0x0000000000000000                bson_decoder_init_file

.text.bson_decoder_init_buf
                0x0000000000000000       0x54
 .text.bson_decoder_init_buf
                0x0000000000000000       0x54 bson/tinybson.c.o
                0x0000000000000000                bson_decoder_init_buf

.text.bson_decoder_next
                0x0000000000000000      0x130
 .text.bson_decoder_next
                0x0000000000000000      0x130 bson/tinybson.c.o
                0x0000000000000000                bson_decoder_next

.text.bson_decoder_copy_data
                0x0000000000000000       0x20
 .text.bson_decoder_copy_data
                0x0000000000000000       0x20 bson/tinybson.c.o
                0x0000000000000000                bson_decoder_copy_data

.text.bson_decoder_data_pending
                0x0000000000000000        0x4
 .text.bson_decoder_data_pending
                0x0000000000000000        0x4 bson/tinybson.c.o
                0x0000000000000000                bson_decoder_data_pending

.text.bson_encoder_init_file
                0x0000000000000000       0x26
 .text.bson_encoder_init_file
                0x0000000000000000       0x26 bson/tinybson.c.o
                0x0000000000000000                bson_encoder_init_file

.text.bson_encoder_init_buf
                0x0000000000000000       0x3c
 .text.bson_encoder_init_buf
                0x0000000000000000       0x3c bson/tinybson.c.o
                0x0000000000000000                bson_encoder_init_buf

.text.bson_encoder_buf_size
                0x0000000000000000       0x14
 .text.bson_encoder_buf_size
                0x0000000000000000       0x14 bson/tinybson.c.o
                0x0000000000000000                bson_encoder_buf_size

.text.bson_encoder_fini
                0x0000000000000000       0x3c
 .text.bson_encoder_fini
                0x0000000000000000       0x3c bson/tinybson.c.o
                0x0000000000000000                bson_encoder_fini

.text.bson_encoder_buf_data
                0x0000000000000000        0xc
 .text.bson_encoder_buf_data
                0x0000000000000000        0xc bson/tinybson.c.o
                0x0000000000000000                bson_encoder_buf_data

.text.bson_encoder_append_bool
                0x0000000000000000       0x38
 .text.bson_encoder_append_bool
                0x0000000000000000       0x38 bson/tinybson.c.o
                0x0000000000000000                bson_encoder_append_bool

.text.bson_encoder_append_int
                0x0000000000000000       0x72
 .text.bson_encoder_append_int
                0x0000000000000000       0x72 bson/tinybson.c.o
                0x0000000000000000                bson_encoder_append_int

.text.bson_encoder_append_double
                0x0000000000000000       0x52
 .text.bson_encoder_append_double
                0x0000000000000000       0x52 bson/tinybson.c.o
                0x0000000000000000                bson_encoder_append_double

.text.bson_encoder_append_string
                0x0000000000000000       0x58
 .text.bson_encoder_append_string
                0x0000000000000000       0x58 bson/tinybson.c.o
                0x0000000000000000                bson_encoder_append_string

.text.bson_encoder_append_binary
                0x0000000000000000       0x5c
 .text.bson_encoder_append_binary
                0x0000000000000000       0x5c bson/tinybson.c.o
                0x0000000000000000                bson_encoder_append_binary

.text.circuit_breaker_enabled
                0x0000000000000000       0x22
 .text.circuit_breaker_enabled
                0x0000000000000000       0x22 circuit_breaker.cpp.o
                0x0000000000000000                circuit_breaker_enabled

.text.warnerr_core
                0x0000000000000000       0x6c
 .text.warnerr_core
                0x0000000000000000       0x6c err.c.o

.text.getprogname
                0x0000000000000000        0xc
 .text.getprogname
                0x0000000000000000        0xc err.c.o
                0x0000000000000000                getprogname

.text.verr      0x0000000000000000       0x1c
 .text.verr     0x0000000000000000       0x1c err.c.o
                0x0000000000000000                verr

.text.err       0x0000000000000000       0x10
 .text.err      0x0000000000000000       0x10 err.c.o
                0x0000000000000000                err

.text.verrc     0x0000000000000000       0x14
 .text.verrc    0x0000000000000000       0x14 err.c.o
                0x0000000000000000                verrc

.text.errc      0x0000000000000000       0x10
 .text.errc     0x0000000000000000       0x10 err.c.o
                0x0000000000000000                errc

.text.verrx     0x0000000000000000       0x12
 .text.verrx    0x0000000000000000       0x12 err.c.o
                0x0000000000000000                verrx

.text.errx      0x0000000000000000       0x10
 .text.errx     0x0000000000000000       0x10 err.c.o
                0x0000000000000000                errx

.text.vwarn     0x0000000000000000       0x18
 .text.vwarn    0x0000000000000000       0x18 err.c.o
                0x0000000000000000                vwarn

.text.warn      0x0000000000000000       0x1a
 .text.warn     0x0000000000000000       0x1a err.c.o
                0x0000000000000000                warn

.text.warnc     0x0000000000000000       0x1a
 .text.warnc    0x0000000000000000       0x1a err.c.o
                0x0000000000000000                warnc

.text.vwarnc    0x0000000000000000        0x4
 .text.vwarnc   0x0000000000000000        0x4 err.c.o
                0x0000000000000000                vwarnc

.text.vwarnx    0x0000000000000000        0xe
 .text.vwarnx   0x0000000000000000        0xe err.c.o
                0x0000000000000000                vwarnx

.text.warnx     0x0000000000000000       0x1a
 .text.warnx    0x0000000000000000       0x1a err.c.o
                0x0000000000000000                warnx

.text.up_cxxinitialize
                0x0000000000000000       0x34
 .text.up_cxxinitialize
                0x0000000000000000       0x34 up_cxxinitialize.c.o
                0x0000000000000000                up_cxxinitialize

.text.hx_stream_init
                0x0000000000000000       0x24
 .text.hx_stream_init
                0x0000000000000000       0x24 hx_stream.c.o
                0x0000000000000000                hx_stream_init

.text.hx_stream_free
                0x0000000000000000       0x20
 .text.hx_stream_free
                0x0000000000000000       0x20 hx_stream.c.o
                0x0000000000000000                hx_stream_free

.text.hx_stream_set_counters
                0x0000000000000000        0x8
 .text.hx_stream_set_counters
                0x0000000000000000        0x8 hx_stream.c.o
                0x0000000000000000                hx_stream_set_counters

.text.hx_stream_reset
                0x0000000000000000       0x12
 .text.hx_stream_reset
                0x0000000000000000       0x12 hx_stream.c.o
                0x0000000000000000                hx_stream_reset

.text.hx_stream_start
                0x0000000000000000       0x26
 .text.hx_stream_start
                0x0000000000000000       0x26 hx_stream.c.o
                0x0000000000000000                hx_stream_start

.text.hx_stream_send_next
                0x0000000000000000       0x7a
 .text.hx_stream_send_next
                0x0000000000000000       0x7a hx_stream.c.o
                0x0000000000000000                hx_stream_send_next

.text.hx_stream_send
                0x0000000000000000       0x4c
 .text.hx_stream_send
                0x0000000000000000       0x4c hx_stream.c.o
                0x0000000000000000                hx_stream_send

.text.hx_stream_rx
                0x0000000000000000       0x8a
 .text.hx_stream_rx
                0x0000000000000000       0x8a hx_stream.c.o
                0x0000000000000000                hx_stream_rx

.fini
 *(SORT(.fini))

.rodata
 *(.rodata)

.rodata.str1.1  0x0000000000000000      0x386
 .rodata.str1.1
                0x0000000000000000       0xda perf_counter.c.o
 .rodata.str1.1
                0x00000000000000da       0x8a getopt_long.c.o
 .rodata.str1.1
                0x0000000000000164      0x144 rc_check.c.o
 .rodata.str1.1
                0x00000000000002a8       0x8d otp.c.o
 .rodata.str1.1
                0x0000000000000335       0x1e mcu_version.c.o
 .rodata.str1.1
                0x0000000000000353       0x29 /Users/Oskar/CARTUM/Codigo_px4/ardupilot/modules/PX4Firmware/Build/git_version.c.o
 .rodata.str1.1
                0x000000000000037c        0xa err.c.o

.rodata.px4_git_version_binary
                0x0000000000000000        0x8
 .rodata.px4_git_version_binary
                0x0000000000000000        0x8 /Users/Oskar/CARTUM/Codigo_px4/ardupilot/modules/PX4Firmware/Build/git_version.c.o
                0x0000000000000000                px4_git_version_binary

.rodata1
 *(.rodata1)

.ARM.extab
 *(.ARM.extab)

.ARM.exidx
 *(.ARM.exidx)

.eh_frame_hdr
 *(.eh_frame_hdr)

.eh_frame
 *(.eh_frame)

.gcc_except_table
 *(.gcc_except_table .gcc_except_table.*)

.exception_ranges
 *(.exception_ranges .exception_ranges*)

.eh_frame
 *(.eh_frame)

.gcc_except_table
 *(.gcc_except_table .gcc_except_table.*)

.exception_ranges
 *(.exception_ranges .exception_ranges*)

.tdata
 *(.tdata)

.tbss
 *(.tbss)

.preinit_array
 *(.preinit_array)

.jcr
 *(.jcr)

.dynamic
 *(.dynamic)

.got
 *(.got.plt)
 *(.igot.plt)
 *(.got)
 *(.igot)

.data           0x0000000000000000        0x0
 *(.data)
 .data          0x0000000000000000        0x0 perf_counter.c.o
 .data          0x0000000000000000        0x0 conversions.c.o
 .data          0x0000000000000000        0x0 cpuload.c.o
 .data          0x0000000000000000        0x0 getopt_long.c.o
 .data          0x0000000000000000        0x0 pid/pid.c.o
 .data          0x0000000000000000        0x0 airspeed.c.o
 .data          0x0000000000000000        0x0 mavlink_log.c.o
 .data          0x0000000000000000        0x0 rc_check.c.o
 .data          0x0000000000000000        0x0 otp.c.o
 .data          0x0000000000000000        0x0 board_serial.c.o
 .data          0x0000000000000000        0x0 pwm_limit/pwm_limit.c.o
 .data          0x0000000000000000        0x0 mcu_version.c.o
 .data          0x0000000000000000        0x0 bson/tinybson.c.o
 .data          0x0000000000000000        0x0 circuit_breaker.cpp.o
 .data          0x0000000000000000        0x0 /Users/Oskar/CARTUM/Codigo_px4/ardupilot/modules/PX4Firmware/Build/git_version.c.o
 .data          0x0000000000000000        0x0 err.c.o
 .data          0x0000000000000000        0x0 up_cxxinitialize.c.o
 .data          0x0000000000000000        0x0 hx_stream.c.o

.data.optopt    0x0000000000000000        0x4
 .data.optopt   0x0000000000000000        0x4 getopt_long.c.o
                0x0000000000000000                optopt

.data.opterr    0x0000000000000000        0x4
 .data.opterr   0x0000000000000000        0x4 getopt_long.c.o
                0x0000000000000000                opterr

.data.px4_git_version
                0x0000000000000000        0x4
 .data.px4_git_version
                0x0000000000000000        0x4 /Users/Oskar/CARTUM/Codigo_px4/ardupilot/modules/PX4Firmware/Build/git_version.c.o
                0x0000000000000000                px4_git_version

.data1
 *(.data1)

.bss            0x0000000000000000        0x0
 *(.dynbss)
 *(.bss)
 .bss           0x0000000000000000        0x0 perf_counter.c.o
 .bss           0x0000000000000000        0x0 conversions.c.o
 .bss           0x0000000000000000        0x0 cpuload.c.o
 .bss           0x0000000000000000        0x0 getopt_long.c.o
 .bss           0x0000000000000000        0x0 pid/pid.c.o
 .bss           0x0000000000000000        0x0 airspeed.c.o
 .bss           0x0000000000000000        0x0 mavlink_log.c.o
 .bss           0x0000000000000000        0x0 rc_check.c.o
 .bss           0x0000000000000000        0x0 otp.c.o
 .bss           0x0000000000000000        0x0 board_serial.c.o
 .bss           0x0000000000000000        0x0 pwm_limit/pwm_limit.c.o
 .bss           0x0000000000000000        0x0 mcu_version.c.o
 .bss           0x0000000000000000        0x0 bson/tinybson.c.o
 .bss           0x0000000000000000        0x0 circuit_breaker.cpp.o
 .bss           0x0000000000000000        0x0 /Users/Oskar/CARTUM/Codigo_px4/ardupilot/modules/PX4Firmware/Build/git_version.c.o
 .bss           0x0000000000000000        0x0 err.c.o
 .bss           0x0000000000000000        0x0 up_cxxinitialize.c.o
 .bss           0x0000000000000000        0x0 hx_stream.c.o
 *(COMMON)

.bss.perf_counters
                0x0000000000000000        0x8
 .bss.perf_counters
                0x0000000000000000        0x8 perf_counter.c.o

.bss.system_load
                0x0000000000000000      0x418
 .bss.system_load
                0x0000000000000000      0x418 cpuload.c.o
                0x0000000000000000                system_load

.bss.optwhere.5459
                0x0000000000000000        0x4
 .bss.optwhere.5459
                0x0000000000000000        0x4 getopt_long.c.o

.bss.optind     0x0000000000000000        0x4
 .bss.optind    0x0000000000000000        0x4 getopt_long.c.o
                0x0000000000000000                optind

.bss.optarg     0x0000000000000000        0x4
 .bss.optarg    0x0000000000000000        0x4 getopt_long.c.o
                0x0000000000000000                optarg

.stab
 *(.stab)

.stabstr
 *(.stabstr)

.stab.excl
 *(.stab.excl)

.stab.exclstr
 *(.stab.exclstr)

.stab.index
 *(.stab.index)

.stab.indexstr
 *(.stab.indexstr)

.comment        0x0000000000000000      0x7f2
 *(.comment)
 .comment       0x0000000000000000       0x71 perf_counter.c.o
 .comment       0x0000000000000071       0x71 conversions.c.o
 .comment       0x00000000000000e2       0x71 cpuload.c.o
 .comment       0x0000000000000153       0x71 getopt_long.c.o
 .comment       0x00000000000001c4       0x71 pid/pid.c.o
 .comment       0x0000000000000235       0x71 airspeed.c.o
 .comment       0x00000000000002a6       0x71 mavlink_log.c.o
 .comment       0x0000000000000317       0x71 rc_check.c.o
 .comment       0x0000000000000388       0x71 otp.c.o
 .comment       0x00000000000003f9       0x71 board_serial.c.o
 .comment       0x000000000000046a       0x71 pwm_limit/pwm_limit.c.o
 .comment       0x00000000000004db       0x71 mcu_version.c.o
 .comment       0x000000000000054c       0x71 bson/tinybson.c.o
 .comment       0x00000000000005bd       0x71 circuit_breaker.cpp.o
 .comment       0x000000000000062e       0x71 /Users/Oskar/CARTUM/Codigo_px4/ardupilot/modules/PX4Firmware/Build/git_version.c.o
 .comment       0x000000000000069f       0x71 err.c.o
 .comment       0x0000000000000710       0x71 up_cxxinitialize.c.o
 .comment       0x0000000000000781       0x71 hx_stream.c.o

.group          0x0000000000000000        0x8
 .group         0x0000000000000000        0x8 perf_counter.c.o

.group          0x0000000000000000        0x8
 .group         0x0000000000000000        0x8 perf_counter.c.o

.group          0x0000000000000000        0x8
 .group         0x0000000000000000        0x8 perf_counter.c.o

.group          0x0000000000000000        0x8
 .group         0x0000000000000000        0x8 perf_counter.c.o

.group          0x0000000000000000        0x8
 .group         0x0000000000000000        0x8 perf_counter.c.o

.group          0x0000000000000000        0x8
 .group         0x0000000000000000        0x8 perf_counter.c.o

.group          0x0000000000000000        0x8
 .group         0x0000000000000000        0x8 perf_counter.c.o

.group          0x0000000000000000        0x8
 .group         0x0000000000000000        0x8 perf_counter.c.o

.group          0x0000000000000000        0x8
 .group         0x0000000000000000        0x8 perf_counter.c.o

.group          0x0000000000000000        0x8
 .group         0x0000000000000000        0x8 perf_counter.c.o

.group          0x0000000000000000        0x8
 .group         0x0000000000000000        0x8 perf_counter.c.o

.group          0x0000000000000000        0x8
 .group         0x0000000000000000        0x8 perf_counter.c.o

.group          0x0000000000000000        0x8
 .group         0x0000000000000000        0x8 perf_counter.c.o

.group          0x0000000000000000        0x8
 .group         0x0000000000000000        0x8 perf_counter.c.o

.group          0x0000000000000000        0x8
 .group         0x0000000000000000        0x8 perf_counter.c.o

.group          0x0000000000000000        0x8
 .group         0x0000000000000000        0x8 perf_counter.c.o

.group          0x0000000000000000        0x8
 .group         0x0000000000000000        0x8 perf_counter.c.o

.group          0x0000000000000000        0x8
 .group         0x0000000000000000        0x8 perf_counter.c.o

.group          0x0000000000000000        0x8
 .group         0x0000000000000000        0x8 perf_counter.c.o

.group          0x0000000000000000        0x8
 .group         0x0000000000000000        0x8 perf_counter.c.o

.group          0x0000000000000000        0x8
 .group         0x0000000000000000        0x8 perf_counter.c.o

.group          0x0000000000000000        0x8
 .group         0x0000000000000000        0x8 perf_counter.c.o

.group          0x0000000000000000        0x8
 .group         0x0000000000000000        0x8 perf_counter.c.o

.group          0x0000000000000000        0x8
 .group         0x0000000000000000        0x8 perf_counter.c.o

.group          0x0000000000000000        0x8
 .group         0x0000000000000000        0x8 perf_counter.c.o

.group          0x0000000000000000        0x8
 .group         0x0000000000000000        0x8 perf_counter.c.o

.group          0x0000000000000000        0x8
 .group         0x0000000000000000        0x8 perf_counter.c.o

.group          0x0000000000000000        0x8
 .group         0x0000000000000000        0x8 perf_counter.c.o

.group          0x0000000000000000        0x8
 .group         0x0000000000000000        0x8 perf_counter.c.o

.group          0x0000000000000000        0x8
 .group         0x0000000000000000        0x8 perf_counter.c.o

.group          0x0000000000000000        0x8
 .group         0x0000000000000000        0x8 perf_counter.c.o

.group          0x0000000000000000        0x8
 .group         0x0000000000000000        0x8 perf_counter.c.o

.group          0x0000000000000000        0x8
 .group         0x0000000000000000        0x8 perf_counter.c.o

.group          0x0000000000000000        0x8
 .group         0x0000000000000000        0x8 perf_counter.c.o

.group          0x0000000000000000        0x8
 .group         0x0000000000000000        0x8 perf_counter.c.o

.group          0x0000000000000000        0x8
 .group         0x0000000000000000        0x8 perf_counter.c.o

.group          0x0000000000000000        0x8
 .group         0x0000000000000000        0x8 perf_counter.c.o

.group          0x0000000000000000        0x8
 .group         0x0000000000000000        0x8 perf_counter.c.o

.group          0x0000000000000000        0x8
 .group         0x0000000000000000        0x8 perf_counter.c.o

.group          0x0000000000000000        0x8
 .group         0x0000000000000000        0x8 perf_counter.c.o

.group          0x0000000000000000        0x8
 .group         0x0000000000000000        0x8 perf_counter.c.o

.group          0x0000000000000000        0x8
 .group         0x0000000000000000        0x8 perf_counter.c.o

.group          0x0000000000000000        0x8
 .group         0x0000000000000000        0x8 perf_counter.c.o

.group          0x0000000000000000        0x8
 .group         0x0000000000000000        0x8 perf_counter.c.o

.group          0x0000000000000000        0x8
 .group         0x0000000000000000        0x8 perf_counter.c.o

.group          0x0000000000000000        0x8
 .group         0x0000000000000000        0x8 perf_counter.c.o

.group          0x0000000000000000        0x8
 .group         0x0000000000000000        0x8 perf_counter.c.o

.group          0x0000000000000000        0x8
 .group         0x0000000000000000        0x8 perf_counter.c.o

.group          0x0000000000000000        0x8
 .group         0x0000000000000000        0x8 perf_counter.c.o

.group          0x0000000000000000        0x8
 .group         0x0000000000000000        0x8 perf_counter.c.o

.group          0x0000000000000000        0x8
 .group         0x0000000000000000        0x8 perf_counter.c.o

.group          0x0000000000000000        0x8
 .group         0x0000000000000000        0x8 perf_counter.c.o

.group          0x0000000000000000        0x8
 .group         0x0000000000000000        0x8 perf_counter.c.o

.group          0x0000000000000000        0x8
 .group         0x0000000000000000        0x8 perf_counter.c.o

.group          0x0000000000000000        0x8
 .group         0x0000000000000000        0x8 cpuload.c.o

.group          0x0000000000000000        0x8
 .group         0x0000000000000000        0x8 cpuload.c.o

.group          0x0000000000000000        0x8
 .group         0x0000000000000000        0x8 cpuload.c.o

.group          0x0000000000000000        0x8
 .group         0x0000000000000000        0x8 cpuload.c.o

.group          0x0000000000000000        0x8
 .group         0x0000000000000000        0x8 cpuload.c.o

.group          0x0000000000000000        0x8
 .group         0x0000000000000000        0x8 cpuload.c.o

.group          0x0000000000000000        0x8
 .group         0x0000000000000000        0x8 cpuload.c.o

.group          0x0000000000000000        0x8
 .group         0x0000000000000000        0x8 cpuload.c.o

.group          0x0000000000000000        0x8
 .group         0x0000000000000000        0x8 cpuload.c.o

.group          0x0000000000000000        0x8
 .group         0x0000000000000000        0x8 cpuload.c.o

.group          0x0000000000000000        0x8
 .group         0x0000000000000000        0x8 cpuload.c.o

.group          0x0000000000000000        0x8
 .group         0x0000000000000000        0x8 cpuload.c.o

.group          0x0000000000000000        0x8
 .group         0x0000000000000000        0x8 cpuload.c.o

.group          0x0000000000000000        0x8
 .group         0x0000000000000000        0x8 cpuload.c.o

.group          0x0000000000000000        0x8
 .group         0x0000000000000000        0x8 cpuload.c.o

.group          0x0000000000000000        0x8
 .group         0x0000000000000000        0x8 cpuload.c.o

.group          0x0000000000000000        0x8
 .group         0x0000000000000000        0x8 cpuload.c.o

.group          0x0000000000000000        0x8
 .group         0x0000000000000000        0x8 cpuload.c.o

.group          0x0000000000000000        0x8
 .group         0x0000000000000000        0x8 cpuload.c.o

.group          0x0000000000000000        0x8
 .group         0x0000000000000000        0x8 cpuload.c.o

.group          0x0000000000000000        0x8
 .group         0x0000000000000000        0x8 cpuload.c.o

.group          0x0000000000000000        0x8
 .group         0x0000000000000000        0x8 cpuload.c.o

.group          0x0000000000000000        0x8
 .group         0x0000000000000000        0x8 cpuload.c.o

.group          0x0000000000000000        0x8
 .group         0x0000000000000000        0x8 cpuload.c.o

.group          0x0000000000000000        0x8
 .group         0x0000000000000000        0x8 cpuload.c.o

.group          0x0000000000000000        0x8
 .group         0x0000000000000000        0x8 cpuload.c.o

.group          0x0000000000000000        0x8
 .group         0x0000000000000000        0x8 cpuload.c.o

.group          0x0000000000000000        0x8
 .group         0x0000000000000000        0x8 cpuload.c.o

.group          0x0000000000000000        0x8
 .group         0x0000000000000000        0x8 cpuload.c.o

.group          0x0000000000000000        0x8
 .group         0x0000000000000000        0x8 cpuload.c.o

.group          0x0000000000000000        0x8
 .group         0x0000000000000000        0x8 cpuload.c.o

.group          0x0000000000000000        0x8
 .group         0x0000000000000000        0x8 cpuload.c.o

.group          0x0000000000000000        0x8
 .group         0x0000000000000000        0x8 cpuload.c.o

.group          0x0000000000000000        0x8
 .group         0x0000000000000000        0x8 cpuload.c.o

.group          0x0000000000000000        0x8
 .group         0x0000000000000000        0x8 cpuload.c.o

.group          0x0000000000000000        0x8
 .group         0x0000000000000000        0x8 cpuload.c.o

.group          0x0000000000000000        0x8
 .group         0x0000000000000000        0x8 cpuload.c.o

.group          0x0000000000000000        0x8
 .group         0x0000000000000000        0x8 cpuload.c.o

.group          0x0000000000000000        0x8
 .group         0x0000000000000000        0x8 cpuload.c.o

.group          0x0000000000000000        0x8
 .group         0x0000000000000000        0x8 cpuload.c.o

.group          0x0000000000000000        0x8
 .group         0x0000000000000000        0x8 cpuload.c.o

.group          0x0000000000000000        0x8
 .group         0x0000000000000000        0x8 cpuload.c.o

.group          0x0000000000000000        0x8
 .group         0x0000000000000000        0x8 cpuload.c.o

.group          0x0000000000000000        0x8
 .group         0x0000000000000000        0x8 cpuload.c.o

.group          0x0000000000000000        0x8
 .group         0x0000000000000000        0x8 cpuload.c.o

.group          0x0000000000000000        0x8
 .group         0x0000000000000000        0x8 cpuload.c.o

.group          0x0000000000000000        0x8
 .group         0x0000000000000000        0x8 cpuload.c.o

.group          0x0000000000000000        0x8
 .group         0x0000000000000000        0x8 cpuload.c.o

.group          0x0000000000000000        0x8
 .group         0x0000000000000000        0x8 cpuload.c.o

.group          0x0000000000000000        0x8
 .group         0x0000000000000000        0x8 cpuload.c.o

.group          0x0000000000000000        0x8
 .group         0x0000000000000000        0x8 cpuload.c.o

.group          0x0000000000000000        0x8
 .group         0x0000000000000000        0x8 cpuload.c.o

.group          0x0000000000000000        0x8
 .group         0x0000000000000000        0x8 cpuload.c.o

.group          0x0000000000000000        0x8
 .group         0x0000000000000000        0x8 cpuload.c.o

.group          0x0000000000000000        0x8
 .group         0x0000000000000000        0x8 getopt_long.c.o

.group          0x0000000000000000        0x8
 .group         0x0000000000000000        0x8 getopt_long.c.o

.group          0x0000000000000000        0x8
 .group         0x0000000000000000        0x8 pid/pid.c.o

.group          0x0000000000000000        0x8
 .group         0x0000000000000000        0x8 airspeed.c.o

.group          0x0000000000000000        0x8
 .group         0x0000000000000000        0x8 mavlink_log.c.o

.group          0x0000000000000000        0x8
 .group         0x0000000000000000        0x8 mavlink_log.c.o

.group          0x0000000000000000        0x8
 .group         0x0000000000000000        0x8 mavlink_log.c.o

.group          0x0000000000000000        0x8
 .group         0x0000000000000000        0x8 mavlink_log.c.o

.group          0x0000000000000000        0x8
 .group         0x0000000000000000        0x8 mavlink_log.c.o

.group          0x0000000000000000        0x8
 .group         0x0000000000000000        0x8 rc_check.c.o

.group          0x0000000000000000        0x8
 .group         0x0000000000000000        0x8 rc_check.c.o

.group          0x0000000000000000        0x8
 .group         0x0000000000000000        0x8 rc_check.c.o

.group          0x0000000000000000        0x8
 .group         0x0000000000000000        0x8 otp.c.o

.group          0x0000000000000000        0x8
 .group         0x0000000000000000        0x8 otp.c.o

.group          0x0000000000000000        0x8
 .group         0x0000000000000000        0x8 otp.c.o

.group          0x0000000000000000        0x8
 .group         0x0000000000000000        0x8 board_serial.c.o

.group          0x0000000000000000        0x8
 .group         0x0000000000000000        0x8 board_serial.c.o

.group          0x0000000000000000        0x8
 .group         0x0000000000000000        0x8 board_serial.c.o

.group          0x0000000000000000        0x8
 .group         0x0000000000000000        0x8 pwm_limit/pwm_limit.c.o

.group          0x0000000000000000        0x8
 .group         0x0000000000000000        0x8 bson/tinybson.c.o

.group          0x0000000000000000        0x8
 .group         0x0000000000000000        0x8 circuit_breaker.cpp.o

.group          0x0000000000000000        0x8
 .group         0x0000000000000000        0x8 circuit_breaker.cpp.o

.group          0x0000000000000000        0x8
 .group         0x0000000000000000        0x8 circuit_breaker.cpp.o

.group          0x0000000000000000        0x8
 .group         0x0000000000000000        0x8 circuit_breaker.cpp.o

.group          0x0000000000000000        0x8
 .group         0x0000000000000000        0x8 circuit_breaker.cpp.o

.group          0x0000000000000000        0x8
 .group         0x0000000000000000        0x8 circuit_breaker.cpp.o

.group          0x0000000000000000        0x8
 .group         0x0000000000000000        0x8 circuit_breaker.cpp.o

.group          0x0000000000000000        0x8
 .group         0x0000000000000000        0x8 circuit_breaker.cpp.o

.group          0x0000000000000000        0x8
 .group         0x0000000000000000        0x8 circuit_breaker.cpp.o

.group          0x0000000000000000        0x8
 .group         0x0000000000000000        0x8 circuit_breaker.cpp.o

.group          0x0000000000000000        0x8
 .group         0x0000000000000000        0x8 circuit_breaker.cpp.o

.group          0x0000000000000000        0x8
 .group         0x0000000000000000        0x8 circuit_breaker.cpp.o

.group          0x0000000000000000        0x8
 .group         0x0000000000000000        0x8 circuit_breaker.cpp.o

.group          0x0000000000000000        0x8
 .group         0x0000000000000000        0x8 circuit_breaker.cpp.o

.group          0x0000000000000000        0x8
 .group         0x0000000000000000        0x8 circuit_breaker.cpp.o

.group          0x0000000000000000        0x8
 .group         0x0000000000000000        0x8 circuit_breaker.cpp.o

.group          0x0000000000000000        0x8
 .group         0x0000000000000000        0x8 circuit_breaker.cpp.o

.group          0x0000000000000000        0x8
 .group         0x0000000000000000        0x8 circuit_breaker.cpp.o

.group          0x0000000000000000        0x8
 .group         0x0000000000000000        0x8 circuit_breaker.cpp.o

.group          0x0000000000000000        0x8
 .group         0x0000000000000000        0x8 circuit_breaker.cpp.o

.group          0x0000000000000000        0x8
 .group         0x0000000000000000        0x8 circuit_breaker.cpp.o

.group          0x0000000000000000        0x8
 .group         0x0000000000000000        0x8 circuit_breaker.cpp.o

.group          0x0000000000000000        0x8
 .group         0x0000000000000000        0x8 circuit_breaker.cpp.o

.group          0x0000000000000000        0x8
 .group         0x0000000000000000        0x8 err.c.o

.group          0x0000000000000000        0x8
 .group         0x0000000000000000        0x8 hx_stream.c.o

.group          0x0000000000000000        0x8
 .group         0x0000000000000000        0x8 hx_stream.c.o

.debug
 *(.debug)

.line
 *(.line)

.debug_srcinfo
 *(.debug_srcinfo)

.debug_sfnames
 *(.debug_sfnames)

.debug_aranges  0x0000000000000000      0x4c0
 *(.debug_aranges)
 .debug_aranges
                0x0000000000000000       0x90 perf_counter.c.o
 .debug_aranges
                0x0000000000000090       0x20 conversions.c.o
 .debug_aranges
                0x00000000000000b0       0x38 cpuload.c.o
 .debug_aranges
                0x00000000000000e8       0x40 getopt_long.c.o
 .debug_aranges
                0x0000000000000128       0x38 pid/pid.c.o
 .debug_aranges
                0x0000000000000160       0x38 airspeed.c.o
 .debug_aranges
                0x0000000000000198       0x58 mavlink_log.c.o
 .debug_aranges
                0x00000000000001f0       0x20 rc_check.c.o
 .debug_aranges
                0x0000000000000210       0x58 otp.c.o
 .debug_aranges
                0x0000000000000268       0x20 board_serial.c.o
 .debug_aranges
                0x0000000000000288       0x28 pwm_limit/pwm_limit.c.o
 .debug_aranges
                0x00000000000002b0       0x28 mcu_version.c.o
 .debug_aranges
                0x00000000000002d8       0xb0 bson/tinybson.c.o
 .debug_aranges
                0x0000000000000388       0x20 circuit_breaker.cpp.o
 .debug_aranges
                0x00000000000003a8       0x18 /Users/Oskar/CARTUM/Codigo_px4/ardupilot/modules/PX4Firmware/Build/git_version.c.o
 .debug_aranges
                0x00000000000003c0       0x88 err.c.o
 .debug_aranges
                0x0000000000000448       0x20 up_cxxinitialize.c.o
 .debug_aranges
                0x0000000000000468       0x58 hx_stream.c.o

.debug_pubnames
 *(.debug_pubnames)

.debug_info     0x0000000000000000     0xc6ad
 *(.debug_info)
 .debug_info    0x0000000000000000      0xa64 perf_counter.c.o
 .debug_info    0x0000000000000a64       0xf8 conversions.c.o
 .debug_info    0x0000000000000b5c      0xfe6 cpuload.c.o
 .debug_info    0x0000000000001b42     0x13f4 getopt_long.c.o
 .debug_info    0x0000000000002f36      0x522 pid/pid.c.o
 .debug_info    0x0000000000003458      0x2f3 airspeed.c.o
 .debug_info    0x000000000000374b      0x495 mavlink_log.c.o
 .debug_info    0x0000000000003be0     0x1434 rc_check.c.o
 .debug_info    0x0000000000005014      0x520 otp.c.o
 .debug_info    0x0000000000005534      0x1a8 board_serial.c.o
 .debug_info    0x00000000000056dc      0x357 pwm_limit/pwm_limit.c.o
 .debug_info    0x0000000000005a33      0x186 mcu_version.c.o
 .debug_info    0x0000000000005bb9     0x11e5 bson/tinybson.c.o
 .debug_info    0x0000000000006d9e     0x3c6e circuit_breaker.cpp.o
 .debug_info    0x000000000000aa0c       0xa5 /Users/Oskar/CARTUM/Codigo_px4/ardupilot/modules/PX4Firmware/Build/git_version.c.o
 .debug_info    0x000000000000aab1     0x1423 err.c.o
 .debug_info    0x000000000000bed4       0xf6 up_cxxinitialize.c.o
 .debug_info    0x000000000000bfca      0x6e3 hx_stream.c.o

.debug_abbrev   0x0000000000000000     0x21ca
 *(.debug_abbrev)
 .debug_abbrev  0x0000000000000000      0x29c perf_counter.c.o
 .debug_abbrev  0x000000000000029c       0xa7 conversions.c.o
 .debug_abbrev  0x0000000000000343      0x22c cpuload.c.o
 .debug_abbrev  0x000000000000056f      0x2d4 getopt_long.c.o
 .debug_abbrev  0x0000000000000843      0x182 pid/pid.c.o
 .debug_abbrev  0x00000000000009c5      0x124 airspeed.c.o
 .debug_abbrev  0x0000000000000ae9      0x20a mavlink_log.c.o
 .debug_abbrev  0x0000000000000cf3      0x241 rc_check.c.o
 .debug_abbrev  0x0000000000000f34      0x1f9 otp.c.o
 .debug_abbrev  0x000000000000112d      0x107 board_serial.c.o
 .debug_abbrev  0x0000000000001234      0x188 pwm_limit/pwm_limit.c.o
 .debug_abbrev  0x00000000000013bc       0xda mcu_version.c.o
 .debug_abbrev  0x0000000000001496      0x387 bson/tinybson.c.o
 .debug_abbrev  0x000000000000181d      0x2b4 circuit_breaker.cpp.o
 .debug_abbrev  0x0000000000001ad1       0x55 /Users/Oskar/CARTUM/Codigo_px4/ardupilot/modules/PX4Firmware/Build/git_version.c.o
 .debug_abbrev  0x0000000000001b26      0x2f7 err.c.o
 .debug_abbrev  0x0000000000001e1d       0x8b up_cxxinitialize.c.o
 .debug_abbrev  0x0000000000001ea8      0x322 hx_stream.c.o

.debug_line     0x0000000000000000     0xb3c2
 *(.debug_line)
 .debug_line    0x0000000000000000      0xcdd perf_counter.c.o
 .debug_line    0x0000000000000cdd      0x34c conversions.c.o
 .debug_line    0x0000000000001029     0x10b8 cpuload.c.o
 .debug_line    0x00000000000020e1      0x855 getopt_long.c.o
 .debug_line    0x0000000000002936      0x44d pid/pid.c.o
 .debug_line    0x0000000000002d83      0xb02 airspeed.c.o
 .debug_line    0x0000000000003885      0xa80 mavlink_log.c.o
 .debug_line    0x0000000000004305      0xafe rc_check.c.o
 .debug_line    0x0000000000004e03     0x1121 otp.c.o
 .debug_line    0x0000000000005f24      0xe6d board_serial.c.o
 .debug_line    0x0000000000006d91      0xabc pwm_limit/pwm_limit.c.o
 .debug_line    0x000000000000784d      0x949 mcu_version.c.o
 .debug_line    0x0000000000008196      0xbe3 bson/tinybson.c.o
 .debug_line    0x0000000000008d79      0xde2 circuit_breaker.cpp.o
 .debug_line    0x0000000000009b5b      0x2c7 /Users/Oskar/CARTUM/Codigo_px4/ardupilot/modules/PX4Firmware/Build/git_version.c.o
 .debug_line    0x0000000000009e22      0x8cf err.c.o
 .debug_line    0x000000000000a6f1      0x2f2 up_cxxinitialize.c.o
 .debug_line    0x000000000000a9e3      0x9df hx_stream.c.o

.debug_frame    0x0000000000000000      0xb88
 *(.debug_frame)
 .debug_frame   0x0000000000000000      0x1a8 perf_counter.c.o
 .debug_frame   0x00000000000001a8       0x20 conversions.c.o
 .debug_frame   0x00000000000001c8       0x90 cpuload.c.o
 .debug_frame   0x0000000000000258       0x9c getopt_long.c.o
 .debug_frame   0x00000000000002f4       0x7c pid/pid.c.o
 .debug_frame   0x0000000000000370       0x78 airspeed.c.o
 .debug_frame   0x00000000000003e8       0xd4 mavlink_log.c.o
 .debug_frame   0x00000000000004bc       0x3c rc_check.c.o
 .debug_frame   0x00000000000004f8       0xd0 otp.c.o
 .debug_frame   0x00000000000005c8       0x30 board_serial.c.o
 .debug_frame   0x00000000000005f8       0x48 pwm_limit/pwm_limit.c.o
 .debug_frame   0x0000000000000640       0x3c mcu_version.c.o
 .debug_frame   0x000000000000067c      0x22c bson/tinybson.c.o
 .debug_frame   0x00000000000008a8       0x30 circuit_breaker.cpp.o
 .debug_frame   0x00000000000008d8      0x1ac err.c.o
 .debug_frame   0x0000000000000a84       0x28 up_cxxinitialize.c.o
 .debug_frame   0x0000000000000aac       0xdc hx_stream.c.o

.debug_str      0x0000000000000000   0x15dea1
 *(.debug_str)
 .debug_str     0x0000000000000000     0xedd8 perf_counter.c.o
 .debug_str     0x000000000000edd8     0x5ad3 conversions.c.o
 .debug_str     0x00000000000148ab    0x4401a cpuload.c.o
 .debug_str     0x00000000000588c5     0x91a5 getopt_long.c.o
 .debug_str     0x0000000000061a6a     0x6930 pid/pid.c.o
 .debug_str     0x000000000006839a     0xa9a8 airspeed.c.o
 .debug_str     0x0000000000072d42     0xb125 mavlink_log.c.o
 .debug_str     0x000000000007de67     0xb79e rc_check.c.o
 .debug_str     0x0000000000089605    0x4590c otp.c.o
 .debug_str     0x00000000000cef11    0x43f8f board_serial.c.o
 .debug_str     0x0000000000112ea0     0xae39 pwm_limit/pwm_limit.c.o
 .debug_str     0x000000000011dcd9     0x96c6 mcu_version.c.o
 .debug_str     0x000000000012739f     0x9ffb bson/tinybson.c.o
 .debug_str     0x000000000013139a     0xc292 circuit_breaker.cpp.o
 .debug_str     0x000000000013d62c     0x55e5 /Users/Oskar/CARTUM/Codigo_px4/ardupilot/modules/PX4Firmware/Build/git_version.c.o
 .debug_str     0x0000000000142c11     0xaa22 err.c.o
 .debug_str     0x000000000014d633     0x566a up_cxxinitialize.c.o
 .debug_str     0x0000000000152c9d     0xb204 hx_stream.c.o

.debug_loc      0x0000000000000000     0x361d
 *(.debug_loc)
 .debug_loc     0x0000000000000000      0x6b2 perf_counter.c.o
 .debug_loc     0x00000000000006b2       0x34 conversions.c.o
 .debug_loc     0x00000000000006e6      0x187 cpuload.c.o
 .debug_loc     0x000000000000086d      0x6ca getopt_long.c.o
 .debug_loc     0x0000000000000f37      0x3bb pid/pid.c.o
 .debug_loc     0x00000000000012f2      0x25f airspeed.c.o
 .debug_loc     0x0000000000001551      0x225 mavlink_log.c.o
 .debug_loc     0x0000000000001776      0x1c2 rc_check.c.o
 .debug_loc     0x0000000000001938      0x2be otp.c.o
 .debug_loc     0x0000000000001bf6       0x2c board_serial.c.o
 .debug_loc     0x0000000000001c22      0x32c pwm_limit/pwm_limit.c.o
 .debug_loc     0x0000000000001f4e      0x10f mcu_version.c.o
 .debug_loc     0x000000000000205d      0xd7d bson/tinybson.c.o
 .debug_loc     0x0000000000002dda       0x3f circuit_breaker.cpp.o
 .debug_loc     0x0000000000002e19      0x3e0 err.c.o
 .debug_loc     0x00000000000031f9       0x58 up_cxxinitialize.c.o
 .debug_loc     0x0000000000003251      0x3cc hx_stream.c.o

.debug_macinfo
 *(.debug_macinfo)

.debug_weaknames
 *(.debug_weaknames)

.debug_funcnames
 *(.debug_funcnames)

.debug_typenames
 *(.debug_typenames)

.debug_varnames
 *(.debug_varnames)

.debug_pubtypes
 *(.debug_pubtypes)

.debug_ranges   0x0000000000000000      0x500
 *(.debug_ranges)
 .debug_ranges  0x0000000000000000       0x80 perf_counter.c.o
 .debug_ranges  0x0000000000000080       0x10 conversions.c.o
 .debug_ranges  0x0000000000000090       0x28 cpuload.c.o
 .debug_ranges  0x00000000000000b8       0x30 getopt_long.c.o
 .debug_ranges  0x00000000000000e8       0x88 pid/pid.c.o
 .debug_ranges  0x0000000000000170       0x68 airspeed.c.o
 .debug_ranges  0x00000000000001d8       0x48 mavlink_log.c.o
 .debug_ranges  0x0000000000000220       0x10 rc_check.c.o
 .debug_ranges  0x0000000000000230       0x48 otp.c.o
 .debug_ranges  0x0000000000000278       0x10 board_serial.c.o
 .debug_ranges  0x0000000000000288       0x30 pwm_limit/pwm_limit.c.o
 .debug_ranges  0x00000000000002b8       0x18 mcu_version.c.o
 .debug_ranges  0x00000000000002d0       0xe8 bson/tinybson.c.o
 .debug_ranges  0x00000000000003b8       0x28 circuit_breaker.cpp.o
 .debug_ranges  0x00000000000003e0       0x78 err.c.o
 .debug_ranges  0x0000000000000458       0x10 up_cxxinitialize.c.o
 .debug_ranges  0x0000000000000468       0x98 hx_stream.c.o

.debug_macro    0x0000000000000000     0x299e
 *(.debug_macro)
 .debug_macro   0x0000000000000000      0x2d2 perf_counter.c.o
 .debug_macro   0x00000000000002d2       0x73 conversions.c.o
 .debug_macro   0x0000000000000345      0x4da cpuload.c.o
 .debug_macro   0x000000000000081f      0x1b9 getopt_long.c.o
 .debug_macro   0x00000000000009d8       0xc3 pid/pid.c.o
 .debug_macro   0x0000000000000a9b      0x26c airspeed.c.o
 .debug_macro   0x0000000000000d07      0x260 mavlink_log.c.o
 .debug_macro   0x0000000000000f67      0x269 rc_check.c.o
 .debug_macro   0x00000000000011d0      0x4e7 otp.c.o
 .debug_macro   0x00000000000016b7      0x45f board_serial.c.o
 .debug_macro   0x0000000000001b16      0x286 pwm_limit/pwm_limit.c.o
 .debug_macro   0x0000000000001d9c      0x214 mcu_version.c.o
 .debug_macro   0x0000000000001fb0      0x24f bson/tinybson.c.o
 .debug_macro   0x00000000000021ff      0x291 circuit_breaker.cpp.o
 .debug_macro   0x0000000000002490       0x60 /Users/Oskar/CARTUM/Codigo_px4/ardupilot/modules/PX4Firmware/Build/git_version.c.o
 .debug_macro   0x00000000000024f0      0x1e9 err.c.o
 .debug_macro   0x00000000000026d9       0x7e up_cxxinitialize.c.o
 .debug_macro   0x0000000000002757      0x247 hx_stream.c.o

.stack
 *(.stack)

.ARM.attributes
                0x0000000000000000       0x35
 *(.ARM.attributes)
 .ARM.attributes
                0x0000000000000000       0x35 perf_counter.c.o
 .ARM.attributes
                0x0000000000000035       0x35 conversions.c.o
 .ARM.attributes
                0x000000000000006a       0x35 cpuload.c.o
 .ARM.attributes
                0x000000000000009f       0x35 getopt_long.c.o
 .ARM.attributes
                0x00000000000000d4       0x35 pid/pid.c.o
 .ARM.attributes
                0x0000000000000109       0x35 airspeed.c.o
 .ARM.attributes
                0x000000000000013e       0x35 mavlink_log.c.o
 .ARM.attributes
                0x0000000000000173       0x35 rc_check.c.o
 .ARM.attributes
                0x00000000000001a8       0x35 otp.c.o
 .ARM.attributes
                0x00000000000001dd       0x35 board_serial.c.o
 .ARM.attributes
                0x0000000000000212       0x35 pwm_limit/pwm_limit.c.o
 .ARM.attributes
                0x0000000000000247       0x35 mcu_version.c.o
 .ARM.attributes
                0x000000000000027c       0x35 bson/tinybson.c.o
 .ARM.attributes
                0x00000000000002b1       0x35 circuit_breaker.cpp.o
 .ARM.attributes
                0x00000000000002e6       0x35 /Users/Oskar/CARTUM/Codigo_px4/ardupilot/modules/PX4Firmware/Build/git_version.c.o
 .ARM.attributes
                0x000000000000031b       0x35 err.c.o
 .ARM.attributes
                0x0000000000000350       0x35 up_cxxinitialize.c.o
 .ARM.attributes
                0x0000000000000385       0x35 hx_stream.c.o
 *(.gnu.attributes)

.note.gnu.arm.ident
 *(.note.gnu.arm.ident)
OUTPUT(/Users/Oskar/CARTUM/Codigo_px4/ardupilot/modules/PX4Firmware/Build/px4fmu-v2_APM.build//Users/Oskar/CARTUM/Codigo_px4/ardupilot/modules/PX4Firmware/src/modules/systemlib/module.pre.o elf32-littlearm)

.debug_macro    0x0000000000000000      0x8aa
 .debug_macro   0x0000000000000000      0x8aa perf_counter.c.o

.debug_macro    0x0000000000000000       0x22
 .debug_macro   0x0000000000000000       0x22 perf_counter.c.o

.debug_macro    0x0000000000000000      0x8a6
 .debug_macro   0x0000000000000000      0x8a6 perf_counter.c.o

.debug_macro    0x0000000000000000       0xc9
 .debug_macro   0x0000000000000000       0xc9 perf_counter.c.o

.debug_macro    0x0000000000000000       0x10
 .debug_macro   0x0000000000000000       0x10 perf_counter.c.o

.debug_macro    0x0000000000000000       0x88
 .debug_macro   0x0000000000000000       0x88 perf_counter.c.o

.debug_macro    0x0000000000000000      0x14e
 .debug_macro   0x0000000000000000      0x14e perf_counter.c.o

.debug_macro    0x0000000000000000      0x125
 .debug_macro   0x0000000000000000      0x125 perf_counter.c.o

.debug_macro    0x0000000000000000       0x69
 .debug_macro   0x0000000000000000       0x69 perf_counter.c.o

.debug_macro    0x0000000000000000       0x58
 .debug_macro   0x0000000000000000       0x58 perf_counter.c.o

.debug_macro    0x0000000000000000       0x58
 .debug_macro   0x0000000000000000       0x58 perf_counter.c.o

.debug_macro    0x0000000000000000       0x4c
 .debug_macro   0x0000000000000000       0x4c perf_counter.c.o

.debug_macro    0x0000000000000000       0x49
 .debug_macro   0x0000000000000000       0x49 perf_counter.c.o

.debug_macro    0x0000000000000000      0x106
 .debug_macro   0x0000000000000000      0x106 perf_counter.c.o

.debug_macro    0x0000000000000000       0x23
 .debug_macro   0x0000000000000000       0x23 perf_counter.c.o

.debug_macro    0x0000000000000000       0x28
 .debug_macro   0x0000000000000000       0x28 perf_counter.c.o

.debug_macro    0x0000000000000000       0x22
 .debug_macro   0x0000000000000000       0x22 perf_counter.c.o

.debug_macro    0x0000000000000000       0xd1
 .debug_macro   0x0000000000000000       0xd1 perf_counter.c.o

.debug_macro    0x0000000000000000       0x98
 .debug_macro   0x0000000000000000       0x98 perf_counter.c.o

.debug_macro    0x0000000000000000       0x16
 .debug_macro   0x0000000000000000       0x16 perf_counter.c.o

.debug_macro    0x0000000000000000       0x59
 .debug_macro   0x0000000000000000       0x59 perf_counter.c.o

.debug_macro    0x0000000000000000      0x11b
 .debug_macro   0x0000000000000000      0x11b perf_counter.c.o

.debug_macro    0x0000000000000000       0x46
 .debug_macro   0x0000000000000000       0x46 perf_counter.c.o

.debug_macro    0x0000000000000000      0x27f
 .debug_macro   0x0000000000000000      0x27f perf_counter.c.o

.debug_macro    0x0000000000000000       0x10
 .debug_macro   0x0000000000000000       0x10 perf_counter.c.o

.debug_macro    0x0000000000000000      0x195
 .debug_macro   0x0000000000000000      0x195 perf_counter.c.o

.debug_macro    0x0000000000000000       0x8a
 .debug_macro   0x0000000000000000       0x8a perf_counter.c.o

.debug_macro    0x0000000000000000       0x10
 .debug_macro   0x0000000000000000       0x10 perf_counter.c.o

.debug_macro    0x0000000000000000       0x10
 .debug_macro   0x0000000000000000       0x10 perf_counter.c.o

.debug_macro    0x0000000000000000       0x39
 .debug_macro   0x0000000000000000       0x39 perf_counter.c.o

.debug_macro    0x0000000000000000       0xb4
 .debug_macro   0x0000000000000000       0xb4 perf_counter.c.o

.debug_macro    0x0000000000000000       0x41
 .debug_macro   0x0000000000000000       0x41 perf_counter.c.o

.debug_macro    0x0000000000000000       0x4d
 .debug_macro   0x0000000000000000       0x4d perf_counter.c.o

.debug_macro    0x0000000000000000       0x22
 .debug_macro   0x0000000000000000       0x22 perf_counter.c.o

.debug_macro    0x0000000000000000       0x16
 .debug_macro   0x0000000000000000       0x16 perf_counter.c.o

.debug_macro    0x0000000000000000       0x44
 .debug_macro   0x0000000000000000       0x44 perf_counter.c.o

.debug_macro    0x0000000000000000      0x2a6
 .debug_macro   0x0000000000000000      0x2a6 perf_counter.c.o

.debug_macro    0x0000000000000000      0x249
 .debug_macro   0x0000000000000000      0x249 perf_counter.c.o

.debug_macro    0x0000000000000000       0x16
 .debug_macro   0x0000000000000000       0x16 perf_counter.c.o

.debug_macro    0x0000000000000000       0x1c
 .debug_macro   0x0000000000000000       0x1c perf_counter.c.o

.debug_macro    0x0000000000000000       0x22
 .debug_macro   0x0000000000000000       0x22 perf_counter.c.o

.debug_macro    0x0000000000000000       0x29
 .debug_macro   0x0000000000000000       0x29 perf_counter.c.o

.debug_macro    0x0000000000000000       0x2b
 .debug_macro   0x0000000000000000       0x2b perf_counter.c.o

.debug_macro    0x0000000000000000      0x183
 .debug_macro   0x0000000000000000      0x183 perf_counter.c.o

.debug_macro    0x0000000000000000       0x10
 .debug_macro   0x0000000000000000       0x10 perf_counter.c.o

.debug_macro    0x0000000000000000       0x3c
 .debug_macro   0x0000000000000000       0x3c perf_counter.c.o

.debug_macro    0x0000000000000000      0x14d
 .debug_macro   0x0000000000000000      0x14d perf_counter.c.o

.debug_macro    0x0000000000000000       0x59
 .debug_macro   0x0000000000000000       0x59 perf_counter.c.o

.debug_macro    0x0000000000000000       0x40
 .debug_macro   0x0000000000000000       0x40 perf_counter.c.o

.debug_macro    0x0000000000000000       0x18
 .debug_macro   0x0000000000000000       0x18 perf_counter.c.o

.debug_macro    0x0000000000000000       0x58
 .debug_macro   0x0000000000000000       0x58 perf_counter.c.o

.debug_macro    0x0000000000000000       0x2e
 .debug_macro   0x0000000000000000       0x2e perf_counter.c.o

.debug_macro    0x0000000000000000       0xa3
 .debug_macro   0x0000000000000000       0xa3 perf_counter.c.o

.debug_macro    0x0000000000000000      0x289
 .debug_macro   0x0000000000000000      0x289 perf_counter.c.o

.debug_macro    0x0000000000000000       0x16
 .debug_macro   0x0000000000000000       0x16 cpuload.c.o

.debug_macro    0x0000000000000000       0x78
 .debug_macro   0x0000000000000000       0x78 cpuload.c.o

.debug_macro    0x0000000000000000       0x28
 .debug_macro   0x0000000000000000       0x28 cpuload.c.o

.debug_macro    0x0000000000000000       0x4c
 .debug_macro   0x0000000000000000       0x4c cpuload.c.o

.debug_macro    0x0000000000000000      0x6cb
 .debug_macro   0x0000000000000000      0x6cb cpuload.c.o

.debug_macro    0x0000000000000000      0x20a
 .debug_macro   0x0000000000000000      0x20a cpuload.c.o

.debug_macro    0x0000000000000000      0xf6f
 .debug_macro   0x0000000000000000      0xf6f cpuload.c.o

.debug_macro    0x0000000000000000      0x2ab
 .debug_macro   0x0000000000000000      0x2ab cpuload.c.o

.debug_macro    0x0000000000000000      0x8b5
 .debug_macro   0x0000000000000000      0x8b5 cpuload.c.o

.debug_macro    0x0000000000000000       0x78
 .debug_macro   0x0000000000000000       0x78 cpuload.c.o

.debug_macro    0x0000000000000000      0x14e
 .debug_macro   0x0000000000000000      0x14e cpuload.c.o

.debug_macro    0x0000000000000000      0x7ca
 .debug_macro   0x0000000000000000      0x7ca cpuload.c.o

.debug_macro    0x0000000000000000       0xff
 .debug_macro   0x0000000000000000       0xff cpuload.c.o

.debug_macro    0x0000000000000000      0xae7
 .debug_macro   0x0000000000000000      0xae7 cpuload.c.o

.debug_macro    0x0000000000000000       0x51
 .debug_macro   0x0000000000000000       0x51 cpuload.c.o

.debug_macro    0x0000000000000000      0x11a
 .debug_macro   0x0000000000000000      0x11a cpuload.c.o

.debug_macro    0x0000000000000000       0x16
 .debug_macro   0x0000000000000000       0x16 cpuload.c.o

.debug_macro    0x0000000000000000       0x1d
 .debug_macro   0x0000000000000000       0x1d cpuload.c.o

.debug_macro    0x0000000000000000      0x206
 .debug_macro   0x0000000000000000      0x206 cpuload.c.o

.debug_macro    0x0000000000000000      0x56a
 .debug_macro   0x0000000000000000      0x56a cpuload.c.o

.debug_macro    0x0000000000000000       0x9c
 .debug_macro   0x0000000000000000       0x9c cpuload.c.o

.debug_macro    0x0000000000000000      0x2bf
 .debug_macro   0x0000000000000000      0x2bf cpuload.c.o

.debug_macro    0x0000000000000000       0xd3
 .debug_macro   0x0000000000000000       0xd3 cpuload.c.o

.debug_macro    0x0000000000000000       0x16
 .debug_macro   0x0000000000000000       0x16 cpuload.c.o

.debug_macro    0x0000000000000000       0x34
 .debug_macro   0x0000000000000000       0x34 cpuload.c.o

.debug_macro    0x0000000000000000      0xab0
 .debug_macro   0x0000000000000000      0xab0 cpuload.c.o

.debug_macro    0x0000000000000000       0x17
 .debug_macro   0x0000000000000000       0x17 cpuload.c.o

.debug_macro    0x0000000000000000      0x6fa
 .debug_macro   0x0000000000000000      0x6fa cpuload.c.o

.debug_macro    0x0000000000000000       0x22
 .debug_macro   0x0000000000000000       0x22 cpuload.c.o

.debug_macro    0x0000000000000000      0x596
 .debug_macro   0x0000000000000000      0x596 cpuload.c.o

.debug_macro    0x0000000000000000       0x16
 .debug_macro   0x0000000000000000       0x16 cpuload.c.o

.debug_macro    0x0000000000000000      0x29b
 .debug_macro   0x0000000000000000      0x29b cpuload.c.o

.debug_macro    0x0000000000000000       0x16
 .debug_macro   0x0000000000000000       0x16 cpuload.c.o

.debug_macro    0x0000000000000000     0x15a4
 .debug_macro   0x0000000000000000     0x15a4 cpuload.c.o

.debug_macro    0x0000000000000000       0x53
 .debug_macro   0x0000000000000000       0x53 cpuload.c.o

.debug_macro    0x0000000000000000      0x347
 .debug_macro   0x0000000000000000      0x347 cpuload.c.o

.debug_macro    0x0000000000000000       0x96
 .debug_macro   0x0000000000000000       0x96 cpuload.c.o

.debug_macro    0x0000000000000000       0x1c
 .debug_macro   0x0000000000000000       0x1c cpuload.c.o

.debug_macro    0x0000000000000000       0x9a
 .debug_macro   0x0000000000000000       0x9a cpuload.c.o

.debug_macro    0x0000000000000000      0x1cf
 .debug_macro   0x0000000000000000      0x1cf cpuload.c.o

.debug_macro    0x0000000000000000      0x16c
 .debug_macro   0x0000000000000000      0x16c cpuload.c.o

.debug_macro    0x0000000000000000      0x413
 .debug_macro   0x0000000000000000      0x413 cpuload.c.o

.debug_macro    0x0000000000000000       0x5f
 .debug_macro   0x0000000000000000       0x5f cpuload.c.o

.debug_macro    0x0000000000000000       0x1d
 .debug_macro   0x0000000000000000       0x1d cpuload.c.o

.debug_macro    0x0000000000000000       0xdf
 .debug_macro   0x0000000000000000       0xdf cpuload.c.o

.debug_macro    0x0000000000000000       0x16
 .debug_macro   0x0000000000000000       0x16 cpuload.c.o

.debug_macro    0x0000000000000000      0x13f
 .debug_macro   0x0000000000000000      0x13f cpuload.c.o

.debug_macro    0x0000000000000000       0x16
 .debug_macro   0x0000000000000000       0x16 cpuload.c.o

.debug_macro    0x0000000000000000       0x1c
 .debug_macro   0x0000000000000000       0x1c cpuload.c.o

.debug_macro    0x0000000000000000      0xdb4
 .debug_macro   0x0000000000000000      0xdb4 cpuload.c.o

.debug_macro    0x0000000000000000       0x16
 .debug_macro   0x0000000000000000       0x16 cpuload.c.o

.debug_macro    0x0000000000000000      0x215
 .debug_macro   0x0000000000000000      0x215 cpuload.c.o

.debug_macro    0x0000000000000000      0x10c
 .debug_macro   0x0000000000000000      0x10c cpuload.c.o

.debug_macro    0x0000000000000000       0x12
 .debug_macro   0x0000000000000000       0x12 cpuload.c.o

.debug_macro    0x0000000000000000       0x5e
 .debug_macro   0x0000000000000000       0x5e getopt_long.c.o

.debug_macro    0x0000000000000000       0x1c
 .debug_macro   0x0000000000000000       0x1c getopt_long.c.o

.debug_macro    0x0000000000000000      0x28f
 .debug_macro   0x0000000000000000      0x28f pid/pid.c.o

.debug_macro    0x0000000000000000       0x22
 .debug_macro   0x0000000000000000       0x22 airspeed.c.o

.debug_macro    0x0000000000000000       0x1c
 .debug_macro   0x0000000000000000       0x1c mavlink_log.c.o

.debug_macro    0x0000000000000000       0x6f
 .debug_macro   0x0000000000000000       0x6f mavlink_log.c.o

.debug_macro    0x0000000000000000       0x53
 .debug_macro   0x0000000000000000       0x53 mavlink_log.c.o

.debug_macro    0x0000000000000000       0x16
 .debug_macro   0x0000000000000000       0x16 mavlink_log.c.o

.debug_macro    0x0000000000000000       0x47
 .debug_macro   0x0000000000000000       0x47 mavlink_log.c.o

.debug_macro    0x0000000000000000       0x10
 .debug_macro   0x0000000000000000       0x10 rc_check.c.o

.debug_macro    0x0000000000000000       0x46
 .debug_macro   0x0000000000000000       0x46 rc_check.c.o

.debug_macro    0x0000000000000000       0x44
 .debug_macro   0x0000000000000000       0x44 rc_check.c.o

.debug_macro    0x0000000000000000      0x21b
 .debug_macro   0x0000000000000000      0x21b otp.c.o

.debug_macro    0x0000000000000000      0x24d
 .debug_macro   0x0000000000000000      0x24d otp.c.o

.debug_macro    0x0000000000000000       0xa0
 .debug_macro   0x0000000000000000       0xa0 otp.c.o

.debug_macro    0x0000000000000000       0x22
 .debug_macro   0x0000000000000000       0x22 board_serial.c.o

.debug_macro    0x0000000000000000       0xcb
 .debug_macro   0x0000000000000000       0xcb board_serial.c.o

.debug_macro    0x0000000000000000       0x82
 .debug_macro   0x0000000000000000       0x82 board_serial.c.o

.debug_macro    0x0000000000000000       0x10
 .debug_macro   0x0000000000000000       0x10 pwm_limit/pwm_limit.c.o

.debug_macro    0x0000000000000000       0x16
 .debug_macro   0x0000000000000000       0x16 bson/tinybson.c.o

.debug_macro    0x0000000000000000      0x8c8
 .debug_macro   0x0000000000000000      0x8c8 circuit_breaker.cpp.o

.debug_macro    0x0000000000000000       0x22
 .debug_macro   0x0000000000000000       0x22 circuit_breaker.cpp.o

.debug_macro    0x0000000000000000       0xc9
 .debug_macro   0x0000000000000000       0xc9 circuit_breaker.cpp.o

.debug_macro    0x0000000000000000       0x63
 .debug_macro   0x0000000000000000       0x63 circuit_breaker.cpp.o

.debug_macro    0x0000000000000000       0x29
 .debug_macro   0x0000000000000000       0x29 circuit_breaker.cpp.o

.debug_macro    0x0000000000000000      0x167
 .debug_macro   0x0000000000000000      0x167 circuit_breaker.cpp.o

.debug_macro    0x0000000000000000       0x4c
 .debug_macro   0x0000000000000000       0x4c circuit_breaker.cpp.o

.debug_macro    0x0000000000000000       0x49
 .debug_macro   0x0000000000000000       0x49 circuit_breaker.cpp.o

.debug_macro    0x0000000000000000      0x106
 .debug_macro   0x0000000000000000      0x106 circuit_breaker.cpp.o

.debug_macro    0x0000000000000000       0x23
 .debug_macro   0x0000000000000000       0x23 circuit_breaker.cpp.o

.debug_macro    0x0000000000000000       0x28
 .debug_macro   0x0000000000000000       0x28 circuit_breaker.cpp.o

.debug_macro    0x0000000000000000       0xd1
 .debug_macro   0x0000000000000000       0xd1 circuit_breaker.cpp.o

.debug_macro    0x0000000000000000       0x16
 .debug_macro   0x0000000000000000       0x16 circuit_breaker.cpp.o

.debug_macro    0x0000000000000000       0x59
 .debug_macro   0x0000000000000000       0x59 circuit_breaker.cpp.o

.debug_macro    0x0000000000000000      0x27f
 .debug_macro   0x0000000000000000      0x27f circuit_breaker.cpp.o

.debug_macro    0x0000000000000000       0x10
 .debug_macro   0x0000000000000000       0x10 circuit_breaker.cpp.o

.debug_macro    0x0000000000000000       0x8a
 .debug_macro   0x0000000000000000       0x8a circuit_breaker.cpp.o

.debug_macro    0x0000000000000000       0x10
 .debug_macro   0x0000000000000000       0x10 circuit_breaker.cpp.o

.debug_macro    0x0000000000000000       0x10
 .debug_macro   0x0000000000000000       0x10 circuit_breaker.cpp.o

.debug_macro    0x0000000000000000       0x39
 .debug_macro   0x0000000000000000       0x39 circuit_breaker.cpp.o

.debug_macro    0x0000000000000000       0xb4
 .debug_macro   0x0000000000000000       0xb4 circuit_breaker.cpp.o

.debug_macro    0x0000000000000000       0x41
 .debug_macro   0x0000000000000000       0x41 circuit_breaker.cpp.o

.debug_macro    0x0000000000000000       0x34
 .debug_macro   0x0000000000000000       0x34 circuit_breaker.cpp.o

.debug_macro    0x0000000000000000      0x6c1
 .debug_macro   0x0000000000000000      0x6c1 err.c.o

.debug_macro    0x0000000000000000       0x16
 .debug_macro   0x0000000000000000       0x16 hx_stream.c.o

.debug_macro    0x0000000000000000       0x10
 .debug_macro   0x0000000000000000       0x10 hx_stream.c.o
