Archive member included because of file (symbol)

/Users/Oskar/CARTUM/Codigo_px4/ardupilot/modules/PX4Firmware/Build/px4io-v2_default.build/nuttx-export/libs/libnuttx.a(sched-irq_attach.o)
                              /Users/Oskar/CARTUM/Codigo_px4/ardupilot/modules/PX4Firmware/Build/px4io-v2_default.build//Users/Oskar/CARTUM/Codigo_px4/ardupilot/modules/PX4Firmware/src/drivers/stm32/module.pre.o (irq_attach)
/Users/Oskar/CARTUM/Codigo_px4/ardupilot/modules/PX4Firmware/Build/px4io-v2_default.build/nuttx-export/libs/libnuttx.a(sched-irq_initialize.o)
                              /Users/Oskar/CARTUM/Codigo_px4/ardupilot/modules/PX4Firmware/Build/px4io-v2_default.build/nuttx-export/libs/libnuttx.a(sched-irq_attach.o) (g_irqvector)
/Users/Oskar/CARTUM/Codigo_px4/ardupilot/modules/PX4Firmware/Build/px4io-v2_default.build/nuttx-export/libs/libnuttx.a(sched-irq_unexpectedisr.o)
                              /Users/Oskar/CARTUM/Codigo_px4/ardupilot/modules/PX4Firmware/Build/px4io-v2_default.build/nuttx-export/libs/libnuttx.a(sched-irq_attach.o) (irq_unexpected_isr)
/Users/Oskar/CARTUM/Codigo_px4/ardupilot/modules/PX4Firmware/Build/px4io-v2_default.build/nuttx-export/libs/libnuttx.a(sched-sched_lock.o)
                              /Users/Oskar/CARTUM/Codigo_px4/ardupilot/modules/PX4Firmware/Build/px4io-v2_default.build//Users/Oskar/CARTUM/Codigo_px4/ardupilot/modules/PX4Firmware/src/platforms/nuttx/px4_layer/module.pre.o (sched_lock)
/Users/Oskar/CARTUM/Codigo_px4/ardupilot/modules/PX4Firmware/Build/px4io-v2_default.build/nuttx-export/libs/libnuttx.a(sched-sched_setscheduler.o)
                              /Users/Oskar/CARTUM/Codigo_px4/ardupilot/modules/PX4Firmware/Build/px4io-v2_default.build//Users/Oskar/CARTUM/Codigo_px4/ardupilot/modules/PX4Firmware/src/platforms/nuttx/px4_layer/module.pre.o (sched_setscheduler)
/Users/Oskar/CARTUM/Codigo_px4/ardupilot/modules/PX4Firmware/Build/px4io-v2_default.build/nuttx-export/libs/libnuttx.a(sched-sched_unlock.o)
                              /Users/Oskar/CARTUM/Codigo_px4/ardupilot/modules/PX4Firmware/Build/px4io-v2_default.build//Users/Oskar/CARTUM/Codigo_px4/ardupilot/modules/PX4Firmware/src/platforms/nuttx/px4_layer/module.pre.o (sched_unlock)
/Users/Oskar/CARTUM/Codigo_px4/ardupilot/modules/PX4Firmware/Build/px4io-v2_default.build/nuttx-export/libs/libnuttx.a(sched-task_create.o)
                              /Users/Oskar/CARTUM/Codigo_px4/ardupilot/modules/PX4Firmware/Build/px4io-v2_default.build//Users/Oskar/CARTUM/Codigo_px4/ardupilot/modules/PX4Firmware/src/platforms/nuttx/px4_layer/module.pre.o (task_create)
/Users/Oskar/CARTUM/Codigo_px4/ardupilot/modules/PX4Firmware/Build/px4io-v2_default.build/nuttx-export/libs/libnuttx.a(sched-task_delete.o)
                              /Users/Oskar/CARTUM/Codigo_px4/ardupilot/modules/PX4Firmware/Build/px4io-v2_default.build//Users/Oskar/CARTUM/Codigo_px4/ardupilot/modules/PX4Firmware/src/platforms/nuttx/px4_layer/module.pre.o (task_delete)
/Users/Oskar/CARTUM/Codigo_px4/ardupilot/modules/PX4Firmware/Build/px4io-v2_default.build/nuttx-export/libs/libnuttx.a(sched-task_setup.o)
                              /Users/Oskar/CARTUM/Codigo_px4/ardupilot/modules/PX4Firmware/Build/px4io-v2_default.build/nuttx-export/libs/libnuttx.a(sched-task_create.o) (task_schedsetup)
/Users/Oskar/CARTUM/Codigo_px4/ardupilot/modules/PX4Firmware/Build/px4io-v2_default.build/nuttx-export/libs/libnuttx.a(sched-task_start.o)
                              /Users/Oskar/CARTUM/Codigo_px4/ardupilot/modules/PX4Firmware/Build/px4io-v2_default.build/nuttx-export/libs/libnuttx.a(sched-task_create.o) (task_start)
/Users/Oskar/CARTUM/Codigo_px4/ardupilot/modules/PX4Firmware/Build/px4io-v2_default.build/nuttx-export/libs/libnuttx.a(sched-task_terminate.o)
                              /Users/Oskar/CARTUM/Codigo_px4/ardupilot/modules/PX4Firmware/Build/px4io-v2_default.build/nuttx-export/libs/libnuttx.a(sched-task_delete.o) (task_terminate)
/Users/Oskar/CARTUM/Codigo_px4/ardupilot/modules/PX4Firmware/Build/px4io-v2_default.build/nuttx-export/libs/libnuttx.a(c-dq_addfirst.o)
                              /Users/Oskar/CARTUM/Codigo_px4/ardupilot/modules/PX4Firmware/Build/px4io-v2_default.build/nuttx-export/libs/libnuttx.a(sched-task_setup.o) (dq_addfirst)
/Users/Oskar/CARTUM/Codigo_px4/ardupilot/modules/PX4Firmware/Build/px4io-v2_default.build/nuttx-export/libs/libnuttx.a(c-dq_rem.o)
                              /Users/Oskar/CARTUM/Codigo_px4/ardupilot/modules/PX4Firmware/Build/px4io-v2_default.build/nuttx-export/libs/libnuttx.a(sched-task_create.o) (dq_rem)
/Users/Oskar/CARTUM/Codigo_px4/ardupilot/modules/PX4Firmware/Build/px4io-v2_default.build/nuttx-export/libs/libnuttx.a(c-lib_abort.o)
                              (abort)
/Users/Oskar/CARTUM/Codigo_px4/ardupilot/modules/PX4Firmware/Build/px4io-v2_default.build/nuttx-export/libs/libnuttx.a(c-lib_cfsetspeed.o)
[...]
Memory Configuration

Name             Origin             Length             Attributes
flash            0x0000000008001000 0x000000000000f000 xr
sram             0x0000000020000000 0x0000000000002000 xrw
*default*        0x0000000000000000 0xffffffffffffffff

Linker script and memory map


.text           0x0000000008001000     0xb3e9
                0x0000000008001000                _stext = ABSOLUTE (.)
 *(.vectors)
 .vectors       0x0000000008001000      0x134 /Users/Oskar/CARTUM/Codigo_px4/ardupilot/modules/PX4Firmware/Build/px4io-v2_default.build/nuttx-export/libs/libnuttx.a(arch-up_vectors.o)
                0x0000000008001000                _vectors
 *(.text .text.*)
 .text.stm32_boardinitialize
                0x0000000008001134      0x110 /Users/Oskar/CARTUM/Codigo_px4/ardupilot/modules/PX4Firmware/Build/px4io-v2_default.build//Users/Oskar/CARTUM/Codigo_px4/ardupilot/modules/PX4Firmware/src/drivers/boards/px4io-v2/module.pre.o
                0x0000000008001134                stm32_boardinitialize
 .text.hrt_absolute_time
                0x0000000008001244       0x50 /Users/Oskar/CARTUM/Codigo_px4/ardupilot/modules/PX4Firmware/Build/px4io-v2_default.build//Users/Oskar/CARTUM/Codigo_px4/ardupilot/modules/PX4Firmware/src/drivers/stm32/module.pre.o
                0x0000000008001244                hrt_absolute_time
 .text.hrt_call_reschedule
                0x0000000008001294       0x54 /Users/Oskar/CARTUM/Codigo_px4/ardupilot/modules/PX4Firmware/Build/px4io-v2_default.build//Users/Oskar/CARTUM/Codigo_px4/ardupilot/modules/PX4Firmware/src/drivers/stm32/module.pre.o
 .text.hrt_call_enter
                0x00000000080012e8       0x50 /Users/Oskar/CARTUM/Codigo_px4/ardupilot/modules/PX4Firmware/Build/px4io-v2_default.build//Users/Oskar/CARTUM/Codigo_px4/ardupilot/modules/PX4Firmware/src/drivers/stm32/module.pre.o
 .text.hrt_call_internal
                0x0000000008001338       0x4c /Users/Oskar/CARTUM/Codigo_px4/ardupilot/modules/PX4Firmware/Build/px4io-v2_default.build//Users/Oskar/CARTUM/Codigo_px4/ardupilot/modules/PX4Firmware/src/drivers/stm32/module.pre.o
 .text.hrt_tim_isr
                0x0000000008001384      0x1e0 /Users/Oskar/CARTUM/Codigo_px4/ardupilot/modules/PX4Firmware/Build/px4io-v2_default.build//Users/Oskar/CARTUM/Codigo_px4/ardupilot/modules/PX4Firmware/src/drivers/stm32/module.pre.o
 .text.hrt_elapsed_time
                0x0000000008001564       0x22 /Users/Oskar/CARTUM/Codigo_px4/ardupilot/modules/PX4Firmware/Build/px4io-v2_default.build//Users/Oskar/CARTUM/Codigo_px4/ardupilot/modules/PX4Firmware/src/drivers/stm32/module.pre.o
                0x0000000008001564                hrt_elapsed_time
 *fill*         0x0000000008001586        0x2 
 .text.hrt_init
                0x0000000008001588       0x84 /Users/Oskar/CARTUM/Codigo_px4/ardupilot/modules/PX4Firmware/Build/px4io-v2_default.build//Users/Oskar/CARTUM/Codigo_px4/ardupilot/modules/PX4Firmware/src/drivers/stm32/module.pre.o
                0x0000000008001588                hrt_init
 .text.hrt_call_every
                0x000000000800160c       0x36 /Users/Oskar/CARTUM/Codigo_px4/ardupilot/modules/PX4Firmware/Build/px4io-v2_default.build//Users/Oskar/CARTUM/Codigo_px4/ardupilot/modules/PX4Firmware/src/drivers/stm32/module.pre.o
                0x000000000800160c                hrt_call_every
 *fill*         0x0000000008001642        0x2 
 .text.up_pwm_servo_set
                0x0000000008001644       0x54 /Users/Oskar/CARTUM/Codigo_px4/ardupilot/modules/PX4Firmware/Build/px4io-v2_default.build//Users/Oskar/CARTUM/Codigo_px4/ardupilot/modules/PX4Firmware/src/drivers/stm32/module.pre.o
                0x0000000008001644                up_pwm_servo_set
 .text.up_pwm_servo_init
                0x0000000008001698      0x134 /Users/Oskar/CARTUM/Codigo_px4/ardupilot/modules/PX4Firmware/Build/px4io-v2_default.build//Users/Oskar/CARTUM/Codigo_px4/ardupilot/modules/PX4Firmware/src/drivers/stm32/module.pre.o
                0x0000000008001698                up_pwm_servo_init
 .text.up_pwm_servo_set_rate_group_update
                0x00000000080017cc       0x3c /Users/Oskar/CARTUM/Codigo_px4/ardupilot/modules/PX4Firmware/Build/px4io-v2_default.build//Users/Oskar/CARTUM/Codigo_px4/ardupilot/modules/PX4Firmware/src/drivers/stm32/module.pre.o
                0x00000000080017cc                up_pwm_servo_set_rate_group_update
 .text.up_pwm_servo_get_rate_group
                0x0000000008001808       0x2c /Users/Oskar/CARTUM/Codigo_px4/ardupilot/modules/PX4Firmware/Build/px4io-v2_default.build//Users/Oskar/CARTUM/Codigo_px4/ardupilot/modules/PX4Firmware/src/drivers/stm32/module.pre.o
                0x0000000008001808                up_pwm_servo_get_rate_group
 .text.up_pwm_servo_arm
                0x0000000008001834       0x28 /Users/Oskar/CARTUM/Codigo_px4/ardupilot/modules/PX4Firmware/Build/px4io-v2_default.build//Users/Oskar/CARTUM/Codigo_px4/ardupilot/modules/PX4Firmware/src/drivers/stm32/module.pre.o
                0x0000000008001834                up_pwm_servo_arm
 .text.adc_init
                0x000000000800185c       0xa4 /Users/Oskar/CARTUM/Codigo_px4/ardupilot/modules/PX4Firmware/Build/px4io-v2_default.build//Users/Oskar/CARTUM/Codigo_px4/ardupilot/modules/PX4Firmware/src/modules/px4iofirmware/module.pre.o
 .text.adc_measure
                0x0000000008001900       0x80 /Users/Oskar/CARTUM/Codigo_px4/ardupilot/modules/PX4Firmware/Build/px4io-v2_default.build//Users/Oskar/CARTUM/Codigo_px4/ardupilot/modules/PX4Firmware/src/modules/px4iofirmware/module.pre.o
 .text.controls_init
                0x0000000008001980       0xa8 /Users/Oskar/CARTUM/Codigo_px4/ardupilot/modules/PX4Firmware/Build/px4io-v2_default.build//Users/Oskar/CARTUM/Codigo_px4/ardupilot/modules/PX4Firmware/src/modules/px4iofirmware/module.pre.o
 .text.controls_tick
                0x0000000008001a28      0x6ec /Users/Oskar/CARTUM/Codigo_px4/ardupilot/modules/PX4Firmware/Build/px4io-v2_default.build//Users/Oskar/CARTUM/Codigo_px4/ardupilot/modules/PX4Firmware/src/modules/px4iofirmware/module.pre.o
 .text.dsm_guess_format
                0x0000000008002114      0x1ec /Users/Oskar/CARTUM/Codigo_px4/ardupilot/modules/PX4Firmware/Build/px4io-v2_default.build//Users/Oskar/CARTUM/Codigo_px4/ardupilot/modules/PX4Firmware/src/modules/px4iofirmware/module.pre.o
 .text.dsm_init
                0x0000000008002300       0x78 /Users/Oskar/CARTUM/Codigo_px4/ardupilot/modules/PX4Firmware/Build/px4io-v2_default.build//Users/Oskar/CARTUM/Codigo_px4/ardupilot/modules/PX4Firmware/src/modules/px4iofirmware/module.pre.o
 .text.dsm_bind
                0x0000000008002378       0x8c /Users/Oskar/CARTUM/Codigo_px4/ardupilot/modules/PX4Firmware/Build/px4io-v2_default.build//Users/Oskar/CARTUM/Codigo_px4/ardupilot/modules/PX4Firmware/src/modules/px4iofirmware/module.pre.o
 .text.dsm_input
                0x0000000008002404      0x1ec /Users/Oskar/CARTUM/Codigo_px4/ardupilot/modules/PX4Firmware/Build/px4io-v2_default.build//Users/Oskar/CARTUM/Codigo_px4/ardupilot/modules/PX4Firmware/src/modules/px4iofirmware/module.pre.o
 .text.isr_debug.constprop.0
                0x00000000080025f0       0x64 /Users/Oskar/CARTUM/Codigo_px4/ardupilot/modules/PX4Firmware/Build/px4io-v2_default.build//Users/Oskar/CARTUM/Codigo_px4/ardupilot/modules/PX4Firmware/src/modules/px4iofirmware/module.pre.o
 .text.isr_debug
                0x0000000008002654       0x64 /Users/Oskar/CARTUM/Codigo_px4/ardupilot/modules/PX4Firmware/Build/px4io-v2_default.build//Users/Oskar/CARTUM/Codigo_px4/ardupilot/modules/PX4Firmware/src/modules/px4iofirmware/module.pre.o
 .text.schedule_reboot
                0x00000000080026b8       0x1c /Users/Oskar/CARTUM/Codigo_px4/ardupilot/modules/PX4Firmware/Build/px4io-v2_default.build//Users/Oskar/CARTUM/Codigo_px4/ardupilot/modules/PX4Firmware/src/modules/px4iofirmware/module.pre.o
 .text.user_start
                0x00000000080026d4      0x3cc /Users/Oskar/CARTUM/Codigo_px4/ardupilot/modules/PX4Firmware/Build/px4io-v2_default.build//Users/Oskar/CARTUM/Codigo_px4/ardupilot/modules/PX4Firmware/src/modules/px4iofirmware/module.pre.o
                0x00000000080026d4                user_start
 .text.pwm_configure_rates
                0x0000000008002aa0       0xa4 /Users/Oskar/CARTUM/Codigo_px4/ardupilot/modules/PX4Firmware/Build/px4io-v2_default.build//Users/Oskar/CARTUM/Codigo_px4/ardupilot/modules/PX4Firmware/src/modules/px4iofirmware/module.pre.o
 .text.registers_set
                0x0000000008002b44      0xa7c /Users/Oskar/CARTUM/Codigo_px4/ardupilot/modules/PX4Firmware/Build/px4io-v2_default.build//Users/Oskar/CARTUM/Codigo_px4/ardupilot/modules/PX4Firmware/src/modules/px4iofirmware/module.pre.o
 .text.registers_get
                0x00000000080035c0      0x288 /Users/Oskar/CARTUM/Codigo_px4/ardupilot/modules/PX4Firmware/Build/px4io-v2_default.build//Users/Oskar/CARTUM/Codigo_px4/ardupilot/modules/PX4Firmware/src/modules/px4iofirmware/module.pre.o
 .text.safety_check_button
                0x0000000008003848       0xe8 /Users/Oskar/CARTUM/Codigo_px4/ardupilot/modules/PX4Firmware/Build/px4io-v2_default.build//Users/Oskar/CARTUM/Codigo_px4/ardupilot/modules/PX4Firmware/src/modules/px4iofirmware/module.pre.o
 .text.failsafe_blink
                0x0000000008003930       0x4c /Users/Oskar/CARTUM/Codigo_px4/ardupilot/modules/PX4Firmware/Build/px4io-v2_default.build//Users/Oskar/CARTUM/Codigo_px4/ardupilot/modules/PX4Firmware/src/modules/px4iofirmware/module.pre.o
 .text.safety_init
                0x000000000800397c       0x34 /Users/Oskar/CARTUM/Codigo_px4/ardupilot/modules/PX4Firmware/Build/px4io-v2_default.build//Users/Oskar/CARTUM/Codigo_px4/ardupilot/modules/PX4Firmware/src/modules/px4iofirmware/module.pre.o
 .text.failsafe_led_init
                0x00000000080039b0       0x34 /Users/Oskar/CARTUM/Codigo_px4/ardupilot/modules/PX4Firmware/Build/px4io-v2_default.build//Users/Oskar/CARTUM/Codigo_px4/ardupilot/modules/PX4Firmware/src/modules/px4iofirmware/module.pre.o
 .text.sbus_init
                0x00000000080039e4       0x84 /Users/Oskar/CARTUM/Codigo_px4/ardupilot/modules/PX4Firmware/Build/px4io-v2_default.build//Users/Oskar/CARTUM/Codigo_px4/ardupilot/modules/PX4Firmware/src/modules/px4iofirmware/module.pre.o
 .text.sbus1_output
                0x0000000008003a68      0x150 /Users/Oskar/CARTUM/Codigo_px4/ardupilot/modules/PX4Firmware/Build/px4io-v2_default.build//Users/Oskar/CARTUM/Codigo_px4/ardupilot/modules/PX4Firmware/src/modules/px4iofirmware/module.pre.o
 .text.sbus2_output
                0x0000000008003bb8       0x24 /Users/Oskar/CARTUM/Codigo_px4/ardupilot/modules/PX4Firmware/Build/px4io-v2_default.build//Users/Oskar/CARTUM/Codigo_px4/ardupilot/modules/PX4Firmware/src/modules/px4iofirmware/module.pre.o
 .text.sbus_input
                0x0000000008003bdc      0x1d0 /Users/Oskar/CARTUM/Codigo_px4/ardupilot/modules/PX4Firmware/Build/px4io-v2_default.build//Users/Oskar/CARTUM/Codigo_px4/ardupilot/modules/PX4Firmware/src/modules/px4iofirmware/module.pre.o
 .text.up_cxxinitialize
                0x0000000008003dac       0x38 /Users/Oskar/CARTUM/Codigo_px4/ardupilot/modules/PX4Firmware/Build/px4io-v2_default.build//Users/Oskar/CARTUM/Codigo_px4/ardupilot/modules/PX4Firmware/src/modules/px4iofirmware/module.pre.o
                0x0000000008003dac                up_cxxinitialize
 .text.perf_alloc
                0x0000000008003de4       0x50 /Users/Oskar/CARTUM/Codigo_px4/ardupilot/modules/PX4Firmware/Build/px4io-v2_default.build//Users/Oskar/CARTUM/Codigo_px4/ardupilot/modules/PX4Firmware/src/modules/px4iofirmware/module.pre.o
                0x0000000008003de4                perf_alloc
 .text.perf_count
                0x0000000008003e34      0x100 /Users/Oskar/CARTUM/Codigo_px4/ardupilot/modules/PX4Firmware/Build/px4io-v2_default.build//Users/Oskar/CARTUM/Codigo_px4/ardupilot/modules/PX4Firmware/src/modules/px4iofirmware/module.pre.o
                0x0000000008003e34                perf_count
 .text.perf_begin
                0x0000000008003f34       0x18 /Users/Oskar/CARTUM/Codigo_px4/ardupilot/modules/PX4Firmware/Build/px4io-v2_default.build//Users/Oskar/CARTUM/Codigo_px4/ardupilot/modules/PX4Firmware/src/modules/px4iofirmware/module.pre.o
                0x0000000008003f34                perf_begin
 .text.perf_end
                0x0000000008003f4c       0xec /Users/Oskar/CARTUM/Codigo_px4/ardupilot/modules/PX4Firmware/Build/px4io-v2_default.build//Users/Oskar/CARTUM/Codigo_px4/ardupilot/modules/PX4Firmware/src/modules/px4iofirmware/module.pre.o
                0x0000000008003f4c                perf_end
 .text._ZL14mixer_callbackjhhRf
                0x0000000008004038       0xa8 /Users/Oskar/CARTUM/Codigo_px4/ardupilot/modules/PX4Firmware/Build/px4io-v2_default.build//Users/Oskar/CARTUM/Codigo_px4/ardupilot/modules/PX4Firmware/src/modules/px4iofirmware/module.pre.o
 .text.startup._GLOBAL__sub_I_mixer_tick
                0x00000000080040e0       0x2c /Users/Oskar/CARTUM/Codigo_px4/ardupilot/modules/PX4Firmware/Build/px4io-v2_default.build//Users/Oskar/CARTUM/Codigo_px4/ardupilot/modules/PX4Firmware/src/modules/px4iofirmware/module.pre.o
 .text.mixer_tick
                0x000000000800410c      0x4c0 /Users/Oskar/CARTUM/Codigo_px4/ardupilot/modules/PX4Firmware/Build/px4io-v2_default.build//Users/Oskar/CARTUM/Codigo_px4/ardupilot/modules/PX4Firmware/src/modules/px4iofirmware/module.pre.o
 .text.mixer_handle_text
                0x00000000080045cc      0x250 /Users/Oskar/CARTUM/Codigo_px4/ardupilot/modules/PX4Firmware/Build/px4io-v2_default.build//Users/Oskar/CARTUM/Codigo_px4/ardupilot/modules/PX4Firmware/src/modules/px4iofirmware/module.pre.o
 .text._ZN5MixerD2Ev
                0x000000000800481c        0xc /Users/Oskar/CARTUM/Codigo_px4/ardupilot/modules/PX4Firmware/Build/px4io-v2_default.build//Users/Oskar/CARTUM/Codigo_px4/ardupilot/modules/PX4Firmware/src/modules/px4iofirmware/module.pre.o
                0x000000000800481c                Mixer::~Mixer()
                0x000000000800481c                Mixer::~Mixer()
 .text._ZN9NullMixerD2Ev
                0x0000000008004828        0xc /Users/Oskar/CARTUM/Codigo_px4/ardupilot/modules/PX4Firmware/Build/px4io-v2_default.build//Users/Oskar/CARTUM/Codigo_px4/ardupilot/modules/PX4Firmware/src/modules/px4iofirmware/module.pre.o
                0x0000000008004828                NullMixer::~NullMixer()
                0x0000000008004828                NullMixer::~NullMixer()
 .text._ZN9NullMixer3mixEPfjPt
                0x0000000008004834       0x10 /Users/Oskar/CARTUM/Codigo_px4/ardupilot/modules/PX4Firmware/Build/px4io-v2_default.build//Users/Oskar/CARTUM/Codigo_px4/ardupilot/modules/PX4Firmware/src/modules/px4iofirmware/module.pre.o
                0x0000000008004834                NullMixer::mix(float*, unsigned int, unsigned short*)
 .text._ZN9NullMixer15groups_requiredERj
                0x0000000008004844        0x4 /Users/Oskar/CARTUM/Codigo_px4/ardupilot/modules/PX4Firmware/Build/px4io-v2_default.build//Users/Oskar/CARTUM/Codigo_px4/ardupilot/modules/PX4Firmware/src/modules/px4iofirmware/module.pre.o
                0x0000000008004844                NullMixer::groups_required(unsigned int&)
 .text._ZN5MixerD0Ev
                0x0000000008004848       0x14 /Users/Oskar/CARTUM/Codigo_px4/ardupilot/modules/PX4Firmware/Build/px4io-v2_default.build//Users/Oskar/CARTUM/Codigo_px4/ardupilot/modules/PX4Firmware/src/modules/px4iofirmware/module.pre.o
                0x0000000008004848                Mixer::~Mixer()
 .text._ZN9NullMixerD0Ev
                0x000000000800485c       0x14 /Users/Oskar/CARTUM/Codigo_px4/ardupilot/modules/PX4Firmware/Build/px4io-v2_default.build//Users/Oskar/CARTUM/Codigo_px4/ardupilot/modules/PX4Firmware/src/modules/px4iofirmware/module.pre.o
                0x000000000800485c                NullMixer::~NullMixer()
 .text._ZN5MixerC2EPFijhhRfEj
                0x0000000008004870       0x18 /Users/Oskar/CARTUM/Codigo_px4/ardupilot/modules/PX4Firmware/Build/px4io-v2_default.build//Users/Oskar/CARTUM/Codigo_px4/ardupilot/modules/PX4Firmware/src/modules/px4iofirmware/module.pre.o
                0x0000000008004870                Mixer::Mixer(int (*)(unsigned int, unsigned char, unsigned char, float&), unsigned int)
                0x0000000008004870                Mixer::Mixer(int (*)(unsigned int, unsigned char, unsigned char, float&), unsigned int)
 .text._ZN5Mixer11get_controlEhh
                0x0000000008004888       0x14 /Users/Oskar/CARTUM/Codigo_px4/ardupilot/modules/PX4Firmware/Build/px4io-v2_default.build//Users/Oskar/CARTUM/Codigo_px4/ardupilot/modules/PX4Firmware/src/modules/px4iofirmware/module.pre.o
                0x0000000008004888                Mixer::get_control(unsigned char, unsigned char)
 .text._ZN5Mixer5scaleERK14mixer_scaler_sf
                0x000000000800489c       0x54 /Users/Oskar/CARTUM/Codigo_px4/ardupilot/modules/PX4Firmware/Build/px4io-v2_default.build//Users/Oskar/CARTUM/Codigo_px4/ardupilot/modules/PX4Firmware/src/modules/px4iofirmware/module.pre.o
                0x000000000800489c                Mixer::scale(mixer_scaler_s const&, float)
 .text._ZN5Mixer7findtagEPKcRjc
                0x00000000080048f0       0x34 /Users/Oskar/CARTUM/Codigo_px4/ardupilot/modules/PX4Firmware/Build/px4io-v2_default.build//Users/Oskar/CARTUM/Codigo_px4/ardupilot/modules/PX4Firmware/src/modules/px4iofirmware/module.pre.o
                0x00000000080048f0                Mixer::findtag(char const*, unsigned int&, char)
 .text._ZN5Mixer8skiplineEPKcRj
                0x0000000008004924       0x30 /Users/Oskar/CARTUM/Codigo_px4/ardupilot/modules/PX4Firmware/Build/px4io-v2_default.build//Users/Oskar/CARTUM/Codigo_px4/ardupilot/modules/PX4Firmware/src/modules/px4iofirmware/module.pre.o
                0x0000000008004924                Mixer::skipline(char const*, unsigned int&)
 .text._ZN9NullMixer9from_textEPKcRj
                0x0000000008004954       0x5c /Users/Oskar/CARTUM/Codigo_px4/ardupilot/modules/PX4Firmware/Build/px4io-v2_default.build//Users/Oskar/CARTUM/Codigo_px4/ardupilot/modules/PX4Firmware/src/modules/px4iofirmware/module.pre.o
                0x0000000008004954                NullMixer::from_text(char const*, unsigned int&)
 .text._ZN10MixerGroupD2Ev
                0x00000000080049b0       0x30 /Users/Oskar/CARTUM/Codigo_px4/ardupilot/modules/PX4Firmware/Build/px4io-v2_default.build//Users/Oskar/CARTUM/Codigo_px4/ardupilot/modules/PX4Firmware/src/modules/px4iofirmware/module.pre.o
                0x00000000080049b0                MixerGroup::~MixerGroup()
                0x00000000080049b0                MixerGroup::~MixerGroup()
 .text._ZN10MixerGroup3mixEPfjPt
                0x00000000080049e0       0x40 /Users/Oskar/CARTUM/Codigo_px4/ardupilot/modules/PX4Firmware/Build/px4io-v2_default.build//Users/Oskar/CARTUM/Codigo_px4/ardupilot/modules/PX4Firmware/src/modules/px4iofirmware/module.pre.o
                0x00000000080049e0                MixerGroup::mix(float*, unsigned int, unsigned short*)
 .text._ZN10MixerGroup15groups_requiredERj
                0x0000000008004a20       0x1c /Users/Oskar/CARTUM/Codigo_px4/ardupilot/modules/PX4Firmware/Build/px4io-v2_default.build//Users/Oskar/CARTUM/Codigo_px4/ardupilot/modules/PX4Firmware/src/modules/px4iofirmware/module.pre.o
                0x0000000008004a20                MixerGroup::groups_required(unsigned int&)
 .text._ZN10MixerGroupD0Ev
                0x0000000008004a3c       0x34 /Users/Oskar/CARTUM/Codigo_px4/ardupilot/modules/PX4Firmware/Build/px4io-v2_default.build//Users/Oskar/CARTUM/Codigo_px4/ardupilot/modules/PX4Firmware/src/modules/px4iofirmware/module.pre.o
                0x0000000008004a3c                MixerGroup::~MixerGroup()
 .text._ZN10MixerGroupC2EPFijhhRfEj
                0x0000000008004a70       0x18 /Users/Oskar/CARTUM/Codigo_px4/ardupilot/modules/PX4Firmware/Build/px4io-v2_default.build//Users/Oskar/CARTUM/Codigo_px4/ardupilot/modules/PX4Firmware/src/modules/px4iofirmware/module.pre.o
                0x0000000008004a70                MixerGroup::MixerGroup(int (*)(unsigned int, unsigned char, unsigned char, float&), unsigned int)
                0x0000000008004a70                MixerGroup::MixerGroup(int (*)(unsigned int, unsigned char, unsigned char, float&), unsigned int)
 .text._ZN10MixerGroup5resetEv
                0x0000000008004a88       0x1c /Users/Oskar/CARTUM/Codigo_px4/ardupilot/modules/PX4Firmware/Build/px4io-v2_default.build//Users/Oskar/CARTUM/Codigo_px4/ardupilot/modules/PX4Firmware/src/modules/px4iofirmware/module.pre.o
                0x0000000008004a88                MixerGroup::reset()
 .text._ZN10MixerGroup13load_from_bufEPKcRj
                0x0000000008004aa4       0x8c /Users/Oskar/CARTUM/Codigo_px4/ardupilot/modules/PX4Firmware/Build/px4io-v2_default.build//Users/Oskar/CARTUM/Codigo_px4/ardupilot/modules/PX4Firmware/src/modules/px4iofirmware/module.pre.o
                0x0000000008004aa4                MixerGroup::load_from_buf(char const*, unsigned int&)
 .text._ZN15MultirotorMixerD2Ev
                0x0000000008004b30        0xc /Users/Oskar/CARTUM/Codigo_px4/ardupilot/modules/PX4Firmware/Build/px4io-v2_default.build//Users/Oskar/CARTUM/Codigo_px4/ardupilot/modules/PX4Firmware/src/modules/px4iofirmware/module.pre.o
                0x0000000008004b30                MultirotorMixer::~MultirotorMixer()
                0x0000000008004b30                MultirotorMixer::~MultirotorMixer()
 .text._ZN15MultirotorMixer15groups_requiredERj
                0x0000000008004b3c        0xc /Users/Oskar/CARTUM/Codigo_px4/ardupilot/modules/PX4Firmware/Build/px4io-v2_default.build//Users/Oskar/CARTUM/Codigo_px4/ardupilot/modules/PX4Firmware/src/modules/px4iofirmware/module.pre.o
                0x0000000008004b3c                MultirotorMixer::groups_required(unsigned int&)
 .text._ZN15MultirotorMixerD0Ev
                0x0000000008004b48       0x14 /Users/Oskar/CARTUM/Codigo_px4/ardupilot/modules/PX4Firmware/Build/px4io-v2_default.build//Users/Oskar/CARTUM/Codigo_px4/ardupilot/modules/PX4Firmware/src/modules/px4iofirmware/module.pre.o
                0x0000000008004b48                MultirotorMixer::~MultirotorMixer()
 .text._ZN15MultirotorMixer3mixEPfjPt
                0x0000000008004b5c      0x744 /Users/Oskar/CARTUM/Codigo_px4/ardupilot/modules/PX4Firmware/Build/px4io-v2_default.build//Users/Oskar/CARTUM/Codigo_px4/ardupilot/modules/PX4Firmware/src/modules/px4iofirmware/module.pre.o
                0x0000000008004b5c                MultirotorMixer::mix(float*, unsigned int, unsigned short*)
 .text._ZN15MultirotorMixer9from_textEPFijhhRfEjPKcRj
                0x00000000080052a0      0x208 /Users/Oskar/CARTUM/Codigo_px4/ardupilot/modules/PX4Firmware/Build/px4io-v2_default.build//Users/Oskar/CARTUM/Codigo_px4/ardupilot/modules/PX4Firmware/src/modules/px4iofirmware/module.pre.o
                0x00000000080052a0                MultirotorMixer::from_text(int (*)(unsigned int, unsigned char, unsigned char, float&), unsigned int, char const*, unsigned int&)
 .text._ZN11SimpleMixer15groups_requiredERj
                0x00000000080054a8       0x2c /Users/Oskar/CARTUM/Codigo_px4/ardupilot/modules/PX4Firmware/Build/px4io-v2_default.build//Users/Oskar/CARTUM/Codigo_px4/ardupilot/modules/PX4Firmware/src/modules/px4iofirmware/module.pre.o
                0x00000000080054a8                SimpleMixer::groups_required(unsigned int&)
 .text._ZN11SimpleMixerD2Ev
                0x00000000080054d4       0x20 /Users/Oskar/CARTUM/Codigo_px4/ardupilot/modules/PX4Firmware/Build/px4io-v2_default.build//Users/Oskar/CARTUM/Codigo_px4/ardupilot/modules/PX4Firmware/src/modules/px4iofirmware/module.pre.o
                0x00000000080054d4                SimpleMixer::~SimpleMixer()
                0x00000000080054d4                SimpleMixer::~SimpleMixer()
 .text._ZN11SimpleMixerD0Ev
                0x00000000080054f4       0x28 /Users/Oskar/CARTUM/Codigo_px4/ardupilot/modules/PX4Firmware/Build/px4io-v2_default.build//Users/Oskar/CARTUM/Codigo_px4/ardupilot/modules/PX4Firmware/src/modules/px4iofirmware/module.pre.o
                0x00000000080054f4                SimpleMixer::~SimpleMixer()
 .text._ZN11SimpleMixer3mixEPfjPt
                0x000000000800551c       0x74 /Users/Oskar/CARTUM/Codigo_px4/ardupilot/modules/PX4Firmware/Build/px4io-v2_default.build//Users/Oskar/CARTUM/Codigo_px4/ardupilot/modules/PX4Firmware/src/modules/px4iofirmware/module.pre.o
                0x000000000800551c                SimpleMixer::mix(float*, unsigned int, unsigned short*)
 .text._ZN11SimpleMixer19parse_output_scalerEPKcRjR14mixer_scaler_s
                0x0000000008005590       0xa8 /Users/Oskar/CARTUM/Codigo_px4/ardupilot/modules/PX4Firmware/Build/px4io-v2_default.build//Users/Oskar/CARTUM/Codigo_px4/ardupilot/modules/PX4Firmware/src/modules/px4iofirmware/module.pre.o
                0x0000000008005590                SimpleMixer::parse_output_scaler(char const*, unsigned int&, mixer_scaler_s&)
 .text._ZN11SimpleMixer9from_textEPFijhhRfEjPKcRj
                0x0000000008005638      0x158 /Users/Oskar/CARTUM/Codigo_px4/ardupilot/modules/PX4Firmware/Build/px4io-v2_default.build//Users/Oskar/CARTUM/Codigo_px4/ardupilot/modules/PX4Firmware/src/modules/px4iofirmware/module.pre.o
                0x0000000008005638                SimpleMixer::from_text(int (*)(unsigned int, unsigned char, unsigned char, float&), unsigned int, char const*, unsigned int&)
 .text.pwm_limit_init
                0x0000000008005790       0x10 /Users/Oskar/CARTUM/Codigo_px4/ardupilot/modules/PX4Firmware/Build/px4io-v2_default.build//Users/Oskar/CARTUM/Codigo_px4/ardupilot/modules/PX4Firmware/src/modules/px4iofirmware/module.pre.o
                0x0000000008005790                pwm_limit_init
 .text.pwm_limit_calc
                0x00000000080057a0      0x2d8 /Users/Oskar/CARTUM/Codigo_px4/ardupilot/modules/PX4Firmware/Build/px4io-v2_default.build//Users/Oskar/CARTUM/Codigo_px4/ardupilot/modules/PX4Firmware/src/modules/px4iofirmware/module.pre.o
                0x00000000080057a0                pwm_limit_calc
 .text.st24_decode
                0x0000000008005a78      0x330 /Users/Oskar/CARTUM/Codigo_px4/ardupilot/modules/PX4Firmware/Build/px4io-v2_default.build//Users/Oskar/CARTUM/Codigo_px4/ardupilot/modules/PX4Firmware/src/modules/px4iofirmware/module.pre.o
                0x0000000008005a78                st24_decode
 .text.sumd_decode
                0x0000000008005da8      0x6dc /Users/Oskar/CARTUM/Codigo_px4/ardupilot/modules/PX4Firmware/Build/px4io-v2_default.build//Users/Oskar/CARTUM/Codigo_px4/ardupilot/modules/PX4Firmware/src/modules/px4iofirmware/module.pre.o
 .text.rx_dma_callback
                0x0000000008006484      0x1bc /Users/Oskar/CARTUM/Codigo_px4/ardupilot/modules/PX4Firmware/Build/px4io-v2_default.build//Users/Oskar/CARTUM/Codigo_px4/ardupilot/modules/PX4Firmware/src/modules/px4iofirmware/module.pre.o
 .text.serial_interrupt
                0x0000000008006640      0x184 /Users/Oskar/CARTUM/Codigo_px4/ardupilot/modules/PX4Firmware/Build/px4io-v2_default.build//Users/Oskar/CARTUM/Codigo_px4/ardupilot/modules/PX4Firmware/src/modules/px4iofirmware/module.pre.o
 .text.interface_init
                0x00000000080067c4      0x198 /Users/Oskar/CARTUM/Codigo_px4/ardupilot/modules/PX4Firmware/Build/px4io-v2_default.build//Users/Oskar/CARTUM/Codigo_px4/ardupilot/modules/PX4Firmware/src/modules/px4iofirmware/module.pre.o
 .text.irq_attach
                0x000000000800695c       0x38 /Users/Oskar/CARTUM/Codigo_px4/ardupilot/modules/PX4Firmware/Build/px4io-v2_default.build/nuttx-export/libs/libnuttx.a(sched-irq_attach.o)
                0x000000000800695c                irq_attach
 .text.irq_initialize
                0x0000000008006994       0x1c /Users/Oskar/CARTUM/Codigo_px4/ardupilot/modules/PX4Firmware/Build/px4io-v2_default.build/nuttx-export/libs/libnuttx.a(sched-irq_initialize.o)
                0x0000000008006994                irq_initialize
 .text.irq_unexpected_isr
                0x00000000080069b0       0x14 /Users/Oskar/CARTUM/Codigo_px4/ardupilot/modules/PX4Firmware/Build/px4io-v2_default.build/nuttx-export/libs/libnuttx.a(sched-irq_unexpectedisr.o)
                0x00000000080069b0                irq_unexpected_isr
 .text.sched_lock
                0x00000000080069c4       0x30 /Users/Oskar/CARTUM/Codigo_px4/ardupilot/modules/PX4Firmware/Build/px4io-v2_default.build/nuttx-export/libs/libnuttx.a(sched-sched_lock.o)
                0x00000000080069c4                sched_lock
 .text.sched_unlock
                0x00000000080069f4       0x48 /Users/Oskar/CARTUM/Codigo_px4/ardupilot/modules/PX4Firmware/Build/px4io-v2_default.build/nuttx-export/libs/libnuttx.a(sched-sched_unlock.o)
                0x00000000080069f4                sched_unlock
 .text.thread_create
                0x0000000008006a3c       0xa4 /Users/Oskar/CARTUM/Codigo_px4/ardupilot/modules/PX4Firmware/Build/px4io-v2_default.build/nuttx-export/libs/libnuttx.a(sched-task_create.o)
 .text.task_create
                0x0000000008006ae0       0x1a /Users/Oskar/CARTUM/Codigo_px4/ardupilot/modules/PX4Firmware/Build/px4io-v2_default.build/nuttx-export/libs/libnuttx.a(sched-task_create.o)
                0x0000000008006ae0                task_create
 *fill*         0x0000000008006afa        0x2 
 .text.task_schedsetup
                0x0000000008006afc       0xa8 /Users/Oskar/CARTUM/Codigo_px4/ardupilot/modules/PX4Firmware/Build/px4io-v2_default.build/nuttx-export/libs/libnuttx.a(sched-task_setup.o)
                0x0000000008006afc                task_schedsetup
 .text.task_argsetup
                0x0000000008006ba4       0x5c /Users/Oskar/CARTUM/Codigo_px4/ardupilot/modules/PX4Firmware/Build/px4io-v2_default.build/nuttx-export/libs/libnuttx.a(sched-task_setup.o)
                0x0000000008006ba4                task_argsetup
 .text.task_start
                0x0000000008006c00       0x28 /Users/Oskar/CARTUM/Codigo_px4/ardupilot/modules/PX4Firmware/Build/px4io-v2_default.build/nuttx-export/libs/libnuttx.a(sched-task_start.o)
                0x0000000008006c00                task_start
 .text.task_terminate
                0x0000000008006c28       0x78 /Users/Oskar/CARTUM/Codigo_px4/ardupilot/modules/PX4Firmware/Build/px4io-v2_default.build/nuttx-export/libs/libnuttx.a(sched-task_terminate.o)
                0x0000000008006c28                task_terminate
 .text.dq_addfirst
                0x0000000008006ca0       0x18 /Users/Oskar/CARTUM/Codigo_px4/ardupilot/modules/PX4Firmware/Build/px4io-v2_default.build/nuttx-export/libs/libnuttx.a(c-dq_addfirst.o)
                0x0000000008006ca0                dq_addfirst
 .text.dq_rem   0x0000000008006cb8       0x1c /Users/Oskar/CARTUM/Codigo_px4/ardupilot/modules/PX4Firmware/Build/px4io-v2_default.build/nuttx-export/libs/libnuttx.a(c-dq_rem.o)
                0x0000000008006cb8                dq_rem
 .text.abort    0x0000000008006cd4        0x8 /Users/Oskar/CARTUM/Codigo_px4/ardupilot/modules/PX4Firmware/Build/px4io-v2_default.build/nuttx-export/libs/libnuttx.a(c-lib_abort.o)
                0x0000000008006cd4                abort
 .text.cfsetspeed
                0x0000000008006cdc        0x6 /Users/Oskar/CARTUM/Codigo_px4/ardupilot/modules/PX4Firmware/Build/px4io-v2_default.build/nuttx-export/libs/libnuttx.a(c-lib_cfsetspeed.o)
                0x0000000008006cdc                cfsetspeed
 *fill*         0x0000000008006ce2        0x2 
 .text.crc32part
                0x0000000008006ce4       0x24 /Users/Oskar/CARTUM/Codigo_px4/ardupilot/modules/PX4Firmware/Build/px4io-v2_default.build/nuttx-export/libs/libnuttx.a(c-lib_crc32.o)
                0x0000000008006ce4                crc32part
 .text.lowvsyslog
                0x0000000008006d08       0x1a /Users/Oskar/CARTUM/Codigo_px4/ardupilot/modules/PX4Firmware/Build/px4io-v2_default.build/nuttx-export/libs/libnuttx.a(c-lib_lowsyslog.o)
                0x0000000008006d08                lowvsyslog
 .text.lowsyslog
                0x0000000008006d22       0x1a /Users/Oskar/CARTUM/Codigo_px4/ardupilot/modules/PX4Firmware/Build/px4io-v2_default.build/nuttx-export/libs/libnuttx.a(c-lib_lowsyslog.o)
                0x0000000008006d22                lowsyslog
 .text.memchr   0x0000000008006d3c       0x1e /Users/Oskar/CARTUM/Codigo_px4/ardupilot/modules/PX4Firmware/Build/px4io-v2_default.build/nuttx-export/libs/libnuttx.a(c-lib_memchr.o)
                0x0000000008006d3c                memchr
 .text.memcpy   0x0000000008006d5a       0x12 /Users/Oskar/CARTUM/Codigo_px4/ardupilot/modules/PX4Firmware/Build/px4io-v2_default.build/nuttx-export/libs/libnuttx.a(c-lib_memcpy.o)
                0x0000000008006d5a                memcpy
 .text.memset   0x0000000008006d6c       0x10 /Users/Oskar/CARTUM/Codigo_px4/ardupilot/modules/PX4Firmware/Build/px4io-v2_default.build/nuttx-export/libs/libnuttx.a(c-lib_memset.o)
                0x0000000008006d6c                memset
 .text.printf   0x0000000008006d7c       0x1a /Users/Oskar/CARTUM/Codigo_px4/ardupilot/modules/PX4Firmware/Build/px4io-v2_default.build/nuttx-export/libs/libnuttx.a(c-lib_printf.o)
                0x0000000008006d7c                printf
 *fill*         0x0000000008006d96        0x2 
 .text.findwidth
                0x0000000008006d98       0x34 /Users/Oskar/CARTUM/Codigo_px4/ardupilot/modules/PX4Firmware/Build/px4io-v2_default.build/nuttx-export/libs/libnuttx.a(c-lib_sscanf.o)
 .text.vsscanf  0x0000000008006dcc      0x30c /Users/Oskar/CARTUM/Codigo_px4/ardupilot/modules/PX4Firmware/Build/px4io-v2_default.build/nuttx-export/libs/libnuttx.a(c-lib_sscanf.o)
                0x0000000008006dcc                vsscanf
 .text.sscanf   0x00000000080070d8       0x1a /Users/Oskar/CARTUM/Codigo_px4/ardupilot/modules/PX4Firmware/Build/px4io-v2_default.build/nuttx-export/libs/libnuttx.a(c-lib_sscanf.o)
                0x00000000080070d8                sscanf
 .text.strchr   0x00000000080070f2       0x16 /Users/Oskar/CARTUM/Codigo_px4/ardupilot/modules/PX4Firmware/Build/px4io-v2_default.build/nuttx-export/libs/libnuttx.a(c-lib_strchr.o)
                0x00000000080070f2                strchr
 .text.strcmp   0x0000000008007108       0x1a /Users/Oskar/CARTUM/Codigo_px4/ardupilot/modules/PX4Firmware/Build/px4io-v2_default.build/nuttx-export/libs/libnuttx.a(c-lib_strcmp.o)
                0x0000000008007108                strcmp
 .text.strcspn  0x0000000008007122       0x1c /Users/Oskar/CARTUM/Codigo_px4/ardupilot/modules/PX4Firmware/Build/px4io-v2_default.build/nuttx-export/libs/libnuttx.a(c-lib_strcspn.o)
                0x0000000008007122                strcspn
 .text.strdup   0x000000000800713e       0x1c /Users/Oskar/CARTUM/Codigo_px4/ardupilot/modules/PX4Firmware/Build/px4io-v2_default.build/nuttx-export/libs/libnuttx.a(c-lib_strdup.o)
                0x000000000800713e                strdup
 .text.strlen   0x000000000800715a       0x10 /Users/Oskar/CARTUM/Codigo_px4/ardupilot/modules/PX4Firmware/Build/px4io-v2_default.build/nuttx-export/libs/libnuttx.a(c-lib_strlen.o)
                0x000000000800715a                strlen
 .text.strncpy  0x000000000800716a       0x24 /Users/Oskar/CARTUM/Codigo_px4/ardupilot/modules/PX4Firmware/Build/px4io-v2_default.build/nuttx-export/libs/libnuttx.a(c-lib_strncpy.o)
                0x000000000800716a                strncpy
 .text.strtol   0x000000000800718e       0x3c /Users/Oskar/CARTUM/Codigo_px4/ardupilot/modules/PX4Firmware/Build/px4io-v2_default.build/nuttx-export/libs/libnuttx.a(c-lib_strtol.o)
                0x000000000800718e                strtol
 .text.strtoul  0x00000000080071ca       0x48 /Users/Oskar/CARTUM/Codigo_px4/ardupilot/modules/PX4Firmware/Build/px4io-v2_default.build/nuttx-export/libs/libnuttx.a(c-lib_strtoul.o)
                0x00000000080071ca                strtoul
 .text.vsyslog  0x0000000008007212       0x1e /Users/Oskar/CARTUM/Codigo_px4/ardupilot/modules/PX4Firmware/Build/px4io-v2_default.build/nuttx-export/libs/libnuttx.a(c-lib_syslog.o)
                0x0000000008007212                vsyslog
 .text.tcgetattr
                0x0000000008007230        0xa /Users/Oskar/CARTUM/Codigo_px4/ardupilot/modules/PX4Firmware/Build/px4io-v2_default.build/nuttx-export/libs/libnuttx.a(c-lib_tcgetattr.o)
                0x0000000008007230                tcgetattr
 .text.tcsetattr
                0x000000000800723a       0x10 /Users/Oskar/CARTUM/Codigo_px4/ardupilot/modules/PX4Firmware/Build/px4io-v2_default.build/nuttx-export/libs/libnuttx.a(c-lib_tcsetattr.o)
                0x000000000800723a                tcsetattr
 .text.vsnprintf
                0x000000000800724a       0x24 /Users/Oskar/CARTUM/Codigo_px4/ardupilot/modules/PX4Firmware/Build/px4io-v2_default.build/nuttx-export/libs/libnuttx.a(c-lib_vsnprintf.o)
                0x000000000800724a                vsnprintf
 .text.sq_addafter
                0x000000000800726e       0x1c /Users/Oskar/CARTUM/Codigo_px4/ardupilot/modules/PX4Firmware/Build/px4io-v2_default.build/nuttx-export/libs/libnuttx.a(c-sq_addafter.o)
                0x000000000800726e                sq_addafter
 .text.sq_addfirst
                0x000000000800728a        0xe /Users/Oskar/CARTUM/Codigo_px4/ardupilot/modules/PX4Firmware/Build/px4io-v2_default.build/nuttx-export/libs/libnuttx.a(c-sq_addfirst.o)
                0x000000000800728a                sq_addfirst
 .text.sq_addlast
                0x0000000008007298       0x14 /Users/Oskar/CARTUM/Codigo_px4/ardupilot/modules/PX4Firmware/Build/px4io-v2_default.build/nuttx-export/libs/libnuttx.a(c-sq_addlast.o)
                0x0000000008007298                sq_addlast
 .text.sq_rem   0x00000000080072ac       0x2c /Users/Oskar/CARTUM/Codigo_px4/ardupilot/modules/PX4Firmware/Build/px4io-v2_default.build/nuttx-export/libs/libnuttx.a(c-sq_rem.o)
                0x00000000080072ac                sq_rem
 .text.sq_remafter
                0x00000000080072d8       0x22 /Users/Oskar/CARTUM/Codigo_px4/ardupilot/modules/PX4Firmware/Build/px4io-v2_default.build/nuttx-export/libs/libnuttx.a(c-sq_remafter.o)
                0x00000000080072d8                sq_remafter
 .text.calloc   0x00000000080072fa        0xe /Users/Oskar/CARTUM/Codigo_px4/ardupilot/modules/PX4Firmware/Build/px4io-v2_default.build/nuttx-export/libs/libnuttx.a(mm-mm_calloc.o)
                0x00000000080072fa                calloc
 .text.free     0x0000000008007308       0xa8 /Users/Oskar/CARTUM/Codigo_px4/ardupilot/modules/PX4Firmware/Build/px4io-v2_default.build/nuttx-export/libs/libnuttx.a(mm-mm_free.o)
                0x0000000008007308                free
 .text.mallinfo
                0x00000000080073b0       0x5c /Users/Oskar/CARTUM/Codigo_px4/ardupilot/modules/PX4Firmware/Build/px4io-v2_default.build/nuttx-export/libs/libnuttx.a(mm-mm_mallinfo.o)
                0x00000000080073b0                mallinfo
 .text.malloc   0x000000000800740c       0x94 /Users/Oskar/CARTUM/Codigo_px4/ardupilot/modules/PX4Firmware/Build/px4io-v2_default.build/nuttx-export/libs/libnuttx.a(mm-mm_malloc.o)
                0x000000000800740c                malloc
 .text.mm_seminitialize
                0x00000000080074a0       0x18 /Users/Oskar/CARTUM/Codigo_px4/ardupilot/modules/PX4Firmware/Build/px4io-v2_default.build/nuttx-export/libs/libnuttx.a(mm-mm_sem.o)
                0x00000000080074a0                mm_seminitialize
 .text.mm_trysemaphore
                0x00000000080074b8       0x32 /Users/Oskar/CARTUM/Codigo_px4/ardupilot/modules/PX4Firmware/Build/px4io-v2_default.build/nuttx-export/libs/libnuttx.a(mm-mm_sem.o)
                0x00000000080074b8                mm_trysemaphore
 *fill*         0x00000000080074ea        0x2 
 .text.mm_takesemaphore
                0x00000000080074ec       0x40 /Users/Oskar/CARTUM/Codigo_px4/ardupilot/modules/PX4Firmware/Build/px4io-v2_default.build/nuttx-export/libs/libnuttx.a(mm-mm_sem.o)
                0x00000000080074ec                mm_takesemaphore
 .text.mm_givesemaphore
                0x000000000800752c       0x2c /Users/Oskar/CARTUM/Codigo_px4/ardupilot/modules/PX4Firmware/Build/px4io-v2_default.build/nuttx-export/libs/libnuttx.a(mm-mm_sem.o)
                0x000000000800752c                mm_givesemaphore
 .text.mm_size2ndx
                0x0000000008007558       0x1a /Users/Oskar/CARTUM/Codigo_px4/ardupilot/modules/PX4Firmware/Build/px4io-v2_default.build/nuttx-export/libs/libnuttx.a(mm-mm_size2ndx.o)
                0x0000000008007558                mm_size2ndx
 *fill*         0x0000000008007572        0x2 
 .text.umm_initialize
                0x0000000008007574       0x10 /Users/Oskar/CARTUM/Codigo_px4/ardupilot/modules/PX4Firmware/Build/px4io-v2_default.build/nuttx-export/libs/libnuttx.a(mm-mm_user.o)
                0x0000000008007574                umm_initialize
 .text.umm_trysemaphore
                0x0000000008007584        0xc /Users/Oskar/CARTUM/Codigo_px4/ardupilot/modules/PX4Firmware/Build/px4io-v2_default.build/nuttx-export/libs/libnuttx.a(mm-mm_user.o)
                0x0000000008007584                umm_trysemaphore
 .text.umm_givesemaphore
                0x0000000008007590        0xc /Users/Oskar/CARTUM/Codigo_px4/ardupilot/modules/PX4Firmware/Build/px4io-v2_default.build/nuttx-export/libs/libnuttx.a(mm-mm_user.o)
                0x0000000008007590                umm_givesemaphore
 .text.zalloc   0x000000000800759c       0x18 /Users/Oskar/CARTUM/Codigo_px4/ardupilot/modules/PX4Firmware/Build/px4io-v2_default.build/nuttx-export/libs/libnuttx.a(mm-mm_zalloc.o)
                0x000000000800759c                zalloc
 .text.stm32_dmachandisable
                0x00000000080075b4       0x22 /Users/Oskar/CARTUM/Codigo_px4/ardupilot/modules/PX4Firmware/Build/px4io-v2_default.build/nuttx-export/libs/libnuttx.a(arch-stm32_dma.o)
 *fill*         0x00000000080075d6        0x2 
 .text.stm32_dmainterrupt
                0x00000000080075d8       0x50 /Users/Oskar/CARTUM/Codigo_px4/ardupilot/modules/PX4Firmware/Build/px4io-v2_default.build/nuttx-export/libs/libnuttx.a(arch-stm32_dma.o)
 .text.up_dmainitialize
                0x0000000008007628       0x3c /Users/Oskar/CARTUM/Codigo_px4/ardupilot/modules/PX4Firmware/Build/px4io-v2_default.build/nuttx-export/libs/libnuttx.a(arch-stm32_dma.o)
                0x0000000008007628                up_dmainitialize
 .text.stm32_dmachannel
                0x0000000008007664       0x30 /Users/Oskar/CARTUM/Codigo_px4/ardupilot/modules/PX4Firmware/Build/px4io-v2_default.build/nuttx-export/libs/libnuttx.a(arch-stm32_dma.o)
                0x0000000008007664                stm32_dmachannel
 .text.stm32_dmafree
                0x0000000008007694        0x6 /Users/Oskar/CARTUM/Codigo_px4/ardupilot/modules/PX4Firmware/Build/px4io-v2_default.build/nuttx-export/libs/libnuttx.a(arch-stm32_dma.o)
                0x0000000008007694                stm32_dmafree
 .text.stm32_dmasetup
                0x000000000800769a       0x2a /Users/Oskar/CARTUM/Codigo_px4/ardupilot/modules/PX4Firmware/Build/px4io-v2_default.build/nuttx-export/libs/libnuttx.a(arch-stm32_dma.o)
                0x000000000800769a                stm32_dmasetup
 .text.stm32_dmastart
                0x00000000080076c4       0x28 /Users/Oskar/CARTUM/Codigo_px4/ardupilot/modules/PX4Firmware/Build/px4io-v2_default.build/nuttx-export/libs/libnuttx.a(arch-stm32_dma.o)
                0x00000000080076c4                stm32_dmastart
 .text.stm32_dmastop
                0x00000000080076ec        0x4 /Users/Oskar/CARTUM/Codigo_px4/ardupilot/modules/PX4Firmware/Build/px4io-v2_default.build/nuttx-export/libs/libnuttx.a(arch-stm32_dma.o)
                0x00000000080076ec                stm32_dmastop
 .text.stm32_dmaresidual
                0x00000000080076f0        0x6 /Users/Oskar/CARTUM/Codigo_px4/ardupilot/modules/PX4Firmware/Build/px4io-v2_default.build/nuttx-export/libs/libnuttx.a(arch-stm32_dma.o)
                0x00000000080076f0                stm32_dmaresidual
 *fill*         0x00000000080076f6        0x2 
 .text.stm32_gpioinit
                0x00000000080076f8       0x10 /Users/Oskar/CARTUM/Codigo_px4/ardupilot/modules/PX4Firmware/Build/px4io-v2_default.build/nuttx-export/libs/libnuttx.a(arch-stm32_gpio.o)
                0x00000000080076f8                stm32_gpioinit
 .text.stm32_configgpio
                0x0000000008007708       0xcc /Users/Oskar/CARTUM/Codigo_px4/ardupilot/modules/PX4Firmware/Build/px4io-v2_default.build/nuttx-export/libs/libnuttx.a(arch-stm32_gpio.o)
                0x0000000008007708                stm32_configgpio
 .text.stm32_gpiowrite
                0x00000000080077d4       0x2c /Users/Oskar/CARTUM/Codigo_px4/ardupilot/modules/PX4Firmware/Build/px4io-v2_default.build/nuttx-export/libs/libnuttx.a(arch-stm32_gpio.o)
                0x00000000080077d4                stm32_gpiowrite
 .text.stm32_gpioread
                0x0000000008007800       0x2c /Users/Oskar/CARTUM/Codigo_px4/ardupilot/modules/PX4Firmware/Build/px4io-v2_default.build/nuttx-export/libs/libnuttx.a(arch-stm32_gpio.o)
                0x0000000008007800                stm32_gpioread
 .text.stm32_irqinfo
                0x000000000800782c       0x6c /Users/Oskar/CARTUM/Codigo_px4/ardupilot/modules/PX4Firmware/Build/px4io-v2_default.build/nuttx-export/libs/libnuttx.a(arch-stm32_irq.o)
 .text.up_irqinitialize
                0x0000000008007898       0x68 /Users/Oskar/CARTUM/Codigo_px4/ardupilot/modules/PX4Firmware/Build/px4io-v2_default.build/nuttx-export/libs/libnuttx.a(arch-stm32_irq.o)
                0x0000000008007898                up_irqinitialize
 .text.up_disable_irq
                0x0000000008007900       0x1e /Users/Oskar/CARTUM/Codigo_px4/ardupilot/modules/PX4Firmware/Build/px4io-v2_default.build/nuttx-export/libs/libnuttx.a(arch-stm32_irq.o)
                0x0000000008007900                up_disable_irq
 .text.up_enable_irq
                0x000000000800791e       0x1c /Users/Oskar/CARTUM/Codigo_px4/ardupilot/modules/PX4Firmware/Build/px4io-v2_default.build/nuttx-export/libs/libnuttx.a(arch-stm32_irq.o)
                0x000000000800791e                up_enable_irq
 .text.up_maskack_irq
                0x000000000800793a        0x4 /Users/Oskar/CARTUM/Codigo_px4/ardupilot/modules/PX4Firmware/Build/px4io-v2_default.build/nuttx-export/libs/libnuttx.a(arch-stm32_irq.o)
                0x000000000800793a                up_maskack_irq
 .text.up_restoreusartint
                0x000000000800793e       0x26 /Users/Oskar/CARTUM/Codigo_px4/ardupilot/modules/PX4Firmware/Build/px4io-v2_default.build/nuttx-export/libs/libnuttx.a(arch-stm32_serial.o)
 .text.up_set_format
                0x0000000008007964       0x72 /Users/Oskar/CARTUM/Codigo_px4/ardupilot/modules/PX4Firmware/Build/px4io-v2_default.build/nuttx-export/libs/libnuttx.a(arch-stm32_serial.o)
 .text.up_receive
                0x00000000080079d6       0x16 /Users/Oskar/CARTUM/Codigo_px4/ardupilot/modules/PX4Firmware/Build/px4io-v2_default.build/nuttx-export/libs/libnuttx.a(arch-stm32_serial.o)
 .text.up_rxint
                0x00000000080079ec       0x2c /Users/Oskar/CARTUM/Codigo_px4/ardupilot/modules/PX4Firmware/Build/px4io-v2_default.build/nuttx-export/libs/libnuttx.a(arch-stm32_serial.o)
 .text.up_rxavailable
                0x0000000008007a18        0xc /Users/Oskar/CARTUM/Codigo_px4/ardupilot/modules/PX4Firmware/Build/px4io-v2_default.build/nuttx-export/libs/libnuttx.a(arch-stm32_serial.o)
 .text.up_dma_rxint
                0x0000000008007a24        0x8 /Users/Oskar/CARTUM/Codigo_px4/ardupilot/modules/PX4Firmware/Build/px4io-v2_default.build/nuttx-export/libs/libnuttx.a(arch-stm32_serial.o)
 .text.up_send  0x0000000008007a2c        0x8 /Users/Oskar/CARTUM/Codigo_px4/ardupilot/modules/PX4Firmware/Build/px4io-v2_default.build/nuttx-export/libs/libnuttx.a(arch-stm32_serial.o)
 .text.up_txready
                0x0000000008007a34        0xc /Users/Oskar/CARTUM/Codigo_px4/ardupilot/modules/PX4Firmware/Build/px4io-v2_default.build/nuttx-export/libs/libnuttx.a(arch-stm32_serial.o)
 .text.up_txint
                0x0000000008007a40       0x38 /Users/Oskar/CARTUM/Codigo_px4/ardupilot/modules/PX4Firmware/Build/px4io-v2_default.build/nuttx-export/libs/libnuttx.a(arch-stm32_serial.o)
 .text.up_interrupt_common
                0x0000000008007a78       0x4e /Users/Oskar/CARTUM/Codigo_px4/ardupilot/modules/PX4Firmware/Build/px4io-v2_default.build/nuttx-export/libs/libnuttx.a(arch-stm32_serial.o)
 *fill*         0x0000000008007ac6        0x2 
 .text.up_interrupt_usart3
                0x0000000008007ac8        0xc /Users/Oskar/CARTUM/Codigo_px4/ardupilot/modules/PX4Firmware/Build/px4io-v2_default.build/nuttx-export/libs/libnuttx.a(arch-stm32_serial.o)
 .text.up_interrupt_usart2
                0x0000000008007ad4        0xc /Users/Oskar/CARTUM/Codigo_px4/ardupilot/modules/PX4Firmware/Build/px4io-v2_default.build/nuttx-export/libs/libnuttx.a(arch-stm32_serial.o)
 .text.up_interrupt_usart1
                0x0000000008007ae0        0xc /Users/Oskar/CARTUM/Codigo_px4/ardupilot/modules/PX4Firmware/Build/px4io-v2_default.build/nuttx-export/libs/libnuttx.a(arch-stm32_serial.o)
 .text.up_dma_receive
                0x0000000008007aec       0x28 /Users/Oskar/CARTUM/Codigo_px4/ardupilot/modules/PX4Firmware/Build/px4io-v2_default.build/nuttx-export/libs/libnuttx.a(arch-stm32_serial.o)
 .text.up_ioctl
                0x0000000008007b14       0xa2 /Users/Oskar/CARTUM/Codigo_px4/ardupilot/modules/PX4Firmware/Build/px4io-v2_default.build/nuttx-export/libs/libnuttx.a(arch-stm32_serial.o)
 .text.up_detach
                0x0000000008007bb6       0x1a /Users/Oskar/CARTUM/Codigo_px4/ardupilot/modules/PX4Firmware/Build/px4io-v2_default.build/nuttx-export/libs/libnuttx.a(arch-stm32_serial.o)
 .text.up_attach
                0x0000000008007bd0       0x1e /Users/Oskar/CARTUM/Codigo_px4/ardupilot/modules/PX4Firmware/Build/px4io-v2_default.build/nuttx-export/libs/libnuttx.a(arch-stm32_serial.o)
 .text.up_setup
                0x0000000008007bee       0x58 /Users/Oskar/CARTUM/Codigo_px4/ardupilot/modules/PX4Firmware/Build/px4io-v2_default.build/nuttx-export/libs/libnuttx.a(arch-stm32_serial.o)
 *fill*         0x0000000008007c46        0x2 
 .text.up_dma_setup
                0x0000000008007c48       0x50 /Users/Oskar/CARTUM/Codigo_px4/ardupilot/modules/PX4Firmware/Build/px4io-v2_default.build/nuttx-export/libs/libnuttx.a(arch-stm32_serial.o)
 .text.up_shutdown
                0x0000000008007c98       0x1c /Users/Oskar/CARTUM/Codigo_px4/ardupilot/modules/PX4Firmware/Build/px4io-v2_default.build/nuttx-export/libs/libnuttx.a(arch-stm32_serial.o)
 .text.up_dma_shutdown
                0x0000000008007cb4       0x1a /Users/Oskar/CARTUM/Codigo_px4/ardupilot/modules/PX4Firmware/Build/px4io-v2_default.build/nuttx-export/libs/libnuttx.a(arch-stm32_serial.o)
 .text.up_dma_rxavailable
                0x0000000008007cce       0x18 /Users/Oskar/CARTUM/Codigo_px4/ardupilot/modules/PX4Firmware/Build/px4io-v2_default.build/nuttx-export/libs/libnuttx.a(arch-stm32_serial.o)
 .text.up_dma_rxcallback
                0x0000000008007ce6       0x1e /Users/Oskar/CARTUM/Codigo_px4/ardupilot/modules/PX4Firmware/Build/px4io-v2_default.build/nuttx-export/libs/libnuttx.a(arch-stm32_serial.o)
 .text.up_earlyserialinit
                0x0000000008007d04       0x34 /Users/Oskar/CARTUM/Codigo_px4/ardupilot/modules/PX4Firmware/Build/px4io-v2_default.build/nuttx-export/libs/libnuttx.a(arch-stm32_serial.o)
                0x0000000008007d04                up_earlyserialinit
 .text.up_serialinit
                0x0000000008007d38       0x60 /Users/Oskar/CARTUM/Codigo_px4/ardupilot/modules/PX4Firmware/Build/px4io-v2_default.build/nuttx-export/libs/libnuttx.a(arch-stm32_serial.o)
                0x0000000008007d38                up_serialinit
 .text.stm32_serial_dma_poll
                0x0000000008007d98       0x34 /Users/Oskar/CARTUM/Codigo_px4/ardupilot/modules/PX4Firmware/Build/px4io-v2_default.build/nuttx-export/libs/libnuttx.a(arch-stm32_serial.o)
                0x0000000008007d98                stm32_serial_dma_poll
 .text.up_putc  0x0000000008007dcc       0x3c /Users/Oskar/CARTUM/Codigo_px4/ardupilot/modules/PX4Firmware/Build/px4io-v2_default.build/nuttx-export/libs/libnuttx.a(arch-stm32_serial.o)
                0x0000000008007dcc                up_putc
 .text.__start  0x0000000008007e08       0x58 /Users/Oskar/CARTUM/Codigo_px4/ardupilot/modules/PX4Firmware/Build/px4io-v2_default.build/nuttx-export/libs/libnuttx.a(arch-stm32_start.o)
                0x0000000008007e08                __start
 .text.up_assert
                0x0000000008007e60      0x144 /Users/Oskar/CARTUM/Codigo_px4/ardupilot/modules/PX4Firmware/Build/px4io-v2_default.build/nuttx-export/libs/libnuttx.a(arch-up_assert.o)
                0x0000000008007e60                up_assert
 .text.up_create_stack
                0x0000000008007fa4       0x42 /Users/Oskar/CARTUM/Codigo_px4/ardupilot/modules/PX4Firmware/Build/px4io-v2_default.build/nuttx-export/libs/libnuttx.a(arch-up_createstack.o)
                0x0000000008007fa4                up_create_stack
 *fill*         0x0000000008007fe6        0x2 
 .text.up_hardfault
                0x0000000008007fe8       0x40 /Users/Oskar/CARTUM/Codigo_px4/ardupilot/modules/PX4Firmware/Build/px4io-v2_default.build/nuttx-export/libs/libnuttx.a(arch-up_hardfault.o)
                0x0000000008007fe8                up_hardfault
 .text.up_initial_state
                0x0000000008008028       0x34 /Users/Oskar/CARTUM/Codigo_px4/ardupilot/modules/PX4Firmware/Build/px4io-v2_default.build/nuttx-export/libs/libnuttx.a(arch-up_initialstate.o)
                0x0000000008008028                up_initial_state
 .text.up_interrupt_context
                0x000000000800805c       0x10 /Users/Oskar/CARTUM/Codigo_px4/ardupilot/modules/PX4Firmware/Build/px4io-v2_default.build/nuttx-export/libs/libnuttx.a(arch-up_interruptcontext.o)
                0x000000000800805c                up_interrupt_context
 .text.modifyreg32
                0x000000000800806c       0x1c /Users/Oskar/CARTUM/Codigo_px4/ardupilot/modules/PX4Firmware/Build/px4io-v2_default.build/nuttx-export/libs/libnuttx.a(arch-up_modifyreg32.o)
                0x000000000800806c                modifyreg32
 .text.up_release_pending
                0x0000000008008088       0x38 /Users/Oskar/CARTUM/Codigo_px4/ardupilot/modules/PX4Firmware/Build/px4io-v2_default.build/nuttx-export/libs/libnuttx.a(arch-up_releasepending.o)
                0x0000000008008088                up_release_pending
 .text.up_release_stack
                0x00000000080080c0       0x16 /Users/Oskar/CARTUM/Codigo_px4/ardupilot/modules/PX4Firmware/Build/px4io-v2_default.build/nuttx-export/libs/libnuttx.a(arch-up_releasestack.o)
                0x00000000080080c0                up_release_stack
 *fill*         0x00000000080080d6        0x2 
 .text.up_svcall
                0x00000000080080d8       0x34 /Users/Oskar/CARTUM/Codigo_px4/ardupilot/modules/PX4Firmware/Build/px4io-v2_default.build/nuttx-export/libs/libnuttx.a(arch-up_svcall.o)
                0x00000000080080d8                up_svcall
 .text          0x000000000800810c        0xc /Users/Oskar/CARTUM/Codigo_px4/ardupilot/modules/PX4Firmware/Build/px4io-v2_default.build/nuttx-export/libs/libnuttx.a(arch-up_switchcontext.o)
                0x000000000800810c                up_switchcontext
 .text.up_systemreset
                0x0000000008008118       0x1c /Users/Oskar/CARTUM/Codigo_px4/ardupilot/modules/PX4Firmware/Build/px4io-v2_default.build/nuttx-export/libs/libnuttx.a(arch-up_systemreset.o)
                0x0000000008008118                up_systemreset
 .text.up_udelay
                0x0000000008008134       0x64 /Users/Oskar/CARTUM/Codigo_px4/ardupilot/modules/PX4Firmware/Build/px4io-v2_default.build/nuttx-export/libs/libnuttx.a(arch-up_udelay.o)
                0x0000000008008134                up_udelay
 .text.__cxa_atexit
                0x0000000008008198        0x4 /Users/Oskar/CARTUM/Codigo_px4/ardupilot/modules/PX4Firmware/Build/px4io-v2_default.build/nuttx-export/libs/libnuttx.a(cxx-libxx_cxa_atexit.o)
                0x0000000008008198                __cxa_atexit
 .text.__cxa_pure_virtual
                0x000000000800819c       0x10 /Users/Oskar/CARTUM/Codigo_px4/ardupilot/modules/PX4Firmware/Build/px4io-v2_default.build/nuttx-export/libs/libnuttx.a(cxx-libxx_cxapurevirtual.o)
                0x000000000800819c                __cxa_pure_virtual
 .text._ZdlPv   0x00000000080081ac        0x4 /Users/Oskar/CARTUM/Codigo_px4/ardupilot/modules/PX4Firmware/Build/px4io-v2_default.build/nuttx-export/libs/libnuttx.a(cxx-libxx_delete.o)
                0x00000000080081ac                operator delete(void*)
 .text.__aeabi_atexit
                0x00000000080081b0        0xa /Users/Oskar/CARTUM/Codigo_px4/ardupilot/modules/PX4Firmware/Build/px4io-v2_default.build/nuttx-export/libs/libnuttx.a(cxx-libxx_eabi_atexit.o)
                0x00000000080081b0                __aeabi_atexit
 .text._Znwj    0x00000000080081ba        0xa /Users/Oskar/CARTUM/Codigo_px4/ardupilot/modules/PX4Firmware/Build/px4io-v2_default.build/nuttx-export/libs/libnuttx.a(cxx-libxx_new.o)
                0x00000000080081ba                operator new(unsigned int)
 .text.ioctl    0x00000000080081c4       0x4a /Users/Oskar/CARTUM/Codigo_px4/ardupilot/modules/PX4Firmware/Build/px4io-v2_default.build/nuttx-export/libs/libnuttx.a(fs-fs_ioctl.o)
                0x00000000080081c4                ioctl
 .text.inode_checkflags
                0x000000000800820e       0x28 /Users/Oskar/CARTUM/Codigo_px4/ardupilot/modules/PX4Firmware/Build/px4io-v2_default.build/nuttx-export/libs/libnuttx.a(fs-fs_open.o)
                0x000000000800820e                inode_checkflags
 .text.open     0x0000000008008236       0x96 /Users/Oskar/CARTUM/Codigo_px4/ardupilot/modules/PX4Firmware/Build/px4io-v2_default.build/nuttx-export/libs/libnuttx.a(fs-fs_open.o)
                0x0000000008008236                open
 .text.read     0x00000000080082cc       0x62 /Users/Oskar/CARTUM/Codigo_px4/ardupilot/modules/PX4Firmware/Build/px4io-v2_default.build/nuttx-export/libs/libnuttx.a(fs-fs_read.o)
                0x00000000080082cc                read
 .text.write    0x000000000800832e       0x56 /Users/Oskar/CARTUM/Codigo_px4/ardupilot/modules/PX4Firmware/Build/px4io-v2_default.build/nuttx-export/libs/libnuttx.a(fs-fs_write.o)
                0x000000000800832e                write
 .text.uart_ioctl
                0x0000000008008384       0xcc /Users/Oskar/CARTUM/Codigo_px4/ardupilot/modules/PX4Firmware/Build/px4io-v2_default.build/nuttx-export/libs/libnuttx.a(drivers-serial.o)
 .text.uart_takesem
                0x0000000008008450       0x30 /Users/Oskar/CARTUM/Codigo_px4/ardupilot/modules/PX4Firmware/Build/px4io-v2_default.build/nuttx-export/libs/libnuttx.a(drivers-serial.o)
 .text.uart_putxmitchar
                0x0000000008008480       0x7e /Users/Oskar/CARTUM/Codigo_px4/ardupilot/modules/PX4Firmware/Build/px4io-v2_default.build/nuttx-export/libs/libnuttx.a(drivers-serial.o)
 .text.uart_write
                0x00000000080084fe       0xea /Users/Oskar/CARTUM/Codigo_px4/ardupilot/modules/PX4Firmware/Build/px4io-v2_default.build/nuttx-export/libs/libnuttx.a(drivers-serial.o)
 .text.uart_read
                0x00000000080085e8       0xe8 /Users/Oskar/CARTUM/Codigo_px4/ardupilot/modules/PX4Firmware/Build/px4io-v2_default.build/nuttx-export/libs/libnuttx.a(drivers-serial.o)
 .text.uart_open
                0x00000000080086d0       0xaa /Users/Oskar/CARTUM/Codigo_px4/ardupilot/modules/PX4Firmware/Build/px4io-v2_default.build/nuttx-export/libs/libnuttx.a(drivers-serial.o)
 .text.uart_close
                0x000000000800877a       0x7e /Users/Oskar/CARTUM/Codigo_px4/ardupilot/modules/PX4Firmware/Build/px4io-v2_default.build/nuttx-export/libs/libnuttx.a(drivers-serial.o)
 .text.uart_register
                0x00000000080087f8       0x54 /Users/Oskar/CARTUM/Codigo_px4/ardupilot/modules/PX4Firmware/Build/px4io-v2_default.build/nuttx-export/libs/libnuttx.a(drivers-serial.o)
                0x00000000080087f8                uart_register
 .text.uart_datareceived
                0x000000000800884c       0x10 /Users/Oskar/CARTUM/Codigo_px4/ardupilot/modules/PX4Firmware/Build/px4io-v2_default.build/nuttx-export/libs/libnuttx.a(drivers-serial.o)
                0x000000000800884c                uart_datareceived
 .text.uart_datasent
                0x000000000800885c       0x10 /Users/Oskar/CARTUM/Codigo_px4/ardupilot/modules/PX4Firmware/Build/px4io-v2_default.build/nuttx-export/libs/libnuttx.a(drivers-serial.o)
                0x000000000800885c                uart_datasent
 .text.uart_xmitchars
                0x000000000800886c       0x70 /Users/Oskar/CARTUM/Codigo_px4/ardupilot/modules/PX4Firmware/Build/px4io-v2_default.build/nuttx-export/libs/libnuttx.a(drivers-serialirq.o)
                0x000000000800886c                uart_xmitchars
 .text.uart_recvchars
                0x00000000080088dc       0x5c /Users/Oskar/CARTUM/Codigo_px4/ardupilot/modules/PX4Firmware/Build/px4io-v2_default.build/nuttx-export/libs/libnuttx.a(drivers-serialirq.o)
                0x00000000080088dc                uart_recvchars
 .text.get_errno_ptr
                0x0000000008008938       0x24 /Users/Oskar/CARTUM/Codigo_px4/ardupilot/modules/PX4Firmware/Build/px4io-v2_default.build/nuttx-export/libs/libnuttx.a(sched-errno_getptr.o)
                0x0000000008008938                get_errno_ptr
 .text.exit     0x000000000800895c       0x1c /Users/Oskar/CARTUM/Codigo_px4/ardupilot/modules/PX4Firmware/Build/px4io-v2_default.build/nuttx-export/libs/libnuttx.a(sched-exit.o)
                0x000000000800895c                exit
 .text.getpid   0x0000000008008978       0x10 /Users/Oskar/CARTUM/Codigo_px4/ardupilot/modules/PX4Firmware/Build/px4io-v2_default.build/nuttx-export/libs/libnuttx.a(sched-getpid.o)
                0x0000000008008978                getpid
 .text.group_allocate
                0x0000000008008988       0x18 /Users/Oskar/CARTUM/Codigo_px4/ardupilot/modules/PX4Firmware/Build/px4io-v2_default.build/nuttx-export/libs/libnuttx.a(sched-group_create.o)
                0x0000000008008988                group_allocate
 .text.group_initialize
                0x00000000080089a0        0xa /Users/Oskar/CARTUM/Codigo_px4/ardupilot/modules/PX4Firmware/Build/px4io-v2_default.build/nuttx-export/libs/libnuttx.a(sched-group_create.o)
                0x00000000080089a0                group_initialize
 .text.group_setuptaskfiles
                0x00000000080089aa        0xe /Users/Oskar/CARTUM/Codigo_px4/ardupilot/modules/PX4Firmware/Build/px4io-v2_default.build/nuttx-export/libs/libnuttx.a(sched-group_setuptaskfiles.o)
                0x00000000080089aa                group_setuptaskfiles
 .text.os_start
                0x00000000080089b8      0x130 /Users/Oskar/CARTUM/Codigo_px4/ardupilot/modules/PX4Firmware/Build/px4io-v2_default.build/nuttx-export/libs/libnuttx.a(sched-os_start.o)
                0x00000000080089b8                os_start
 .text.sched_ufree
                0x0000000008008ae8       0x3c /Users/Oskar/CARTUM/Codigo_px4/ardupilot/modules/PX4Firmware/Build/px4io-v2_default.build/nuttx-export/libs/libnuttx.a(sched-sched_free.o)
                0x0000000008008ae8                sched_ufree
 .text.sched_garbagecollection
                0x0000000008008b24       0x2c /Users/Oskar/CARTUM/Codigo_px4/ardupilot/modules/PX4Firmware/Build/px4io-v2_default.build/nuttx-export/libs/libnuttx.a(sched-sched_garbage.o)
                0x0000000008008b24                sched_garbagecollection
 .text.sched_getfiles
                0x0000000008008b50       0x10 /Users/Oskar/CARTUM/Codigo_px4/ardupilot/modules/PX4Firmware/Build/px4io-v2_default.build/nuttx-export/libs/libnuttx.a(sched-sched_getfiles.o)
                0x0000000008008b50                sched_getfiles
 .text.sched_gettcb
                0x0000000008008b60       0x24 /Users/Oskar/CARTUM/Codigo_px4/ardupilot/modules/PX4Firmware/Build/px4io-v2_default.build/nuttx-export/libs/libnuttx.a(sched-sched_gettcb.o)
                0x0000000008008b60                sched_gettcb
 .text.sched_mergepending
                0x0000000008008b84       0x64 /Users/Oskar/CARTUM/Codigo_px4/ardupilot/modules/PX4Firmware/Build/px4io-v2_default.build/nuttx-export/libs/libnuttx.a(sched-sched_mergepending.o)
                0x0000000008008b84                sched_mergepending
 .text.sched_releasetcb
                0x0000000008008be8       0x54 /Users/Oskar/CARTUM/Codigo_px4/ardupilot/modules/PX4Firmware/Build/px4io-v2_default.build/nuttx-export/libs/libnuttx.a(sched-sched_releasetcb.o)
                0x0000000008008be8                sched_releasetcb
 .text.sem_post
                0x0000000008008c3c       0x58 /Users/Oskar/CARTUM/Codigo_px4/ardupilot/modules/PX4Firmware/Build/px4io-v2_default.build/nuttx-export/libs/libnuttx.a(sched-sem_post.o)
                0x0000000008008c3c                sem_post
 .text.sem_trywait
                0x0000000008008c94       0x4c /Users/Oskar/CARTUM/Codigo_px4/ardupilot/modules/PX4Firmware/Build/px4io-v2_default.build/nuttx-export/libs/libnuttx.a(sched-sem_trywait.o)
                0x0000000008008c94                sem_trywait
 .text.sem_wait
                0x0000000008008ce0       0x84 /Users/Oskar/CARTUM/Codigo_px4/ardupilot/modules/PX4Firmware/Build/px4io-v2_default.build/nuttx-export/libs/libnuttx.a(sched-sem_wait.o)
                0x0000000008008ce0                sem_wait
 .text.task_activate
                0x0000000008008d64       0x18 /Users/Oskar/CARTUM/Codigo_px4/ardupilot/modules/PX4Firmware/Build/px4io-v2_default.build/nuttx-export/libs/libnuttx.a(sched-task_activate.o)
                0x0000000008008d64                task_activate
 .text.task_exithook
                0x0000000008008d7c       0x1e /Users/Oskar/CARTUM/Codigo_px4/ardupilot/modules/PX4Firmware/Build/px4io-v2_default.build/nuttx-export/libs/libnuttx.a(sched-task_exithook.o)
                0x0000000008008d7c                task_exithook
 .text.task_recover
                0x0000000008008d9a       0x26 /Users/Oskar/CARTUM/Codigo_px4/ardupilot/modules/PX4Firmware/Build/px4io-v2_default.build/nuttx-export/libs/libnuttx.a(sched-task_recover.o)
                0x0000000008008d9a                task_recover
 .text.wd_cancel
                0x0000000008008dc0       0x64 /Users/Oskar/CARTUM/Codigo_px4/ardupilot/modules/PX4Firmware/Build/px4io-v2_default.build/nuttx-export/libs/libnuttx.a(sched-wd_cancel.o)
                0x0000000008008dc0                wd_cancel
 .text.wd_delete
                0x0000000008008e24       0x3c /Users/Oskar/CARTUM/Codigo_px4/ardupilot/modules/PX4Firmware/Build/px4io-v2_default.build/nuttx-export/libs/libnuttx.a(sched-wd_delete.o)
                0x0000000008008e24                wd_delete
 .text.wd_initialize
                0x0000000008008e60       0x44 /Users/Oskar/CARTUM/Codigo_px4/ardupilot/modules/PX4Firmware/Build/px4io-v2_default.build/nuttx-export/libs/libnuttx.a(sched-wd_initialize.o)
                0x0000000008008e60                wd_initialize
 .text.cfgetspeed
                0x0000000008008ea4        0x4 /Users/Oskar/CARTUM/Codigo_px4/ardupilot/modules/PX4Firmware/Build/px4io-v2_default.build/nuttx-export/libs/libnuttx.a(c-lib_cfgetspeed.o)
                0x0000000008008ea4                cfgetspeed
 .text.lib_checkbase
                0x0000000008008ea8       0x52 /Users/Oskar/CARTUM/Codigo_px4/ardupilot/modules/PX4Firmware/Build/px4io-v2_default.build/nuttx-export/libs/libnuttx.a(c-lib_checkbase.o)
                0x0000000008008ea8                lib_checkbase
 .text.lib_isbasedigit
                0x0000000008008efa       0x4e /Users/Oskar/CARTUM/Codigo_px4/ardupilot/modules/PX4Firmware/Build/px4io-v2_default.build/nuttx-export/libs/libnuttx.a(c-lib_isbasedigit.o)
                0x0000000008008efa                lib_isbasedigit
 .text.utodec   0x0000000008008f48       0x22 /Users/Oskar/CARTUM/Codigo_px4/ardupilot/modules/PX4Firmware/Build/px4io-v2_default.build/nuttx-export/libs/libnuttx.a(c-lib_libvsprintf.o)
 .text.utooct   0x0000000008008f6a       0x1c /Users/Oskar/CARTUM/Codigo_px4/ardupilot/modules/PX4Firmware/Build/px4io-v2_default.build/nuttx-export/libs/libnuttx.a(c-lib_libvsprintf.o)
 .text.utobin   0x0000000008008f86       0x1c /Users/Oskar/CARTUM/Codigo_px4/ardupilot/modules/PX4Firmware/Build/px4io-v2_default.build/nuttx-export/libs/libnuttx.a(c-lib_libvsprintf.o)
 .text.llutodec
                0x0000000008008fa2       0x44 /Users/Oskar/CARTUM/Codigo_px4/ardupilot/modules/PX4Firmware/Build/px4io-v2_default.build/nuttx-export/libs/libnuttx.a(c-lib_libvsprintf.o)
 .text.llutooct
                0x0000000008008fe6       0x2a /Users/Oskar/CARTUM/Codigo_px4/ardupilot/modules/PX4Firmware/Build/px4io-v2_default.build/nuttx-export/libs/libnuttx.a(c-lib_libvsprintf.o)
 .text.llutobin
                0x0000000008009010       0x24 /Users/Oskar/CARTUM/Codigo_px4/ardupilot/modules/PX4Firmware/Build/px4io-v2_default.build/nuttx-export/libs/libnuttx.a(c-lib_libvsprintf.o)
 .text.prejustify
                0x0000000008009034       0x80 /Users/Oskar/CARTUM/Codigo_px4/ardupilot/modules/PX4Firmware/Build/px4io-v2_default.build/nuttx-export/libs/libnuttx.a(c-lib_libvsprintf.o)
 .text.utohex   0x00000000080090b4       0x48 /Users/Oskar/CARTUM/Codigo_px4/ardupilot/modules/PX4Firmware/Build/px4io-v2_default.build/nuttx-export/libs/libnuttx.a(c-lib_libvsprintf.o)
 .text.utoascii
                0x00000000080090fc       0x88 /Users/Oskar/CARTUM/Codigo_px4/ardupilot/modules/PX4Firmware/Build/px4io-v2_default.build/nuttx-export/libs/libnuttx.a(c-lib_libvsprintf.o)
 .text.llutohex
                0x0000000008009184       0x5e /Users/Oskar/CARTUM/Codigo_px4/ardupilot/modules/PX4Firmware/Build/px4io-v2_default.build/nuttx-export/libs/libnuttx.a(c-lib_libvsprintf.o)
 .text.llutoascii
                0x00000000080091e2       0x92 /Users/Oskar/CARTUM/Codigo_px4/ardupilot/modules/PX4Firmware/Build/px4io-v2_default.build/nuttx-export/libs/libnuttx.a(c-lib_libvsprintf.o)
 .text.postjustify
                0x0000000008009274       0x26 /Users/Oskar/CARTUM/Codigo_px4/ardupilot/modules/PX4Firmware/Build/px4io-v2_default.build/nuttx-export/libs/libnuttx.a(c-lib_libvsprintf.o)
 *fill*         0x000000000800929a        0x2 
 .text.lib_vsprintf
                0x000000000800929c      0x28c /Users/Oskar/CARTUM/Codigo_px4/ardupilot/modules/PX4Firmware/Build/px4io-v2_default.build/nuttx-export/libs/libnuttx.a(c-lib_libvsprintf.o)
                0x000000000800929c                lib_vsprintf
 .text.lowoutstream_putc
                0x0000000008009528       0x16 /Users/Oskar/CARTUM/Codigo_px4/ardupilot/modules/PX4Firmware/Build/px4io-v2_default.build/nuttx-export/libs/libnuttx.a(c-lib_lowoutstream.o)
 *fill*         0x000000000800953e        0x2 
 .text.lib_lowoutstream
                0x0000000008009540       0x10 /Users/Oskar/CARTUM/Codigo_px4/ardupilot/modules/PX4Firmware/Build/px4io-v2_default.build/nuttx-export/libs/libnuttx.a(c-lib_lowoutstream.o)
                0x0000000008009540                lib_lowoutstream
 .text.memoutstream_putc
                0x0000000008009550       0x1a /Users/Oskar/CARTUM/Codigo_px4/ardupilot/modules/PX4Firmware/Build/px4io-v2_default.build/nuttx-export/libs/libnuttx.a(c-lib_memoutstream.o)
 *fill*         0x000000000800956a        0x2 
 .text.lib_memoutstream
                0x000000000800956c       0x18 /Users/Oskar/CARTUM/Codigo_px4/ardupilot/modules/PX4Firmware/Build/px4io-v2_default.build/nuttx-export/libs/libnuttx.a(c-lib_memoutstream.o)
                0x000000000800956c                lib_memoutstream
 .text.nulloutstream_putc
                0x0000000008009584        0x8 /Users/Oskar/CARTUM/Codigo_px4/ardupilot/modules/PX4Firmware/Build/px4io-v2_default.build/nuttx-export/libs/libnuttx.a(c-lib_nulloutstream.o)
 .text.lib_nulloutstream
                0x000000000800958c       0x10 /Users/Oskar/CARTUM/Codigo_px4/ardupilot/modules/PX4Firmware/Build/px4io-v2_default.build/nuttx-export/libs/libnuttx.a(c-lib_nulloutstream.o)
                0x000000000800958c                lib_nulloutstream
 .text.rawoutstream_putc
                0x000000000800959c       0x2e /Users/Oskar/CARTUM/Codigo_px4/ardupilot/modules/PX4Firmware/Build/px4io-v2_default.build/nuttx-export/libs/libnuttx.a(c-lib_rawoutstream.o)
 *fill*         0x00000000080095ca        0x2 
 .text.lib_rawoutstream
                0x00000000080095cc       0x10 /Users/Oskar/CARTUM/Codigo_px4/ardupilot/modules/PX4Firmware/Build/px4io-v2_default.build/nuttx-export/libs/libnuttx.a(c-lib_rawoutstream.o)
                0x00000000080095cc                lib_rawoutstream
 .text.lib_skipspace
                0x00000000080095dc       0x16 /Users/Oskar/CARTUM/Codigo_px4/ardupilot/modules/PX4Firmware/Build/px4io-v2_default.build/nuttx-export/libs/libnuttx.a(c-lib_skipspace.o)
                0x00000000080095dc                lib_skipspace
 .text.strcpy   0x00000000080095f2        0xe /Users/Oskar/CARTUM/Codigo_px4/ardupilot/modules/PX4Firmware/Build/px4io-v2_default.build/nuttx-export/libs/libnuttx.a(c-lib_strcpy.o)
                0x00000000080095f2                strcpy
 .text.sem_init
                0x0000000008009600       0x1e /Users/Oskar/CARTUM/Codigo_px4/ardupilot/modules/PX4Firmware/Build/px4io-v2_default.build/nuttx-export/libs/libnuttx.a(c-sem_init.o)
                0x0000000008009600                sem_init
 .text.sq_remfirst
                0x000000000800961e       0x14 /Users/Oskar/CARTUM/Codigo_px4/ardupilot/modules/PX4Firmware/Build/px4io-v2_default.build/nuttx-export/libs/libnuttx.a(c-sq_remfirst.o)
                0x000000000800961e                sq_remfirst
 .text.mm_addfreechunk
                0x0000000008009632       0x36 /Users/Oskar/CARTUM/Codigo_px4/ardupilot/modules/PX4Firmware/Build/px4io-v2_default.build/nuttx-export/libs/libnuttx.a(mm-mm_addfreechunk.o)
                0x0000000008009632                mm_addfreechunk
 .text.mm_addregion
                0x0000000008009668       0x50 /Users/Oskar/CARTUM/Codigo_px4/ardupilot/modules/PX4Firmware/Build/px4io-v2_default.build/nuttx-export/libs/libnuttx.a(mm-mm_initialize.o)
                0x0000000008009668                mm_addregion
 .text.mm_initialize
                0x00000000080096b8       0x40 /Users/Oskar/CARTUM/Codigo_px4/ardupilot/modules/PX4Firmware/Build/px4io-v2_default.build/nuttx-export/libs/libnuttx.a(mm-mm_initialize.o)
                0x00000000080096b8                mm_initialize
 .text.up_allocate_heap
                0x00000000080096f8       0x14 /Users/Oskar/CARTUM/Codigo_px4/ardupilot/modules/PX4Firmware/Build/px4io-v2_default.build/nuttx-export/libs/libnuttx.a(arch-stm32_allocateheap.o)
                0x00000000080096f8                up_allocate_heap
 .text.up_idle  0x000000000800970c        0x4 /Users/Oskar/CARTUM/Codigo_px4/ardupilot/modules/PX4Firmware/Build/px4io-v2_default.build/nuttx-export/libs/libnuttx.a(arch-stm32_idle.o)
                0x000000000800970c                up_idle
 .text.up_lowputc
                0x0000000008009710       0x18 /Users/Oskar/CARTUM/Codigo_px4/ardupilot/modules/PX4Firmware/Build/px4io-v2_default.build/nuttx-export/libs/libnuttx.a(arch-stm32_lowputc.o)
                0x0000000008009710                up_lowputc
 .text.stm32_lowsetup
                0x0000000008009728       0x6c /Users/Oskar/CARTUM/Codigo_px4/ardupilot/modules/PX4Firmware/Build/px4io-v2_default.build/nuttx-export/libs/libnuttx.a(arch-stm32_lowputc.o)
                0x0000000008009728                stm32_lowsetup
 .text.stm32_clockconfig
                0x0000000008009794       0xe8 /Users/Oskar/CARTUM/Codigo_px4/ardupilot/modules/PX4Firmware/Build/px4io-v2_default.build/nuttx-export/libs/libnuttx.a(arch-stm32_rcc.o)
                0x0000000008009794                stm32_clockconfig
 .text.up_block_task
                0x000000000800987c       0x74 /Users/Oskar/CARTUM/Codigo_px4/ardupilot/modules/PX4Firmware/Build/px4io-v2_default.build/nuttx-export/libs/libnuttx.a(arch-up_blocktask.o)
                0x000000000800987c                up_block_task
 .text.up_copystate
                0x00000000080098f0       0x12 /Users/Oskar/CARTUM/Codigo_px4/ardupilot/modules/PX4Firmware/Build/px4io-v2_default.build/nuttx-export/libs/libnuttx.a(arch-up_copystate.o)
                0x00000000080098f0                up_copystate
 .text          0x0000000008009902       0x5e /Users/Oskar/CARTUM/Codigo_px4/ardupilot/modules/PX4Firmware/Build/px4io-v2_default.build/nuttx-export/libs/libnuttx.a(arch-up_exception.o)
                0x0000000008009902                exception_common
 .text._exit    0x0000000008009960       0x1c /Users/Oskar/CARTUM/Codigo_px4/ardupilot/modules/PX4Firmware/Build/px4io-v2_default.build/nuttx-export/libs/libnuttx.a(arch-up_exit.o)
                0x0000000008009960                _exit
 .text          0x000000000800997c        0xa /Users/Oskar/CARTUM/Codigo_px4/ardupilot/modules/PX4Firmware/Build/px4io-v2_default.build/nuttx-export/libs/libnuttx.a(arch-up_fullcontextrestore.o)
                0x000000000800997c                up_fullcontextrestore
 *fill*         0x0000000008009986        0x2 
 .text.up_initialize
                0x0000000008009988       0x28 /Users/Oskar/CARTUM/Codigo_px4/ardupilot/modules/PX4Firmware/Build/px4io-v2_default.build/nuttx-export/libs/libnuttx.a(arch-up_initialize.o)
                0x0000000008009988                up_initialize
 .text.up_mdelay
                0x00000000080099b0       0x28 /Users/Oskar/CARTUM/Codigo_px4/ardupilot/modules/PX4Firmware/Build/px4io-v2_default.build/nuttx-export/libs/libnuttx.a(arch-up_mdelay.o)
                0x00000000080099b0                up_mdelay
 .text.up_unblock_task
                0x00000000080099d8       0x54 /Users/Oskar/CARTUM/Codigo_px4/ardupilot/modules/PX4Firmware/Build/px4io-v2_default.build/nuttx-export/libs/libnuttx.a(arch-up_unblocktask.o)
                0x00000000080099d8                up_unblock_task
 .text._files_close
                0x0000000008009a2c       0x2a /Users/Oskar/CARTUM/Codigo_px4/ardupilot/modules/PX4Firmware/Build/px4io-v2_default.build/nuttx-export/libs/libnuttx.a(fs-fs_files.o)
 *fill*         0x0000000008009a56        0x2 
 .text._files_semtake
                0x0000000008009a58       0x24 /Users/Oskar/CARTUM/Codigo_px4/ardupilot/modules/PX4Firmware/Build/px4io-v2_default.build/nuttx-export/libs/libnuttx.a(fs-fs_files.o)
 .text.files_initialize
                0x0000000008009a7c        0x2 /Users/Oskar/CARTUM/Codigo_px4/ardupilot/modules/PX4Firmware/Build/px4io-v2_default.build/nuttx-export/libs/libnuttx.a(fs-fs_files.o)
                0x0000000008009a7c                files_initialize
 .text.files_initlist
                0x0000000008009a7e        0x8 /Users/Oskar/CARTUM/Codigo_px4/ardupilot/modules/PX4Firmware/Build/px4io-v2_default.build/nuttx-export/libs/libnuttx.a(fs-fs_files.o)
                0x0000000008009a7e                files_initlist
 .text.files_releaselist
                0x0000000008009a86       0x1e /Users/Oskar/CARTUM/Codigo_px4/ardupilot/modules/PX4Firmware/Build/px4io-v2_default.build/nuttx-export/libs/libnuttx.a(fs-fs_files.o)
                0x0000000008009a86                files_releaselist
 .text.files_dup
                0x0000000008009aa4       0x84 /Users/Oskar/CARTUM/Codigo_px4/ardupilot/modules/PX4Firmware/Build/px4io-v2_default.build/nuttx-export/libs/libnuttx.a(fs-fs_files.o)
                0x0000000008009aa4                files_dup
 .text.files_allocate
                0x0000000008009b28       0x4e /Users/Oskar/CARTUM/Codigo_px4/ardupilot/modules/PX4Firmware/Build/px4io-v2_default.build/nuttx-export/libs/libnuttx.a(fs-fs_files.o)
                0x0000000008009b28                files_allocate
 .text.files_close
                0x0000000008009b76       0x3a /Users/Oskar/CARTUM/Codigo_px4/ardupilot/modules/PX4Firmware/Build/px4io-v2_default.build/nuttx-export/libs/libnuttx.a(fs-fs_files.o)
                0x0000000008009b76                files_close
 .text.files_release
                0x0000000008009bb0       0x2e /Users/Oskar/CARTUM/Codigo_px4/ardupilot/modules/PX4Firmware/Build/px4io-v2_default.build/nuttx-export/libs/libnuttx.a(fs-fs_files.o)
                0x0000000008009bb0                files_release
 .text.inode_addref
                0x0000000008009bde       0x1a /Users/Oskar/CARTUM/Codigo_px4/ardupilot/modules/PX4Firmware/Build/px4io-v2_default.build/nuttx-export/libs/libnuttx.a(fs-fs_inodeaddref.o)
                0x0000000008009bde                inode_addref
 .text.inode_find
                0x0000000008009bf8       0x34 /Users/Oskar/CARTUM/Codigo_px4/ardupilot/modules/PX4Firmware/Build/px4io-v2_default.build/nuttx-export/libs/libnuttx.a(fs-fs_inodefind.o)
                0x0000000008009bf8                inode_find
 .text.inode_release
                0x0000000008009c2c       0x3e /Users/Oskar/CARTUM/Codigo_px4/ardupilot/modules/PX4Firmware/Build/px4io-v2_default.build/nuttx-export/libs/libnuttx.a(fs-fs_inoderelease.o)
                0x0000000008009c2c                inode_release
 .text.register_driver
                0x0000000008009c6a       0x32 /Users/Oskar/CARTUM/Codigo_px4/ardupilot/modules/PX4Firmware/Build/px4io-v2_default.build/nuttx-export/libs/libnuttx.a(fs-fs_registerdriver.o)
                0x0000000008009c6a                register_driver
 .text.group_leave
                0x0000000008009c9c       0x26 /Users/Oskar/CARTUM/Codigo_px4/ardupilot/modules/PX4Firmware/Build/px4io-v2_default.build/nuttx-export/libs/libnuttx.a(sched-group_leave.o)
                0x0000000008009c9c                group_leave
 *fill*         0x0000000008009cc2        0x2 
 .text.group_setupidlefiles
                0x0000000008009cc4       0x38 /Users/Oskar/CARTUM/Codigo_px4/ardupilot/modules/PX4Firmware/Build/px4io-v2_default.build/nuttx-export/libs/libnuttx.a(sched-group_setupidlefiles.o)
                0x0000000008009cc4                group_setupidlefiles
 .text.os_bringup
                0x0000000008009cfc       0x34 /Users/Oskar/CARTUM/Codigo_px4/ardupilot/modules/PX4Firmware/Build/px4io-v2_default.build/nuttx-export/libs/libnuttx.a(sched-os_bringup.o)
                0x0000000008009cfc                os_bringup
 .text.sched_addblocked
                0x0000000008009d30       0x38 /Users/Oskar/CARTUM/Codigo_px4/ardupilot/modules/PX4Firmware/Build/px4io-v2_default.build/nuttx-export/libs/libnuttx.a(sched-sched_addblocked.o)
                0x0000000008009d30                sched_addblocked
 .text.sched_addprioritized
                0x0000000008009d68       0x54 /Users/Oskar/CARTUM/Codigo_px4/ardupilot/modules/PX4Firmware/Build/px4io-v2_default.build/nuttx-export/libs/libnuttx.a(sched-sched_addprioritized.o)
                0x0000000008009d68                sched_addprioritized
 .text.sched_addreadytorun
                0x0000000008009dbc       0x60 /Users/Oskar/CARTUM/Codigo_px4/ardupilot/modules/PX4Firmware/Build/px4io-v2_default.build/nuttx-export/libs/libnuttx.a(sched-sched_addreadytorun.o)
                0x0000000008009dbc                sched_addreadytorun
 .text.sched_removeblocked
                0x0000000008009e1c       0x2c /Users/Oskar/CARTUM/Codigo_px4/ardupilot/modules/PX4Firmware/Build/px4io-v2_default.build/nuttx-export/libs/libnuttx.a(sched-sched_removeblocked.o)
                0x0000000008009e1c                sched_removeblocked
 .text.sched_removereadytorun
                0x0000000008009e48       0x38 /Users/Oskar/CARTUM/Codigo_px4/ardupilot/modules/PX4Firmware/Build/px4io-v2_default.build/nuttx-export/libs/libnuttx.a(sched-sched_removereadytorun.o)
                0x0000000008009e48                sched_removereadytorun
 .text.sem_destroy
                0x0000000008009e80       0x26 /Users/Oskar/CARTUM/Codigo_px4/ardupilot/modules/PX4Firmware/Build/px4io-v2_default.build/nuttx-export/libs/libnuttx.a(sched-sem_destroy.o)
                0x0000000008009e80                sem_destroy
 *fill*         0x0000000008009ea6        0x2 
 .text.task_exit
                0x0000000008009ea8       0x4c /Users/Oskar/CARTUM/Codigo_px4/ardupilot/modules/PX4Firmware/Build/px4io-v2_default.build/nuttx-export/libs/libnuttx.a(sched-task_exit.o)
                0x0000000008009ea8                task_exit
 .text.dq_addlast
                0x0000000008009ef4       0x18 /Users/Oskar/CARTUM/Codigo_px4/ardupilot/modules/PX4Firmware/Build/px4io-v2_default.build/nuttx-export/libs/libnuttx.a(c-dq_addlast.o)
                0x0000000008009ef4                dq_addlast
 .text.up_timerisr
                0x0000000008009f0c        0xa /Users/Oskar/CARTUM/Codigo_px4/ardupilot/modules/PX4Firmware/Build/px4io-v2_default.build/nuttx-export/libs/libnuttx.a(arch-stm32_timerisr.o)
                0x0000000008009f0c                up_timerisr
 *fill*         0x0000000008009f16        0x2 
 .text.up_timerinit
                0x0000000008009f18       0x40 /Users/Oskar/CARTUM/Codigo_px4/ardupilot/modules/PX4Firmware/Build/px4io-v2_default.build/nuttx-export/libs/libnuttx.a(arch-stm32_timerisr.o)
                0x0000000008009f18                up_timerinit
 .text.up_doirq
                0x0000000008009f58       0x2c /Users/Oskar/CARTUM/Codigo_px4/ardupilot/modules/PX4Firmware/Build/px4io-v2_default.build/nuttx-export/libs/libnuttx.a(arch-up_doirq.o)
                0x0000000008009f58                up_doirq
 .text.close    0x0000000008009f84       0x26 /Users/Oskar/CARTUM/Codigo_px4/ardupilot/modules/PX4Firmware/Build/px4io-v2_default.build/nuttx-export/libs/libnuttx.a(fs-fs_close.o)
                0x0000000008009f84                close
 .text.dup2     0x0000000008009faa       0x4a /Users/Oskar/CARTUM/Codigo_px4/ardupilot/modules/PX4Firmware/Build/px4io-v2_default.build/nuttx-export/libs/libnuttx.a(fs-fs_filedup2.o)
                0x0000000008009faa                dup2
 .text.fs_initialize
                0x0000000008009ff4       0x20 /Users/Oskar/CARTUM/Codigo_px4/ardupilot/modules/PX4Firmware/Build/px4io-v2_default.build/nuttx-export/libs/libnuttx.a(fs-fs_inode.o)
                0x0000000008009ff4                fs_initialize
 .text.inode_semtake
                0x000000000800a014       0x28 /Users/Oskar/CARTUM/Codigo_px4/ardupilot/modules/PX4Firmware/Build/px4io-v2_default.build/nuttx-export/libs/libnuttx.a(fs-fs_inode.o)
                0x000000000800a014                inode_semtake
 .text.inode_semgive
                0x000000000800a03c        0xc /Users/Oskar/CARTUM/Codigo_px4/ardupilot/modules/PX4Firmware/Build/px4io-v2_default.build/nuttx-export/libs/libnuttx.a(fs-fs_inode.o)
                0x000000000800a03c                inode_semgive
 .text.inode_free
                0x000000000800a048       0x1e /Users/Oskar/CARTUM/Codigo_px4/ardupilot/modules/PX4Firmware/Build/px4io-v2_default.build/nuttx-export/libs/libnuttx.a(fs-fs_inode.o)
                0x000000000800a048                inode_free
 .text.inode_nextname
                0x000000000800a066       0x12 /Users/Oskar/CARTUM/Codigo_px4/ardupilot/modules/PX4Firmware/Build/px4io-v2_default.build/nuttx-export/libs/libnuttx.a(fs-fs_inode.o)
                0x000000000800a066                inode_nextname
 .text.inode_search
                0x000000000800a078       0xa0 /Users/Oskar/CARTUM/Codigo_px4/ardupilot/modules/PX4Firmware/Build/px4io-v2_default.build/nuttx-export/libs/libnuttx.a(fs-fs_inode.o)
                0x000000000800a078                inode_search
 .text.inode_alloc
                0x000000000800a118       0x3c /Users/Oskar/CARTUM/Codigo_px4/ardupilot/modules/PX4Firmware/Build/px4io-v2_default.build/nuttx-export/libs/libnuttx.a(fs-fs_inodereserve.o)
 .text.inode_reserve
                0x000000000800a154       0xa4 /Users/Oskar/CARTUM/Codigo_px4/ardupilot/modules/PX4Firmware/Build/px4io-v2_default.build/nuttx-export/libs/libnuttx.a(fs-fs_inodereserve.o)
                0x000000000800a154                inode_reserve
 .text.irq_dispatch
                0x000000000800a1f8       0x24 /Users/Oskar/CARTUM/Codigo_px4/ardupilot/modules/PX4Firmware/Build/px4io-v2_default.build/nuttx-export/libs/libnuttx.a(sched-irq_dispatch.o)
                0x000000000800a1f8                irq_dispatch
 .text.sched_process_timer
                0x000000000800a21c       0x1c /Users/Oskar/CARTUM/Codigo_px4/ardupilot/modules/PX4Firmware/Build/px4io-v2_default.build/nuttx-export/libs/libnuttx.a(sched-sched_processtimer.o)
                0x000000000800a21c                sched_process_timer
 .text          0x000000000800a238       0x18 /usr/local/Cellar/gcc-arm-none-eabi/20140805/bin/../lib/gcc/arm-none-eabi/4.8.4/armv7-m/libgcc.a(_lshrdi3.o)
                0x000000000800a238                __aeabi_llsr
                0x000000000800a238                __lshrdi3
 .text          0x000000000800a250      0x21c /usr/local/Cellar/gcc-arm-none-eabi/20140805/bin/../lib/gcc/arm-none-eabi/4.8.4/armv7-m/libgcc.a(_arm_addsubsf3.o)
                0x000000000800a250                __aeabi_frsub
                0x000000000800a258                __aeabi_fsub
                0x000000000800a258                __subsf3
                0x000000000800a25c                __aeabi_fadd
                0x000000000800a25c                __addsf3
                0x000000000800a3bc                __aeabi_ui2f
                0x000000000800a3bc                __floatunsisf
                0x000000000800a3c4                __floatsisf
                0x000000000800a3c4                __aeabi_i2f
                0x000000000800a3e0                __aeabi_ul2f
                0x000000000800a3e0                __floatundisf
                0x000000000800a3f0                __aeabi_l2f
                0x000000000800a3f0                __floatdisf
 .text          0x000000000800a46c      0x2a0 /usr/local/Cellar/gcc-arm-none-eabi/20140805/bin/../lib/gcc/arm-none-eabi/4.8.4/armv7-m/libgcc.a(_arm_muldivsf3.o)
                0x000000000800a46c                __mulsf3
                0x000000000800a46c                __aeabi_fmul
                0x000000000800a5d4                __divsf3
                0x000000000800a5d4                __aeabi_fdiv
 .text          0x000000000800a70c       0xec /usr/local/Cellar/gcc-arm-none-eabi/20140805/bin/../lib/gcc/arm-none-eabi/4.8.4/armv7-m/libgcc.a(_arm_cmpsf2.o)
                0x000000000800a70c                __gesf2
                0x000000000800a70c                __gtsf2
                0x000000000800a714                __ltsf2
                0x000000000800a714                __lesf2
                0x000000000800a71c                __nesf2
                0x000000000800a71c                __eqsf2
                0x000000000800a71c                __cmpsf2
                0x000000000800a77c                __aeabi_cfrcmple
                0x000000000800a784                __aeabi_cfcmpeq
                0x000000000800a784                __aeabi_cfcmple
                0x000000000800a794                __aeabi_fcmpeq
                0x000000000800a7a8                __aeabi_fcmplt
                0x000000000800a7bc                __aeabi_fcmple
                0x000000000800a7d0                __aeabi_fcmpge
                0x000000000800a7e4                __aeabi_fcmpgt
 .text          0x000000000800a7f8       0x2c /usr/local/Cellar/gcc-arm-none-eabi/20140805/bin/../lib/gcc/arm-none-eabi/4.8.4/armv7-m/libgcc.a(_arm_unordsf2.o)
                0x000000000800a7f8                __aeabi_fcmpun
                0x000000000800a7f8                __unordsf2
 .text          0x000000000800a824       0x4c /usr/local/Cellar/gcc-arm-none-eabi/20140805/bin/../lib/gcc/arm-none-eabi/4.8.4/armv7-m/libgcc.a(_arm_fixsfsi.o)
                0x000000000800a824                __fixsfsi
                0x000000000800a824                __aeabi_f2iz
 .text          0x000000000800a870       0x40 /usr/local/Cellar/gcc-arm-none-eabi/20140805/bin/../lib/gcc/arm-none-eabi/4.8.4/armv7-m/libgcc.a(_arm_fixunssfsi.o)
                0x000000000800a870                __aeabi_f2uiz
                0x000000000800a870                __fixunssfsi
 .text          0x000000000800a8b0       0x2c /usr/local/Cellar/gcc-arm-none-eabi/20140805/bin/../lib/gcc/arm-none-eabi/4.8.4/armv7-m/libgcc.a(_aeabi_uldivmod.o)
                0x000000000800a8b0                __aeabi_uldivmod
 .text          0x000000000800a8dc       0x60 /usr/local/Cellar/gcc-arm-none-eabi/20140805/bin/../lib/gcc/arm-none-eabi/4.8.4/armv7-m/libgcc.a(bpabi.o)
                0x000000000800a8dc                __gnu_ldivmod_helper
                0x000000000800a90c                __gnu_uldivmod_helper
 .text          0x000000000800a93c        0x4 /usr/local/Cellar/gcc-arm-none-eabi/20140805/bin/../lib/gcc/arm-none-eabi/4.8.4/armv7-m/libgcc.a(_dvmd_tls.o)
                0x000000000800a93c                __aeabi_ldiv0
                0x000000000800a93c                __aeabi_idiv0
 .text          0x000000000800a940      0x2a0 /usr/local/Cellar/gcc-arm-none-eabi/20140805/bin/../lib/gcc/arm-none-eabi/4.8.4/armv7-m/libgcc.a(_divdi3.o)
                0x000000000800a940                __divdi3
 .text          0x000000000800abe0      0x290 /usr/local/Cellar/gcc-arm-none-eabi/20140805/bin/../lib/gcc/arm-none-eabi/4.8.4/armv7-m/libgcc.a(_udivdi3.o)
                0x000000000800abe0                __udivdi3
 *(.fixup)
 *(.gnu.warning)
 *(.rodata .rodata.*)
 .rodata.pwm_channels
                0x000000000800ae70       0x40 /Users/Oskar/CARTUM/Codigo_px4/ardupilot/modules/PX4Firmware/Build/px4io-v2_default.build//Users/Oskar/CARTUM/Codigo_px4/ardupilot/modules/PX4Firmware/src/drivers/boards/px4io-v2/module.pre.o
                0x000000000800ae70                pwm_channels
 .rodata.pwm_timers
                0x000000000800aeb0       0x40 /Users/Oskar/CARTUM/Codigo_px4/ardupilot/modules/PX4Firmware/Build/px4io-v2_default.build//Users/Oskar/CARTUM/Codigo_px4/ardupilot/modules/PX4Firmware/src/drivers/boards/px4io-v2/module.pre.o
                0x000000000800aeb0                pwm_timers
 .rodata.latency_buckets
                0x000000000800aef0       0x10 /Users/Oskar/CARTUM/Codigo_px4/ardupilot/modules/PX4Firmware/Build/px4io-v2_default.build//Users/Oskar/CARTUM/Codigo_px4/ardupilot/modules/PX4Firmware/src/drivers/stm32/module.pre.o
                0x000000000800aef0                latency_buckets
 .rodata.str1.4
                0x000000000800af00      0x5c8 /Users/Oskar/CARTUM/Codigo_px4/ardupilot/modules/PX4Firmware/Build/px4io-v2_default.build//Users/Oskar/CARTUM/Codigo_px4/ardupilot/modules/PX4Firmware/src/modules/px4iofirmware/module.pre.o
 .rodata.r_page_config
                0x000000000800b4c8       0x14 /Users/Oskar/CARTUM/Codigo_px4/ardupilot/modules/PX4Firmware/Build/px4io-v2_default.build//Users/Oskar/CARTUM/Codigo_px4/ardupilot/modules/PX4Firmware/src/modules/px4iofirmware/module.pre.o
 .rodata.sbus_decoder